Component: ARM Compiler 5.06 update 6 (build 750) Tool: armlink [4d35ed]

==============================================================================

Section Cross References

    main.o(.text) refers to delay.o(.text) for delay_init
    main.o(.text) refers to misc.o(.text) for NVIC_PriorityGroupConfig
    main.o(.text) refers to led.o(.text) for LED_Init
    main.o(.text) refers to processw5300.o(.text) for reset5300
    main.o(.text) refers to sram.o(.text) for FSMC_SRAM_Init
    main.o(.text) refers to lwip_comm.o(.text) for lwip_comm_init
    main.o(.text) refers to timer.o(.text) for TIM3_Int_Init
    main.o(.text) refers to udp_demo.o(.text) for udp_XiaWeiJi_test
    main.o(.text) refers to stm32f4xx_tim.o(.text) for TIM_Cmd
    main.o(.text) refers to main.o(.data) for .data
    main.o(.text) refers to udp_demo.o(.data) for udp_XiaWeiJi_pcb
    main.o(.text) refers to processw5300.o(.data) for traning2
    stm32f4xx_it.o(.text) refers to stm32f4xx_it.o(.data) for .data
    system_stm32f4xx.o(.text) refers to system_stm32f4xx.o(.data) for .data
    lwip_comm.o(.text) refers to malloc.o(.text) for myfree
    lwip_comm.o(.text) refers to memp.o(.text) for memp_get_memorysize
    lwip_comm.o(.text) refers to lan8720.o(.text) for ETH_Mem_Malloc
    lwip_comm.o(.text) refers to init.o(.text) for lwip_init
    lwip_comm.o(.text) refers to netif.o(.text) for netif_add
    lwip_comm.o(.text) refers to ethernetif.o(.text) for ethernetif_input
    lwip_comm.o(.text) refers to etharp.o(.text) for etharp_tmr
    lwip_comm.o(.text) refers to memp.o(.data) for memp_memory
    lwip_comm.o(.text) refers to mem.o(.data) for ram_heap
    lwip_comm.o(.text) refers to lwip_comm.o(.bss) for .bss
    lwip_comm.o(.text) refers to lwip_comm.o(.data) for .data
    udp_demo.o(.text) refers to memcpya.o(.text) for __aeabi_memcpy
    udp_demo.o(.text) refers to pbuf.o(.text) for pbuf_free
    udp_demo.o(.text) refers to udp.o(.text) for udp_new
    udp_demo.o(.text) refers to processw5300.o(.data) for traning1
    udp_demo.o(.text) refers to udp_demo.o(.data) for .data
    udp_demo.o(.text) refers to main.o(.bss) for T_XiaWeiJi_A
    udp_demo.o(.text) refers to main.o(.data) for A_Remain
    udp_demo.o(.text) refers to main.o(.data) for B_Remain
    udp_demo.o(.text) refers to main.o(.bss) for T_XiaWeiJi_C
    udp_demo.o(.text) refers to main.o(.data) for C_Remain
    udp_demo.o(.text) refers to main.o(.bss) for T_XiaWeiJi_A2
    udp_demo.o(.text) refers to main.o(.data) for A2_Remain
    udp_demo.o(.text) refers to main.o(.bss) for T_XiaWeiJi_C2
    udp_demo.o(.text) refers to main.o(.data) for C2_Remain
    udp_demo.o(.text) refers to lwip_comm.o(.bss) for lwipdev
    udp_demo.o(.text) refers to ip_addr.o(.constdata) for ip_addr_any
    udp_demo.o(.text) refers to main.o(.data) for T_DATABUF
    led.o(.text) refers to stm32f4xx_rcc.o(.text) for RCC_AHB1PeriphClockCmd
    led.o(.text) refers to stm32f4xx_gpio.o(.text) for GPIO_Init
    timer.o(.text) refers to stm32f4xx_rcc.o(.text) for RCC_APB1PeriphClockCmd
    timer.o(.text) refers to stm32f4xx_tim.o(.text) for TIM_TimeBaseInit
    timer.o(.text) refers to misc.o(.text) for NVIC_Init
    timer.o(.text) refers to processw5300.o(.text) for S0_tx
    timer.o(.text) refers to lwip_comm.o(.data) for lwip_localtime
    lan8720.o(.text) refers to stm32f4xx_rcc.o(.text) for RCC_AHB1PeriphClockCmd
    lan8720.o(.text) refers to stm32f4x7_eth.o(.text) for ETH_DeInit
    lan8720.o(.text) refers to stm32f4xx_syscfg.o(.text) for SYSCFG_ETH_MediaInterfaceConfig
    lan8720.o(.text) refers to stm32f4xx_gpio.o(.text) for GPIO_Init
    lan8720.o(.text) refers to delay.o(.text) for delay_ms
    lan8720.o(.text) refers to misc.o(.text) for NVIC_Init
    lan8720.o(.text) refers to lwip_comm.o(.text) for lwip_pkt_handle
    lan8720.o(.text) refers to malloc.o(.text) for myfree
    lan8720.o(.text) refers to stm32f4x7_eth.o(.data) for DMARxDescToGet
    lan8720.o(.text) refers to lan8720.o(.data) for .data
    sram.o(.text) refers to stm32f4xx_rcc.o(.text) for RCC_AHB1PeriphClockCmd
    sram.o(.text) refers to misc.o(.text) for NVIC_Init
    sram.o(.text) refers to stm32f4xx_fsmc.o(.text) for FSMC_ITConfig
    sram.o(.text) refers to stm32f4xx_gpio.o(.text) for GPIO_Init
    sram.o(.text) refers to sram.o(.data) for .data
    usart.o(.text) refers to stm32f4xx_rcc.o(.text) for RCC_AHB1PeriphClockCmd
    usart.o(.text) refers to stm32f4xx_gpio.o(.text) for GPIO_PinAFConfig
    usart.o(.text) refers to stm32f4xx_usart.o(.text) for USART_Init
    usart.o(.text) refers to misc.o(.text) for NVIC_Init
    usart.o(.text) refers to usart.o(.data) for .data
    usart.o(.text) refers to usart.o(.bss) for .bss
    processw5300.o(.text) refers to delay.o(.text) for delay_ms
    processw5300.o(.text) refers to stm32f4xx_gpio.o(.text) for GPIO_ResetBits
    processw5300.o(.text) refers to processw5300.o(.data) for .data
    processw5300.o(.text) refers to processw5300.o(.bss) for .bss
[...]
    _printf_llo                              0x00000000   Number         0  stubs.o ABSOLUTE
    _printf_llu                              0x00000000   Number         0  stubs.o ABSOLUTE
    _printf_llx                              0x00000000   Number         0  stubs.o ABSOLUTE
    _printf_longlong_dec                     0x00000000   Number         0  stubs.o ABSOLUTE
    _printf_longlong_hex                     0x00000000   Number         0  stubs.o ABSOLUTE
    _printf_longlong_oct                     0x00000000   Number         0  stubs.o ABSOLUTE
    _printf_ls                               0x00000000   Number         0  stubs.o ABSOLUTE
    _printf_mbtowc                           0x00000000   Number         0  stubs.o ABSOLUTE
    _printf_n                                0x00000000   Number         0  stubs.o ABSOLUTE
    _printf_o                                0x00000000   Number         0  stubs.o ABSOLUTE
    _printf_p                                0x00000000   Number         0  stubs.o ABSOLUTE
    _printf_percent                          0x00000000   Number         0  stubs.o ABSOLUTE
    _printf_pre_padding                      0x00000000   Number         0  stubs.o ABSOLUTE
    _printf_return_value                     0x00000000   Number         0  stubs.o ABSOLUTE
    _printf_s                                0x00000000   Number         0  stubs.o ABSOLUTE
    _printf_sizespec                         0x00000000   Number         0  stubs.o ABSOLUTE
    _printf_str                              0x00000000   Number         0  stubs.o ABSOLUTE
    _printf_truncate_signed                  0x00000000   Number         0  stubs.o ABSOLUTE
    _printf_truncate_unsigned                0x00000000   Number         0  stubs.o ABSOLUTE
    _printf_u                                0x00000000   Number         0  stubs.o ABSOLUTE
    _printf_wc                               0x00000000   Number         0  stubs.o ABSOLUTE
    _printf_wctomb                           0x00000000   Number         0  stubs.o ABSOLUTE
    _printf_widthprec                        0x00000000   Number         0  stubs.o ABSOLUTE
    _printf_x                                0x00000000   Number         0  stubs.o ABSOLUTE
    __cpp_initialize__aeabi_                  - Undefined Weak Reference
    __cxa_finalize                            - Undefined Weak Reference
    _clock_init                               - Undefined Weak Reference
    _microlib_exit                            - Undefined Weak Reference
    __Vectors_Size                           0x00000188   Number         0  startup_stm32f40_41xxx.o ABSOLUTE
    __Vectors                                0x08000000   Data           4  startup_stm32f40_41xxx.o(RESET)
    __Vectors_End                            0x08000188   Data           0  startup_stm32f40_41xxx.o(RESET)
    __main                                   0x08000189   Thumb Code     0  entry.o(.ARM.Collect$$$$00000000)
    _main_stk                                0x08000189   Thumb Code     0  entry2.o(.ARM.Collect$$$$00000001)
    _main_scatterload                        0x0800018d   Thumb Code     0  entry5.o(.ARM.Collect$$$$00000004)
    __main_after_scatterload                 0x08000191   Thumb Code     0  entry5.o(.ARM.Collect$$$$00000004)
    _main_clock                              0x08000191   Thumb Code     0  entry7b.o(.ARM.Collect$$$$00000008)
    _main_cpp_init                           0x08000191   Thumb Code     0  entry8b.o(.ARM.Collect$$$$0000000A)
    _main_init                               0x08000191   Thumb Code     0  entry9a.o(.ARM.Collect$$$$0000000B)
    __rt_final_cpp                           0x08000199   Thumb Code     0  entry10a.o(.ARM.Collect$$$$0000000D)
    __rt_final_exit                          0x08000199   Thumb Code     0  entry11a.o(.ARM.Collect$$$$0000000F)
    main                                     0x0800019d   Thumb Code   300  main.o(.text)
    NMI_Handler                              0x080002e1   Thumb Code     2  stm32f4xx_it.o(.text)
    HardFault_Handler                        0x080002e3   Thumb Code     2  stm32f4xx_it.o(.text)
    MemManage_Handler                        0x080002e5   Thumb Code     2  stm32f4xx_it.o(.text)
    BusFault_Handler                         0x080002e7   Thumb Code     2  stm32f4xx_it.o(.text)
    UsageFault_Handler                       0x080002e9   Thumb Code     2  stm32f4xx_it.o(.text)
    SVC_Handler                              0x080002eb   Thumb Code     2  stm32f4xx_it.o(.text)
    DebugMon_Handler                         0x080002ed   Thumb Code     2  stm32f4xx_it.o(.text)
    PendSV_Handler                           0x080002ef   Thumb Code     2  stm32f4xx_it.o(.text)
    SysTick_Handler                          0x080002f1   Thumb Code    10  stm32f4xx_it.o(.text)
    SystemInit                               0x080003a3   Thumb Code    74  system_stm32f4xx.o(.text)
    SystemCoreClockUpdate                    0x080003ed   Thumb Code   108  system_stm32f4xx.o(.text)
    lwip_comm_mem_free                       0x0800047d   Thumb Code    26  lwip_comm.o(.text)
    lwip_comm_mem_malloc                     0x08000497   Thumb Code    50  lwip_comm.o(.text)
    lwip_comm_default_ip_set                 0x080004c9   Thumb Code    74  lwip_comm.o(.text)
    lwip_comm_init                           0x08000513   Thumb Code   126  lwip_comm.o(.text)
    lwip_pkt_handle                          0x08000591   Thumb Code     8  lwip_comm.o(.text)
    lwip_periodic_handle                     0x08000599   Thumb Code    24  lwip_comm.o(.text)
    udp_XiaWeiJi_recv                        0x080005cd   Thumb Code   360  udp_demo.o(.text)
    udp_XiaWeiJi_test                        0x08000735   Thumb Code    78  udp_demo.o(.text)
    udp_XiaWeiJi_senddata                    0x08000783   Thumb Code    42  udp_demo.o(.text)
    udp_XiaWeiJi_connection_close            0x080007ad   Thumb Code    26  udp_demo.o(.text)
    LED_Init                                 0x08000815   Thumb Code   140  led.o(.text)
    TIM3_Int_Init                            0x080008ad   Thumb Code    88  timer.o(.text)
    TIM5_Int_Init                            0x08000905   Thumb Code    78  timer.o(.text)
    TIM7_Int_Init                            0x08000953   Thumb Code    86  timer.o(.text)
    TIM3_IRQHandler                          0x080009a9   Thumb Code    36  timer.o(.text)
    TIM5_IRQHandler                          0x080009cd   Thumb Code    46  timer.o(.text)
    TIM7_IRQHandler                          0x080009fb   Thumb Code    24  timer.o(.text)
    ETH_MACDMA_Config                        0x08000a29   Thumb Code   128  lan8720.o(.text)
    LAN8720_Init                             0x08000aa9   Thumb Code   266  lan8720.o(.text)
    LAN8720_Get_Speed                        0x08000bb3   Thumb Code    16  lan8720.o(.text)
    ETH_IRQHandler                           0x08000bc3   Thumb Code    38  lan8720.o(.text)
    ETH_Rx_Packet                            0x08000be9   Thumb Code    80  lan8720.o(.text)
    ETH_Tx_Packet                            0x08000c39   Thumb Code    60  lan8720.o(.text)
    ETH_GetCurrentTxBuffer                   0x08000c75   Thumb Code     8  lan8720.o(.text)
    ETH_Mem_Free                             0x08000c7d   Thumb Code    40  lan8720.o(.text)
    ETH_Mem_Malloc                           0x08000ca5   Thumb Code    74  lan8720.o(.text)
    FSMC_SRAM_Init                           0x08000d19   Thumb Code   734  sram.o(.text)
    FSMC_IRQHandler                          0x08000ff7   Thumb Code    30  sram.o(.text)
    _sys_exit                                0x08001029   Thumb Code     2  usart.o(.text)
    fputc                                    0x0800102b   Thumb Code    14  usart.o(.text)
    uart_init                                0x08001039   Thumb Code   172  usart.o(.text)
    USART1_IRQHandler                        0x080010e5   Thumb Code    88  usart.o(.text)
    W5300_Config                             0x0800114d   Thumb Code   156  processw5300.o(.text)
    Read_IR                                  0x080011e9   Thumb Code    32  processw5300.o(.text)
    Socket0_UDP                              0x08001209   Thumb Code    98  processw5300.o(.text)
    Detect_State                             0x0800126b   Thumb Code     8  processw5300.o(.text)
    S0_rx                                    0x08001273   Thumb Code   102  processw5300.o(.text)
    reset5300                                0x080012d9   Thumb Code    38  processw5300.o(.text)
    S0_tx                                    0x080012ff   Thumb Code   978  processw5300.o(.text)
    Reset_Handler                            0x080016f1   Thumb Code     8  startup_stm32f40_41xxx.o(.text)
    ADC_IRQHandler                           0x0800170b   Thumb Code     0  startup_stm32f40_41xxx.o(.text)
    CAN1_RX0_IRQHandler                      0x0800170b   Thumb Code     0  startup_stm32f40_41xxx.o(.text)
    CAN1_RX1_IRQHandler                      0x0800170b   Thumb Code     0  startup_stm32f40_41xxx.o(.text)
    CAN1_SCE_IRQHandler                      0x0800170b   Thumb Code     0  startup_stm32f40_41xxx.o(.text)
    CAN1_TX_IRQHandler                       0x0800170b   Thumb Code     0  startup_stm32f40_41xxx.o(.text)
    CAN2_RX0_IRQHandler                      0x0800170b   Thumb Code     0  startup_stm32f40_41xxx.o(.text)
    CAN2_RX1_IRQHandler                      0x0800170b   Thumb Code     0  startup_stm32f40_41xxx.o(.text)
    CAN2_SCE_IRQHandler                      0x0800170b   Thumb Code     0  startup_stm32f40_41xxx.o(.text)
    CAN2_TX_IRQHandler                       0x0800170b   Thumb Code     0  startup_stm32f40_41xxx.o(.text)
    CRYP_IRQHandler                          0x0800170b   Thumb Code     0  startup_stm32f40_41xxx.o(.text)
    DCMI_IRQHandler                          0x0800170b   Thumb Code     0  startup_stm32f40_41xxx.o(.text)
    DMA1_Stream0_IRQHandler                  0x0800170b   Thumb Code     0  startup_stm32f40_41xxx.o(.text)
    DMA1_Stream1_IRQHandler                  0x0800170b   Thumb Code     0  startup_stm32f40_41xxx.o(.text)
    DMA1_Stream2_IRQHandler                  0x0800170b   Thumb Code     0  startup_stm32f40_41xxx.o(.text)
    DMA1_Stream3_IRQHandler                  0x0800170b   Thumb Code     0  startup_stm32f40_41xxx.o(.text)
    DMA1_Stream4_IRQHandler                  0x0800170b   Thumb Code     0  startup_stm32f40_41xxx.o(.text)
    DMA1_Stream5_IRQHandler                  0x0800170b   Thumb Code     0  startup_stm32f40_41xxx.o(.text)
    DMA1_Stream6_IRQHandler                  0x0800170b   Thumb Code     0  startup_stm32f40_41xxx.o(.text)
    DMA1_Stream7_IRQHandler                  0x0800170b   Thumb Code     0  startup_stm32f40_41xxx.o(.text)
    DMA2_Stream0_IRQHandler                  0x0800170b   Thumb Code     0  startup_stm32f40_41xxx.o(.text)
    DMA2_Stream1_IRQHandler                  0x0800170b   Thumb Code     0  startup_stm32f40_41xxx.o(.text)
    DMA2_Stream2_IRQHandler                  0x0800170b   Thumb Code     0  startup_stm32f40_41xxx.o(.text)
    DMA2_Stream3_IRQHandler                  0x0800170b   Thumb Code     0  startup_stm32f40_41xxx.o(.text)
    DMA2_Stream4_IRQHandler                  0x0800170b   Thumb Code     0  startup_stm32f40_41xxx.o(.text)
    DMA2_Stream5_IRQHandler                  0x0800170b   Thumb Code     0  startup_stm32f40_41xxx.o(.text)
    DMA2_Stream6_IRQHandler                  0x0800170b   Thumb Code     0  startup_stm32f40_41xxx.o(.text)
    DMA2_Stream7_IRQHandler                  0x0800170b   Thumb Code     0  startup_stm32f40_41xxx.o(.text)
    ETH_WKUP_IRQHandler                      0x0800170b   Thumb Code     0  startup_stm32f40_41xxx.o(.text)
    EXTI0_IRQHandler                         0x0800170b   Thumb Code     0  startup_stm32f40_41xxx.o(.text)
    EXTI15_10_IRQHandler                     0x0800170b   Thumb Code     0  startup_stm32f40_41xxx.o(.text)
    EXTI1_IRQHandler                         0x0800170b   Thumb Code     0  startup_stm32f40_41xxx.o(.text)
    EXTI2_IRQHandler                         0x0800170b   Thumb Code     0  startup_stm32f40_41xxx.o(.text)
    EXTI3_IRQHandler                         0x0800170b   Thumb Code     0  startup_stm32f40_41xxx.o(.text)
    EXTI4_IRQHandler                         0x0800170b   Thumb Code     0  startup_stm32f40_41xxx.o(.text)
    EXTI9_5_IRQHandler                       0x0800170b   Thumb Code     0  startup_stm32f40_41xxx.o(.text)
    FLASH_IRQHandler                         0x0800170b   Thumb Code     0  startup_stm32f40_41xxx.o(.text)
    FPU_IRQHandler                           0x0800170b   Thumb Code     0  startup_stm32f40_41xxx.o(.text)
    HASH_RNG_IRQHandler                      0x0800170b   Thumb Code     0  startup_stm32f40_41xxx.o(.text)
    I2C1_ER_IRQHandler                       0x0800170b   Thumb Code     0  startup_stm32f40_41xxx.o(.text)
    I2C1_EV_IRQHandler                       0x0800170b   Thumb Code     0  startup_stm32f40_41xxx.o(.text)
    I2C2_ER_IRQHandler                       0x0800170b   Thumb Code     0  startup_stm32f40_41xxx.o(.text)
    I2C2_EV_IRQHandler                       0x0800170b   Thumb Code     0  startup_stm32f40_41xxx.o(.text)
    I2C3_ER_IRQHandler                       0x0800170b   Thumb Code     0  startup_stm32f40_41xxx.o(.text)
    I2C3_EV_IRQHandler                       0x0800170b   Thumb Code     0  startup_stm32f40_41xxx.o(.text)
    OTG_FS_IRQHandler                        0x0800170b   Thumb Code     0  startup_stm32f40_41xxx.o(.text)
    OTG_FS_WKUP_IRQHandler                   0x0800170b   Thumb Code     0  startup_stm32f40_41xxx.o(.text)
    OTG_HS_EP1_IN_IRQHandler                 0x0800170b   Thumb Code     0  startup_stm32f40_41xxx.o(.text)
    OTG_HS_EP1_OUT_IRQHandler                0x0800170b   Thumb Code     0  startup_stm32f40_41xxx.o(.text)
    OTG_HS_IRQHandler                        0x0800170b   Thumb Code     0  startup_stm32f40_41xxx.o(.text)
    OTG_HS_WKUP_IRQHandler                   0x0800170b   Thumb Code     0  startup_stm32f40_41xxx.o(.text)
    PVD_IRQHandler                           0x0800170b   Thumb Code     0  startup_stm32f40_41xxx.o(.text)
    RCC_IRQHandler                           0x0800170b   Thumb Code     0  startup_stm32f40_41xxx.o(.text)
    RTC_Alarm_IRQHandler                     0x0800170b   Thumb Code     0  startup_stm32f40_41xxx.o(.text)
    RTC_WKUP_IRQHandler                      0x0800170b   Thumb Code     0  startup_stm32f40_41xxx.o(.text)
    SDIO_IRQHandler                          0x0800170b   Thumb Code     0  startup_stm32f40_41xxx.o(.text)
    SPI1_IRQHandler                          0x0800170b   Thumb Code     0  startup_stm32f40_41xxx.o(.text)
    SPI2_IRQHandler                          0x0800170b   Thumb Code     0  startup_stm32f40_41xxx.o(.text)
    SPI3_IRQHandler                          0x0800170b   Thumb Code     0  startup_stm32f40_41xxx.o(.text)
    TAMP_STAMP_IRQHandler                    0x0800170b   Thumb Code     0  startup_stm32f40_41xxx.o(.text)
    TIM1_BRK_TIM9_IRQHandler                 0x0800170b   Thumb Code     0  startup_stm32f40_41xxx.o(.text)
    TIM1_CC_IRQHandler                       0x0800170b   Thumb Code     0  startup_stm32f40_41xxx.o(.text)
    TIM1_TRG_COM_TIM11_IRQHandler            0x0800170b   Thumb Code     0  startup_stm32f40_41xxx.o(.text)
    TIM1_UP_TIM10_IRQHandler                 0x0800170b   Thumb Code     0  startup_stm32f40_41xxx.o(.text)
    TIM2_IRQHandler                          0x0800170b   Thumb Code     0  startup_stm32f40_41xxx.o(.text)
    TIM4_IRQHandler                          0x0800170b   Thumb Code     0  startup_stm32f40_41xxx.o(.text)
    TIM6_DAC_IRQHandler                      0x0800170b   Thumb Code     0  startup_stm32f40_41xxx.o(.text)
    TIM8_BRK_TIM12_IRQHandler                0x0800170b   Thumb Code     0  startup_stm32f40_41xxx.o(.text)
    TIM8_CC_IRQHandler                       0x0800170b   Thumb Code     0  startup_stm32f40_41xxx.o(.text)
    TIM8_TRG_COM_TIM14_IRQHandler            0x0800170b   Thumb Code     0  startup_stm32f40_41xxx.o(.text)
    TIM8_UP_TIM13_IRQHandler                 0x0800170b   Thumb Code     0  startup_stm32f40_41xxx.o(.text)
    UART4_IRQHandler                         0x0800170b   Thumb Code     0  startup_stm32f40_41xxx.o(.text)
    UART5_IRQHandler                         0x0800170b   Thumb Code     0  startup_stm32f40_41xxx.o(.text)
    USART2_IRQHandler                        0x0800170b   Thumb Code     0  startup_stm32f40_41xxx.o(.text)
    USART3_IRQHandler                        0x0800170b   Thumb Code     0  startup_stm32f40_41xxx.o(.text)
    USART6_IRQHandler                        0x0800170b   Thumb Code     0  startup_stm32f40_41xxx.o(.text)
    WWDG_IRQHandler                          0x0800170b   Thumb Code     0  startup_stm32f40_41xxx.o(.text)
    NVIC_PriorityGroupConfig                 0x08001715   Thumb Code    10  misc.o(.text)
    NVIC_Init                                0x0800171f   Thumb Code    96  misc.o(.text)
    NVIC_SetVectorTable                      0x0800177f   Thumb Code    14  misc.o(.text)
    NVIC_SystemLPConfig                      0x0800178d   Thumb Code    20  misc.o(.text)
    SysTick_CLKSourceConfig                  0x080017a1   Thumb Code    24  misc.o(.text)
    GPIO_DeInit                              0x080017c5   Thumb Code   216  stm32f4xx_gpio.o(.text)
    GPIO_Init                                0x0800189d   Thumb Code   162  stm32f4xx_gpio.o(.text)
    GPIO_StructInit                          0x0800193f   Thumb Code    18  stm32f4xx_gpio.o(.text)
    GPIO_PinLockConfig                       0x08001951   Thumb Code    24  stm32f4xx_gpio.o(.text)
    GPIO_ReadInputDataBit                    0x08001969   Thumb Code    14  stm32f4xx_gpio.o(.text)
    GPIO_ReadInputData                       0x08001977   Thumb Code     6  stm32f4xx_gpio.o(.text)
    GPIO_ReadOutputDataBit                   0x0800197d   Thumb Code    14  stm32f4xx_gpio.o(.text)
    GPIO_ReadOutputData                      0x0800198b   Thumb Code     6  stm32f4xx_gpio.o(.text)
    GPIO_SetBits                             0x08001991   Thumb Code     4  stm32f4xx_gpio.o(.text)
    GPIO_ResetBits                           0x08001995   Thumb Code     4  stm32f4xx_gpio.o(.text)
    GPIO_WriteBit                            0x08001999   Thumb Code    10  stm32f4xx_gpio.o(.text)
    GPIO_Write                               0x080019a3   Thumb Code     4  stm32f4xx_gpio.o(.text)
    GPIO_ToggleBits                          0x080019a7   Thumb Code     8  stm32f4xx_gpio.o(.text)
    GPIO_PinAFConfig                         0x080019af   Thumb Code    32  stm32f4xx_gpio.o(.text)
    RCC_DeInit                               0x080019fd   Thumb Code    68  stm32f4xx_rcc.o(.text)
    RCC_HSEConfig                            0x08001a41   Thumb Code    12  stm32f4xx_rcc.o(.text)
    RCC_GetFlagStatus                        0x08001a4d   Thumb Code    46  stm32f4xx_rcc.o(.text)
    RCC_WaitForHSEStartUp                    0x08001a7b   Thumb Code    44  stm32f4xx_rcc.o(.text)
    RCC_AdjustHSICalibrationValue            0x08001aa7   Thumb Code    16  stm32f4xx_rcc.o(.text)
    RCC_HSICmd                               0x08001ab7   Thumb Code     6  stm32f4xx_rcc.o(.text)
    RCC_LSEConfig                            0x08001abd   Thumb Code    24  stm32f4xx_rcc.o(.text)
    RCC_LSICmd                               0x08001ad5   Thumb Code     6  stm32f4xx_rcc.o(.text)
    RCC_PLLConfig                            0x08001adb   Thumb Code    32  stm32f4xx_rcc.o(.text)
    RCC_PLLCmd                               0x08001afb   Thumb Code     6  stm32f4xx_rcc.o(.text)
    RCC_PLLI2SConfig                         0x08001b01   Thumb Code    14  stm32f4xx_rcc.o(.text)
    RCC_PLLI2SCmd                            0x08001b0f   Thumb Code     6  stm32f4xx_rcc.o(.text)
    RCC_PLLSAIConfig                         0x08001b15   Thumb Code    18  stm32f4xx_rcc.o(.text)
    RCC_PLLSAICmd                            0x08001b27   Thumb Code     6  stm32f4xx_rcc.o(.text)
    RCC_ClockSecuritySystemCmd               0x08001b2d   Thumb Code     6  stm32f4xx_rcc.o(.text)
    RCC_MCO1Config                           0x08001b33   Thumb Code    18  stm32f4xx_rcc.o(.text)
    RCC_MCO2Config                           0x08001b45   Thumb Code    18  stm32f4xx_rcc.o(.text)
    RCC_SYSCLKConfig                         0x08001b57   Thumb Code    16  stm32f4xx_rcc.o(.text)
    RCC_GetSYSCLKSource                      0x08001b67   Thumb Code    12  stm32f4xx_rcc.o(.text)
    RCC_HCLKConfig                           0x08001b73   Thumb Code    16  stm32f4xx_rcc.o(.text)
    RCC_PCLK1Config                          0x08001b83   Thumb Code    16  stm32f4xx_rcc.o(.text)
    RCC_PCLK2Config                          0x08001b93   Thumb Code    18  stm32f4xx_rcc.o(.text)
    RCC_GetClocksFreq                        0x08001ba5   Thumb Code   134  stm32f4xx_rcc.o(.text)
    RCC_RTCCLKConfig                         0x08001c2b   Thumb Code    42  stm32f4xx_rcc.o(.text)
    RCC_RTCCLKCmd                            0x08001c55   Thumb Code     8  stm32f4xx_rcc.o(.text)
    RCC_BackupResetCmd                       0x08001c5d   Thumb Code     8  stm32f4xx_rcc.o(.text)
    RCC_I2SCLKConfig                         0x08001c65   Thumb Code     8  stm32f4xx_rcc.o(.text)
    RCC_SAIPLLI2SClkDivConfig                0x08001c6d   Thumb Code    18  stm32f4xx_rcc.o(.text)
    RCC_SAIPLLSAIClkDivConfig                0x08001c7f   Thumb Code    24  stm32f4xx_rcc.o(.text)
    RCC_SAIBlockACLKConfig                   0x08001c97   Thumb Code    16  stm32f4xx_rcc.o(.text)
    RCC_SAIBlockBCLKConfig                   0x08001ca7   Thumb Code    16  stm32f4xx_rcc.o(.text)
    RCC_LTDCCLKDivConfig                     0x08001cb7   Thumb Code    16  stm32f4xx_rcc.o(.text)
    RCC_TIMCLKPresConfig                     0x08001cc7   Thumb Code     8  stm32f4xx_rcc.o(.text)
    RCC_AHB1PeriphClockCmd                   0x08001ccf   Thumb Code    20  stm32f4xx_rcc.o(.text)
    RCC_AHB2PeriphClockCmd                   0x08001ce3   Thumb Code    20  stm32f4xx_rcc.o(.text)
    RCC_AHB3PeriphClockCmd                   0x08001cf7   Thumb Code    20  stm32f4xx_rcc.o(.text)
    RCC_APB1PeriphClockCmd                   0x08001d0b   Thumb Code    20  stm32f4xx_rcc.o(.text)
    RCC_APB2PeriphClockCmd                   0x08001d1f   Thumb Code    20  stm32f4xx_rcc.o(.text)
    RCC_AHB1PeriphResetCmd                   0x08001d33   Thumb Code    20  stm32f4xx_rcc.o(.text)
    RCC_AHB2PeriphResetCmd                   0x08001d47   Thumb Code    20  stm32f4xx_rcc.o(.text)
    RCC_AHB3PeriphResetCmd                   0x08001d5b   Thumb Code    20  stm32f4xx_rcc.o(.text)
    RCC_APB1PeriphResetCmd                   0x08001d6f   Thumb Code    20  stm32f4xx_rcc.o(.text)
    RCC_APB2PeriphResetCmd                   0x08001d83   Thumb Code    20  stm32f4xx_rcc.o(.text)
    RCC_AHB1PeriphClockLPModeCmd             0x08001d97   Thumb Code    20  stm32f4xx_rcc.o(.text)
    RCC_AHB2PeriphClockLPModeCmd             0x08001dab   Thumb Code    20  stm32f4xx_rcc.o(.text)
    RCC_AHB3PeriphClockLPModeCmd             0x08001dbf   Thumb Code    20  stm32f4xx_rcc.o(.text)
    RCC_APB1PeriphClockLPModeCmd             0x08001dd3   Thumb Code    64  stm32f4xx_rcc.o(.text)
    RCC_APB2PeriphClockLPModeCmd             0x08001e13   Thumb Code    18  stm32f4xx_rcc.o(.text)
    RCC_ITConfig                             0x08001e25   Thumb Code    20  stm32f4xx_rcc.o(.text)
    RCC_ClearFlag                            0x08001e39   Thumb Code    14  stm32f4xx_rcc.o(.text)
    RCC_GetITStatus                          0x08001e47   Thumb Code    18  stm32f4xx_rcc.o(.text)
    RCC_ClearITPendingBit                    0x08001e59   Thumb Code     8  stm32f4xx_rcc.o(.text)
    SYSCFG_DeInit                            0x08001e65   Thumb Code    24  stm32f4xx_syscfg.o(.text)
    SYSCFG_MemoryRemapConfig                 0x08001e7d   Thumb Code     6  stm32f4xx_syscfg.o(.text)
    SYSCFG_MemorySwappingBank                0x08001e83   Thumb Code     6  stm32f4xx_syscfg.o(.text)
    SYSCFG_EXTILineConfig                    0x08001e89   Thumb Code    42  stm32f4xx_syscfg.o(.text)
    SYSCFG_ETH_MediaInterfaceConfig          0x08001eb3   Thumb Code     8  stm32f4xx_syscfg.o(.text)
    SYSCFG_CompensationCellCmd               0x08001ebb   Thumb Code     6  stm32f4xx_syscfg.o(.text)
    SYSCFG_GetCompensationCellStatus         0x08001ec1   Thumb Code    16  stm32f4xx_syscfg.o(.text)
    TIM_DeInit                               0x08001ee1   Thumb Code   284  stm32f4xx_tim.o(.text)
    TIM_TimeBaseInit                         0x08001ffd   Thumb Code    96  stm32f4xx_tim.o(.text)
    TIM_TimeBaseStructInit                   0x0800205d   Thumb Code    18  stm32f4xx_tim.o(.text)
    TIM_PrescalerConfig                      0x0800206f   Thumb Code     6  stm32f4xx_tim.o(.text)
    TIM_CounterModeConfig                    0x08002075   Thumb Code    12  stm32f4xx_tim.o(.text)
    TIM_SetCounter                           0x08002081   Thumb Code     4  stm32f4xx_tim.o(.text)
    TIM_SetAutoreload                        0x08002085   Thumb Code     4  stm32f4xx_tim.o(.text)
    TIM_GetCounter                           0x08002089   Thumb Code     4  stm32f4xx_tim.o(.text)
    TIM_GetPrescaler                         0x0800208d   Thumb Code     4  stm32f4xx_tim.o(.text)
    TIM_UpdateDisableConfig                  0x08002091   Thumb Code    20  stm32f4xx_tim.o(.text)
    TIM_UpdateRequestConfig                  0x080020a5   Thumb Code    20  stm32f4xx_tim.o(.text)
    TIM_ARRPreloadConfig                     0x080020b9   Thumb Code    20  stm32f4xx_tim.o(.text)
    TIM_SelectOnePulseMode                   0x080020cd   Thumb Code    16  stm32f4xx_tim.o(.text)
    TIM_SetClockDivision                     0x080020dd   Thumb Code    16  stm32f4xx_tim.o(.text)
    TIM_Cmd                                  0x080020ed   Thumb Code    20  stm32f4xx_tim.o(.text)
    TIM_OC1Init                              0x08002101   Thumb Code    88  stm32f4xx_tim.o(.text)
    TIM_OC2Init                              0x08002159   Thumb Code   120  stm32f4xx_tim.o(.text)
    TIM_OC3Init                              0x080021d1   Thumb Code   116  stm32f4xx_tim.o(.text)
    TIM_OC4Init                              0x08002245   Thumb Code    88  stm32f4xx_tim.o(.text)
    TIM_OCStructInit                         0x0800229d   Thumb Code    20  stm32f4xx_tim.o(.text)
    TIM_SelectOCxM                           0x080022b1   Thumb Code   130  stm32f4xx_tim.o(.text)
    TIM_SetCompare1                          0x08002333   Thumb Code     4  stm32f4xx_tim.o(.text)
    TIM_SetCompare2                          0x08002337   Thumb Code     4  stm32f4xx_tim.o(.text)
    TIM_SetCompare3                          0x0800233b   Thumb Code     4  stm32f4xx_tim.o(.text)
    TIM_SetCompare4                          0x0800233f   Thumb Code     4  stm32f4xx_tim.o(.text)
    TIM_ForcedOC1Config                      0x08002343   Thumb Code    12  stm32f4xx_tim.o(.text)
    TIM_ForcedOC2Config                      0x0800234f   Thumb Code    20  stm32f4xx_tim.o(.text)
    TIM_ForcedOC3Config                      0x08002363   Thumb Code    12  stm32f4xx_tim.o(.text)
    TIM_ForcedOC4Config                      0x0800236f   Thumb Code    20  stm32f4xx_tim.o(.text)
    TIM_OC1PreloadConfig                     0x08002383   Thumb Code    12  stm32f4xx_tim.o(.text)
    TIM_OC2PreloadConfig                     0x0800238f   Thumb Code    20  stm32f4xx_tim.o(.text)
    TIM_OC3PreloadConfig                     0x080023a3   Thumb Code    12  stm32f4xx_tim.o(.text)
    TIM_OC4PreloadConfig                     0x080023af   Thumb Code    20  stm32f4xx_tim.o(.text)
    TIM_OC1FastConfig                        0x080023c3   Thumb Code    12  stm32f4xx_tim.o(.text)
    TIM_OC2FastConfig                        0x080023cf   Thumb Code    20  stm32f4xx_tim.o(.text)
    TIM_OC3FastConfig                        0x080023e3   Thumb Code    12  stm32f4xx_tim.o(.text)
    TIM_OC4FastConfig                        0x080023ef   Thumb Code    20  stm32f4xx_tim.o(.text)
    TIM_ClearOC1Ref                          0x08002403   Thumb Code    12  stm32f4xx_tim.o(.text)
    TIM_ClearOC2Ref                          0x0800240f   Thumb Code    20  stm32f4xx_tim.o(.text)
    TIM_ClearOC3Ref                          0x08002423   Thumb Code    12  stm32f4xx_tim.o(.text)
    TIM_ClearOC4Ref                          0x0800242f   Thumb Code    20  stm32f4xx_tim.o(.text)
    TIM_OC1PolarityConfig                    0x08002443   Thumb Code    12  stm32f4xx_tim.o(.text)
    TIM_OC1NPolarityConfig                   0x0800244f   Thumb Code    12  stm32f4xx_tim.o(.text)
    TIM_OC2PolarityConfig                    0x0800245b   Thumb Code    20  stm32f4xx_tim.o(.text)
    TIM_OC2NPolarityConfig                   0x0800246f   Thumb Code    20  stm32f4xx_tim.o(.text)
    TIM_OC3PolarityConfig                    0x08002483   Thumb Code    20  stm32f4xx_tim.o(.text)
    TIM_OC3NPolarityConfig                   0x08002497   Thumb Code    20  stm32f4xx_tim.o(.text)
    TIM_OC4PolarityConfig                    0x080024ab   Thumb Code    20  stm32f4xx_tim.o(.text)
    TIM_CCxCmd                               0x080024bf   Thumb Code    22  stm32f4xx_tim.o(.text)
    TIM_CCxNCmd                              0x080024d5   Thumb Code    22  stm32f4xx_tim.o(.text)
    TIM_SetIC4Prescaler                      0x080024eb   Thumb Code    24  stm32f4xx_tim.o(.text)
    TIM_SetIC3Prescaler                      0x08002503   Thumb Code    16  stm32f4xx_tim.o(.text)
    TIM_SetIC2Prescaler                      0x08002513   Thumb Code    24  stm32f4xx_tim.o(.text)
    TIM_SetIC1Prescaler                      0x08002561   Thumb Code    16  stm32f4xx_tim.o(.text)
    TIM_ICInit                               0x08002571   Thumb Code   164  stm32f4xx_tim.o(.text)
    TIM_ICStructInit                         0x08002615   Thumb Code    16  stm32f4xx_tim.o(.text)
    TIM_PWMIConfig                           0x08002625   Thumb Code   104  stm32f4xx_tim.o(.text)
    TIM_GetCapture1                          0x0800268d   Thumb Code     4  stm32f4xx_tim.o(.text)
    TIM_GetCapture2                          0x08002691   Thumb Code     4  stm32f4xx_tim.o(.text)
    TIM_GetCapture3                          0x08002695   Thumb Code     4  stm32f4xx_tim.o(.text)
    TIM_GetCapture4                          0x08002699   Thumb Code     4  stm32f4xx_tim.o(.text)
    TIM_BDTRConfig                           0x0800269d   Thumb Code    34  stm32f4xx_tim.o(.text)
    TIM_BDTRStructInit                       0x080026bf   Thumb Code    18  stm32f4xx_tim.o(.text)
    TIM_CtrlPWMOutputs                       0x080026d1   Thumb Code    22  stm32f4xx_tim.o(.text)
    TIM_SelectCOM                            0x080026e7   Thumb Code    20  stm32f4xx_tim.o(.text)
    TIM_CCPreloadControl                     0x080026fb   Thumb Code    20  stm32f4xx_tim.o(.text)
    TIM_ITConfig                             0x0800270f   Thumb Code    16  stm32f4xx_tim.o(.text)
    TIM_GenerateEvent                        0x0800271f   Thumb Code     4  stm32f4xx_tim.o(.text)
    TIM_GetFlagStatus                        0x08002723   Thumb Code    14  stm32f4xx_tim.o(.text)
    TIM_ClearFlag                            0x08002731   Thumb Code     6  stm32f4xx_tim.o(.text)
    TIM_GetITStatus                          0x08002737   Thumb Code    24  stm32f4xx_tim.o(.text)
    TIM_ClearITPendingBit                    0x0800274f   Thumb Code     6  stm32f4xx_tim.o(.text)
    TIM_DMAConfig                            0x08002755   Thumb Code     8  stm32f4xx_tim.o(.text)
    TIM_DMACmd                               0x0800275d   Thumb Code    16  stm32f4xx_tim.o(.text)
    TIM_SelectCCDMA                          0x0800276d   Thumb Code    20  stm32f4xx_tim.o(.text)
    TIM_InternalClockConfig                  0x08002781   Thumb Code    10  stm32f4xx_tim.o(.text)
    TIM_SelectInputTrigger                   0x0800278b   Thumb Code    12  stm32f4xx_tim.o(.text)
    TIM_ITRxExternalClockConfig              0x08002797   Thumb Code    18  stm32f4xx_tim.o(.text)
    TIM_TIxExternalClockConfig               0x080027a9   Thumb Code    46  stm32f4xx_tim.o(.text)
    TIM_ETRConfig                            0x080027d7   Thumb Code    24  stm32f4xx_tim.o(.text)
    TIM_ETRClockMode1Config                  0x080027ef   Thumb Code    18  stm32f4xx_tim.o(.text)
    TIM_ETRClockMode2Config                  0x08002801   Thumb Code    18  stm32f4xx_tim.o(.text)
    TIM_SelectOutputTrigger                  0x08002813   Thumb Code    16  stm32f4xx_tim.o(.text)
    TIM_SelectSlaveMode                      0x08002823   Thumb Code    16  stm32f4xx_tim.o(.text)
    TIM_SelectMasterSlaveMode                0x08002833   Thumb Code    16  stm32f4xx_tim.o(.text)
    TIM_EncoderInterfaceConfig               0x08002843   Thumb Code    50  stm32f4xx_tim.o(.text)
    TIM_SelectHallSensor                     0x08002875   Thumb Code    20  stm32f4xx_tim.o(.text)
    TIM_RemapConfig                          0x08002889   Thumb Code     6  stm32f4xx_tim.o(.text)
    USART_DeInit                             0x080028bd   Thumb Code   138  stm32f4xx_usart.o(.text)
    USART_Init                               0x08002947   Thumb Code   164  stm32f4xx_usart.o(.text)
    USART_StructInit                         0x080029eb   Thumb Code    22  stm32f4xx_usart.o(.text)
    USART_ClockInit                          0x08002a01   Thumb Code    28  stm32f4xx_usart.o(.text)
    USART_ClockStructInit                    0x08002a1d   Thumb Code    12  stm32f4xx_usart.o(.text)
    USART_Cmd                                0x08002a29   Thumb Code    20  stm32f4xx_usart.o(.text)
    USART_SetPrescaler                       0x08002a3d   Thumb Code    16  stm32f4xx_usart.o(.text)
    USART_OverSampling8Cmd                   0x08002a4d   Thumb Code    20  stm32f4xx_usart.o(.text)
    USART_OneBitMethodCmd                    0x08002a61   Thumb Code    20  stm32f4xx_usart.o(.text)
    USART_SendData                           0x08002a75   Thumb Code     8  stm32f4xx_usart.o(.text)
    USART_ReceiveData                        0x08002a7d   Thumb Code     8  stm32f4xx_usart.o(.text)
    USART_SetAddress                         0x08002a85   Thumb Code    16  stm32f4xx_usart.o(.text)
    USART_ReceiverWakeUpCmd                  0x08002a95   Thumb Code    20  stm32f4xx_usart.o(.text)
    USART_WakeUpConfig                       0x08002aa9   Thumb Code    16  stm32f4xx_usart.o(.text)
    USART_LINBreakDetectLengthConfig         0x08002ab9   Thumb Code    16  stm32f4xx_usart.o(.text)
    USART_LINCmd                             0x08002ac9   Thumb Code    20  stm32f4xx_usart.o(.text)
    USART_SendBreak                          0x08002add   Thumb Code    10  stm32f4xx_usart.o(.text)
    USART_HalfDuplexCmd                      0x08002ae7   Thumb Code    20  stm32f4xx_usart.o(.text)
    USART_SetGuardTime                       0x08002afb   Thumb Code    16  stm32f4xx_usart.o(.text)
    USART_SmartCardCmd                       0x08002b0b   Thumb Code    20  stm32f4xx_usart.o(.text)
    USART_SmartCardNACKCmd                   0x08002b1f   Thumb Code    20  stm32f4xx_usart.o(.text)
    USART_IrDAConfig                         0x08002b33   Thumb Code    16  stm32f4xx_usart.o(.text)
    USART_IrDACmd                            0x08002b43   Thumb Code    20  stm32f4xx_usart.o(.text)
    USART_DMACmd                             0x08002b57   Thumb Code    16  stm32f4xx_usart.o(.text)
    USART_ITConfig                           0x08002b67   Thumb Code    48  stm32f4xx_usart.o(.text)
    USART_GetFlagStatus                      0x08002b97   Thumb Code    14  stm32f4xx_usart.o(.text)
    USART_ClearFlag                          0x08002ba5   Thumb Code     6  stm32f4xx_usart.o(.text)
    USART_GetITStatus                        0x08002bab   Thumb Code    62  stm32f4xx_usart.o(.text)
    USART_ClearITPendingBit                  0x08002be9   Thumb Code    12  stm32f4xx_usart.o(.text)
    ETH_DeInit                               0x08002c15   Thumb Code    24  stm32f4x7_eth.o(.text)
    ETH_StructInit                           0x08002c2d   Thumb Code   136  stm32f4x7_eth.o(.text)
    ETH_WritePHYRegister                     0x08002cb5   Thumb Code    76  stm32f4x7_eth.o(.text)
    ETH_ReadPHYRegister                      0x08002d01   Thumb Code    80  stm32f4x7_eth.o(.text)
    ETH_Init                                 0x08002d51   Thumb Code   520  stm32f4x7_eth.o(.text)
    ETH_DMAReceptionCmd                      0x08002f59   Thumb Code    22  stm32f4x7_eth.o(.text)
    ETH_DMATransmissionCmd                   0x08002f6f   Thumb Code    22  stm32f4x7_eth.o(.text)
    ETH_MACReceptionCmd                      0x08002f85   Thumb Code    22  stm32f4x7_eth.o(.text)
    ETH_FlushTransmitFIFO                    0x08002f9b   Thumb Code    12  stm32f4x7_eth.o(.text)
    ETH_MACTransmissionCmd                   0x08002fa7   Thumb Code    22  stm32f4x7_eth.o(.text)
    ETH_Start                                0x08002fbd   Thumb Code    32  stm32f4x7_eth.o(.text)
    ETH_GetFlowControlBusyStatus             0x08002fdd   Thumb Code    14  stm32f4x7_eth.o(.text)
    ETH_InitiatePauseControlFrame            0x08002feb   Thumb Code    12  stm32f4x7_eth.o(.text)
    ETH_BackPressureActivationCmd            0x08002ff7   Thumb Code    22  stm32f4x7_eth.o(.text)
    ETH_GetMACFlagStatus                     0x0800300d   Thumb Code    16  stm32f4x7_eth.o(.text)
    ETH_GetMACITStatus                       0x0800301d   Thumb Code    16  stm32f4x7_eth.o(.text)
    ETH_MACITConfig                          0x0800302d   Thumb Code    18  stm32f4x7_eth.o(.text)
    ETH_MACAddressConfig                     0x0800303f   Thumb Code    22  stm32f4x7_eth.o(.text)
    ETH_GetMACAddress                        0x08003055   Thumb Code    30  stm32f4x7_eth.o(.text)
    ETH_MACAddressPerfectFilterCmd           0x08003073   Thumb Code    24  stm32f4x7_eth.o(.text)
    ETH_MACAddressFilterConfig               0x0800308b   Thumb Code    82  stm32f4x7_eth.o(.text)
    ETH_MACAddressMaskBytesFilterConfig      0x080030dd   Thumb Code    20  stm32f4x7_eth.o(.text)
    ETH_Get_Received_Frame                   0x080030f1   Thumb Code    42  stm32f4x7_eth.o(.text)
    ETH_Get_Received_Frame_interrupt         0x0800311b   Thumb Code   134  stm32f4x7_eth.o(.text)
    ETH_Prepare_Transmit_Descriptors         0x080031a1   Thumb Code   168  stm32f4x7_eth.o(.text)
    ETH_DMARxDescChainInit                   0x08003249   Thumb Code    74  stm32f4x7_eth.o(.text)
    ETH_CheckFrameReceived                   0x08003293   Thumb Code    96  stm32f4x7_eth.o(.text)
    ETH_DMATxDescChainInit                   0x080032f3   Thumb Code    64  stm32f4x7_eth.o(.text)
    ETH_GetDMATxDescFlagStatus               0x08003333   Thumb Code    14  stm32f4x7_eth.o(.text)
    ETH_GetDMATxDescCollisionCount           0x08003341   Thumb Code     8  stm32f4x7_eth.o(.text)
    ETH_SetDMATxDescOwnBit                   0x08003349   Thumb Code    10  stm32f4x7_eth.o(.text)
    ETH_DMATxDescTransmitITConfig            0x08003353   Thumb Code    20  stm32f4x7_eth.o(.text)
    ETH_DMATxDescFrameSegmentConfig          0x08003367   Thumb Code     8  stm32f4x7_eth.o(.text)
    ETH_DMATxDescChecksumInsertionConfig     0x0800336f   Thumb Code     8  stm32f4x7_eth.o(.text)
    ETH_DMATxDescCRCCmd                      0x08003377   Thumb Code    20  stm32f4x7_eth.o(.text)
    ETH_DMATxDescSecondAddressChainedCmd     0x0800338b   Thumb Code    20  stm32f4x7_eth.o(.text)
    ETH_DMATxDescShortFramePaddingCmd        0x0800339f   Thumb Code    20  stm32f4x7_eth.o(.text)
    ETH_DMATxDescBufferSizeConfig            0x080033b3   Thumb Code    12  stm32f4x7_eth.o(.text)
    ETH_GetDMARxDescFlagStatus               0x080033bf   Thumb Code    14  stm32f4x7_eth.o(.text)
    ETH_GetDMAPTPRxDescExtendedFlagStatus    0x080033cd   Thumb Code    14  stm32f4x7_eth.o(.text)
    ETH_SetDMARxDescOwnBit                   0x080033db   Thumb Code    10  stm32f4x7_eth.o(.text)
    ETH_GetDMARxDescFrameLength              0x080033e5   Thumb Code     8  stm32f4x7_eth.o(.text)
    ETH_DMARxDescReceiveITConfig             0x080033ed   Thumb Code    18  stm32f4x7_eth.o(.text)
    ETH_GetDMARxDescBufferSize               0x080033ff   Thumb Code    16  stm32f4x7_eth.o(.text)
    ETH_GetRxPktSize                         0x0800340f   Thumb Code    30  stm32f4x7_eth.o(.text)
    ETH_EnhancedDescriptorCmd                0x0800342d   Thumb Code    22  stm32f4x7_eth.o(.text)
    ETH_SoftwareReset                        0x08003443   Thumb Code    12  stm32f4x7_eth.o(.text)
    ETH_GetSoftwareResetStatus               0x0800344f   Thumb Code    14  stm32f4x7_eth.o(.text)
    ETH_GetDMAFlagStatus                     0x0800345d   Thumb Code    16  stm32f4x7_eth.o(.text)
    ETH_DMAClearFlag                         0x0800346d   Thumb Code     6  stm32f4x7_eth.o(.text)
    ETH_DMAITConfig                          0x08003473   Thumb Code    18  stm32f4x7_eth.o(.text)
    ETH_GetDMAITStatus                       0x08003485   Thumb Code    16  stm32f4x7_eth.o(.text)
    ETH_DMAClearITPendingBit                 0x08003495   Thumb Code     6  stm32f4x7_eth.o(.text)
    ETH_GetTransmitProcessState              0x0800349b   Thumb Code    10  stm32f4x7_eth.o(.text)
    ETH_GetReceiveProcessState               0x080034a5   Thumb Code    10  stm32f4x7_eth.o(.text)
    ETH_GetFlushTransmitFIFOStatus           0x080034af   Thumb Code    30  stm32f4x7_eth.o(.text)
    ETH_GetDMAOverflowStatus                 0x080034cd   Thumb Code    16  stm32f4x7_eth.o(.text)
    ETH_GetRxOverflowMissedFrameCounter      0x080034dd   Thumb Code    10  stm32f4x7_eth.o(.text)
    ETH_GetBufferUnavailableMissedFrameCounter 0x080034e7   Thumb Code     8  stm32f4x7_eth.o(.text)
    ETH_GetCurrentTxDescStartAddress         0x080034ef   Thumb Code     6  stm32f4x7_eth.o(.text)
    ETH_GetCurrentRxDescStartAddress         0x080034f5   Thumb Code     6  stm32f4x7_eth.o(.text)
    ETH_GetCurrentTxBufferAddress            0x080034fb   Thumb Code     6  stm32f4x7_eth.o(.text)
    ETH_GetCurrentRxBufferAddress            0x08003501   Thumb Code     6  stm32f4x7_eth.o(.text)
    ETH_ResumeDMATransmission                0x08003507   Thumb Code     8  stm32f4x7_eth.o(.text)
    ETH_ResumeDMAReception                   0x0800350f   Thumb Code     8  stm32f4x7_eth.o(.text)
    ETH_SetReceiveWatchdogTimer              0x08003517   Thumb Code     6  stm32f4x7_eth.o(.text)
    ETH_PHYLoopBackCmd                       0x0800351d   Thumb Code    40  stm32f4x7_eth.o(.text)
    ETH_ResetWakeUpFrameFilterRegisterPointer 0x08003545   Thumb Code    12  stm32f4x7_eth.o(.text)
    ETH_SetWakeUpFrameFilterRegister         0x08003551   Thumb Code    18  stm32f4x7_eth.o(.text)
    ETH_GlobalUnicastWakeUpCmd               0x08003563   Thumb Code    22  stm32f4x7_eth.o(.text)
    ETH_GetPMTFlagStatus                     0x08003579   Thumb Code    16  stm32f4x7_eth.o(.text)
    ETH_WakeUpFrameDetectionCmd              0x08003589   Thumb Code    22  stm32f4x7_eth.o(.text)
    ETH_MagicPacketDetectionCmd              0x0800359f   Thumb Code    22  stm32f4x7_eth.o(.text)
    ETH_PowerDownCmd                         0x080035b5   Thumb Code    22  stm32f4x7_eth.o(.text)
    ETH_MMCCounterFullPreset                 0x080035cb   Thumb Code    16  stm32f4x7_eth.o(.text)
    ETH_MMCCounterHalfPreset                 0x080035db   Thumb Code    28  stm32f4x7_eth.o(.text)
    ETH_MMCCounterFreezeCmd                  0x080035f7   Thumb Code    26  stm32f4x7_eth.o(.text)
    ETH_MMCResetOnReadCmd                    0x08003611   Thumb Code    26  stm32f4x7_eth.o(.text)
    ETH_MMCCounterRolloverCmd                0x0800362b   Thumb Code    26  stm32f4x7_eth.o(.text)
    ETH_MMCCountersReset                     0x08003645   Thumb Code    16  stm32f4x7_eth.o(.text)
    ETH_MMCITConfig                          0x08003655   Thumb Code    50  stm32f4x7_eth.o(.text)
    ETH_GetMMCITStatus                       0x08003687   Thumb Code    36  stm32f4x7_eth.o(.text)
    ETH_GetMMCRegister                       0x080036ab   Thumb Code     6  stm32f4x7_eth.o(.text)
    FSMC_NORSRAMDeInit                       0x080036cd   Thumb Code    40  stm32f4xx_fsmc.o(.text)
    FSMC_NORSRAMInit                         0x080036f5   Thumb Code   200  stm32f4xx_fsmc.o(.text)
    FSMC_NORSRAMStructInit                   0x080037bd   Thumb Code    98  stm32f4xx_fsmc.o(.text)
    FSMC_NORSRAMCmd                          0x0800381f   Thumb Code    26  stm32f4xx_fsmc.o(.text)
    FSMC_NANDDeInit                          0x08003839   Thumb Code    40  stm32f4xx_fsmc.o(.text)
    FSMC_NANDInit                            0x08003861   Thumb Code   104  stm32f4xx_fsmc.o(.text)
    FSMC_NANDStructInit                      0x080038c9   Thumb Code    54  stm32f4xx_fsmc.o(.text)
    FSMC_NANDCmd                             0x080038ff   Thumb Code    54  stm32f4xx_fsmc.o(.text)
    FSMC_NANDECCCmd                          0x08003935   Thumb Code    54  stm32f4xx_fsmc.o(.text)
    FSMC_GetECC                              0x0800396b   Thumb Code    18  stm32f4xx_fsmc.o(.text)
    FSMC_PCCARDDeInit                        0x0800397d   Thumb Code    26  stm32f4xx_fsmc.o(.text)
    FSMC_PCCARDInit                          0x08003997   Thumb Code   102  stm32f4xx_fsmc.o(.text)
    FSMC_PCCARDStructInit                    0x080039fd   Thumb Code    60  stm32f4xx_fsmc.o(.text)
    FSMC_PCCARDCmd                           0x08003a39   Thumb Code    28  stm32f4xx_fsmc.o(.text)
    FSMC_ITConfig                            0x08003a55   Thumb Code    72  stm32f4xx_fsmc.o(.text)
    FSMC_GetFlagStatus                       0x08003a9d   Thumb Code    40  stm32f4xx_fsmc.o(.text)
    FSMC_ClearFlag                           0x08003ac5   Thumb Code    38  stm32f4xx_fsmc.o(.text)
    FSMC_GetITStatus                         0x08003aeb   Thumb Code    48  stm32f4xx_fsmc.o(.text)
    FSMC_ClearITPendingBit                   0x08003b1b   Thumb Code    42  stm32f4xx_fsmc.o(.text)
    delay_init                               0x08003b49   Thumb Code    38  delay.o(.text)
    delay_us                                 0x08003b6f   Thumb Code    46  delay.o(.text)
    delay_xms                                0x08003b9d   Thumb Code    46  delay.o(.text)
    delay_ms                                 0x08003bcb   Thumb Code    46  delay.o(.text)
    Time_Test_Start                          0x08003bf9   Thumb Code    22  delay.o(.text)
    Time_Test_Over                           0x08003c0f   Thumb Code    18  delay.o(.text)
    etharp_tmr                               0x08003c45   Thumb Code    68  etharp.o(.text)
    etharp_cleanup_netif                     0x08003eb7   Thumb Code    44  etharp.o(.text)
    etharp_find_addr                         0x08003ee3   Thumb Code    74  etharp.o(.text)
    etharp_request                           0x0800424f   Thumb Code    32  etharp.o(.text)
    etharp_query                             0x080042c3   Thumb Code   292  etharp.o(.text)
    etharp_output                            0x080043e7   Thumb Code   308  etharp.o(.text)
    ethernet_input                           0x0800451b   Thumb Code   380  etharp.o(.text)
    ethernetif_input                         0x080046f1   Thumb Code   116  ethernetif.o(.text)
    ethernetif_init                          0x08004765   Thumb Code    48  ethernetif.o(.text)
    icmp_input                               0x08004899   Thumb Code   310  icmp.o(.text)
    icmp_dest_unreach                        0x08004a47   Thumb Code     6  icmp.o(.text)
    icmp_time_exceeded                       0x08004a4d   Thumb Code     6  icmp.o(.text)
    inet_chksum_pseudo                       0x08004c21   Thumb Code   136  inet_chksum.o(.text)
    inet_chksum_pseudo_partial               0x08004ca9   Thumb Code   176  inet_chksum.o(.text)
    inet_chksum                              0x08004d59   Thumb Code    12  inet_chksum.o(.text)
    inet_chksum_pbuf                         0x08004d65   Thumb Code    72  inet_chksum.o(.text)
    ip_route                                 0x08004e15   Thumb Code    54  ip.o(.text)
    ip_input                                 0x08004e4b   Thumb Code   336  ip.o(.text)
    ip_output_if                             0x08004f9b   Thumb Code   212  ip.o(.text)
    ip_output                                0x0800506f   Thumb Code    72  ip.o(.text)
    ip4_addr_isbroadcast                     0x08005155   Thumb Code    46  ip_addr.o(.text)
    ip4_addr_netmask_valid                   0x08005183   Thumb Code    38  ip_addr.o(.text)
    ipaddr_aton                              0x080051a9   Thumb Code   264  ip_addr.o(.text)
    ipaddr_addr                              0x080052b1   Thumb Code    20  ip_addr.o(.text)
    ipaddr_ntoa_r                            0x080052c5   Thumb Code   120  ip_addr.o(.text)
    ipaddr_ntoa                              0x0800533d   Thumb Code     6  ip_addr.o(.text)
    ip_reass_tmr                             0x080054a9   Thumb Code    40  ip_frag.o(.text)
    ip_reass                                 0x08005699   Thumb Code   792  ip_frag.o(.text)
    ip_frag                                  0x080059fd   Thumb Code   378  ip_frag.o(.text)
    lwip_htons                               0x08005bb5   Thumb Code     4  def.o(.text)
    lwip_ntohs                               0x08005bb9   Thumb Code     4  def.o(.text)
    lwip_htonl                               0x08005bbd   Thumb Code     4  def.o(.text)
    lwip_ntohl                               0x08005bc1   Thumb Code     4  def.o(.text)
    lwip_init                                0x08005bc5   Thumb Code    30  init.o(.text)
    memp_get_memorysize                      0x08005be5   Thumb Code     6  memp.o(.text)
    memp_init                                0x08005beb   Thumb Code    80  memp.o(.text)
    memp_malloc                              0x08005c3b   Thumb Code    62  memp.o(.text)
    memp_free                                0x08005c79   Thumb Code    40  memp.o(.text)
    netif_init                               0x08005d61   Thumb Code     2  netif.o(.text)
    netif_set_gw                             0x08005d63   Thumb Code     8  netif.o(.text)
    netif_set_netmask                        0x08005d6b   Thumb Code     8  netif.o(.text)
    netif_set_ipaddr                         0x08005d73   Thumb Code    96  netif.o(.text)
    netif_set_addr                           0x08005dd3   Thumb Code    30  netif.o(.text)
    netif_add                                0x08005df1   Thumb Code    94  netif.o(.text)
    netif_set_default                        0x08005e4f   Thumb Code     6  netif.o(.text)
    netif_set_down                           0x08005e55   Thumb Code    26  netif.o(.text)
    netif_remove                             0x08005e6f   Thumb Code    68  netif.o(.text)
    netif_find                               0x08005eb3   Thumb Code    58  netif.o(.text)
    netif_set_up                             0x08005eed   Thumb Code    32  netif.o(.text)
    netif_set_link_up                        0x08005f0d   Thumb Code    32  netif.o(.text)
    netif_set_link_down                      0x08005f2d   Thumb Code    18  netif.o(.text)
    pbuf_free                                0x08005fb5   Thumb Code   170  pbuf.o(.text)
    pbuf_alloc                               0x0800605f   Thumb Code   456  pbuf.o(.text)
    pbuf_alloced_custom                      0x08006227   Thumb Code   100  pbuf.o(.text)
    pbuf_realloc                             0x0800628b   Thumb Code   186  pbuf.o(.text)
    pbuf_header                              0x08006345   Thumb Code   808  pbuf.o(.text)
    pbuf_clen                                0x0800666d   Thumb Code    18  pbuf.o(.text)
    pbuf_ref                                 0x0800667f   Thumb Code    12  pbuf.o(.text)
    pbuf_cat                                 0x0800668b   Thumb Code   108  pbuf.o(.text)
    pbuf_chain                               0x080066f7   Thumb Code    16  pbuf.o(.text)
    pbuf_dechain                             0x08006707   Thumb Code   102  pbuf.o(.text)
    pbuf_copy                                0x0800676d   Thumb Code   258  pbuf.o(.text)
    pbuf_copy_partial                        0x0800686f   Thumb Code   130  pbuf.o(.text)
    pbuf_take                                0x080068f1   Thumb Code   146  pbuf.o(.text)
    pbuf_coalesce                            0x08006983   Thumb Code    66  pbuf.o(.text)
    pbuf_get_at                              0x080069c5   Thumb Code    24  pbuf.o(.text)
    pbuf_memcmp                              0x080069dd   Thumb Code   648  pbuf.o(.text)
    pbuf_memfind                             0x08006c65   Thumb Code    56  pbuf.o(.text)
    pbuf_strstr                              0x08006c9d   Thumb Code    54  pbuf.o(.text)
    raw_input                                0x08006cd5   Thumb Code   104  raw.o(.text)
    raw_bind                                 0x08006d3d   Thumb Code    10  raw.o(.text)
    raw_connect                              0x08006d47   Thumb Code    10  raw.o(.text)
    raw_recv                                 0x08006d51   Thumb Code     6  raw.o(.text)
    raw_sendto                               0x08006d57   Thumb Code   160  raw.o(.text)
    raw_send                                 0x08006df7   Thumb Code     4  raw.o(.text)
    raw_remove                               0x08006dfb   Thumb Code    40  raw.o(.text)
    raw_new                                  0x08006e23   Thumb Code    38  raw.o(.text)
    tcp_init                                 0x08006ecd   Thumb Code     2  tcp.o(.text)
    tcp_seg_free                             0x08006ecf   Thumb Code    28  tcp.o(.text)
    tcp_segs_free                            0x08006eeb   Thumb Code    18  tcp.o(.text)
    tcp_pcb_purge                            0x08006efd   Thumb Code    58  tcp.o(.text)
    tcp_slowtmr                              0x08006f37   Thumb Code   750  tcp.o(.text)
    tcp_pcb_remove                           0x08007225   Thumb Code   124  tcp.o(.text)
    tcp_close                                0x080075cd   Thumb Code    18  tcp.o(.text)
    tcp_update_rcv_ann_wnd                   0x080075df   Thumb Code    80  tcp.o(.text)
    tcp_recved                               0x0800762f   Thumb Code   112  tcp.o(.text)
    tcp_recv_null                            0x0800769f   Thumb Code    34  tcp.o(.text)
    tcp_process_refused_data                 0x080076c1   Thumb Code   102  tcp.o(.text)
    tcp_fasttmr                              0x08007727   Thumb Code    90  tcp.o(.text)
    tcp_tmr                                  0x08007781   Thumb Code    30  tcp.o(.text)
    tcp_shutdown                             0x0800779f   Thumb Code    76  tcp.o(.text)
    tcp_abandon                              0x080077eb   Thumb Code   162  tcp.o(.text)
    tcp_abort                                0x0800788d   Thumb Code     4  tcp.o(.text)
    tcp_bind                                 0x080079a7   Thumb Code   140  tcp.o(.text)
    tcp_listen_with_backlog                  0x08007a39   Thumb Code   146  tcp.o(.text)
    tcp_eff_send_mss                         0x08007acb   Thumb Code    32  tcp.o(.text)
    tcp_next_iss                             0x08007aeb   Thumb Code    12  tcp.o(.text)
    tcp_connect                              0x08007af7   Thumb Code   258  tcp.o(.text)
    tcp_setprio                              0x08007bf9   Thumb Code     4  tcp.o(.text)
    tcp_alloc                                0x08007bfd   Thumb Code   236  tcp.o(.text)
    tcp_new                                  0x08007ce9   Thumb Code     4  tcp.o(.text)
    tcp_arg                                  0x08007ced   Thumb Code     4  tcp.o(.text)
    tcp_recv                                 0x08007cf1   Thumb Code    34  tcp.o(.text)
    tcp_sent                                 0x08007d13   Thumb Code    34  tcp.o(.text)
    tcp_err                                  0x08007d35   Thumb Code    36  tcp.o(.text)
    tcp_accept                               0x08007d59   Thumb Code     4  tcp.o(.text)
    tcp_poll                                 0x08007d5d   Thumb Code    42  tcp.o(.text)
    tcp_debug_state_str                      0x08007d87   Thumb Code   302  tcp.o(.text)
    tcp_input                                0x08008a71   Thumb Code  1182  tcp_in.o(.text)
    tcp_enqueue_flags                        0x080090eb   Thumb Code   286  tcp_out.o(.text)
    tcp_send_fin                             0x08009209   Thumb Code    66  tcp_out.o(.text)
    tcp_write                                0x0800931f   Thumb Code  1430  tcp_out.o(.text)
    tcp_send_empty_ack                       0x080098b5   Thumb Code    72  tcp_out.o(.text)
    tcp_output                               0x08009b0d   Thumb Code   436  tcp_out.o(.text)
    tcp_rst                                  0x08009cc1   Thumb Code   144  tcp_out.o(.text)
    tcp_rexmit_rto                           0x08009d51   Thumb Code    44  tcp_out.o(.text)
    tcp_rexmit                               0x08009d7d   Thumb Code    82  tcp_out.o(.text)
    tcp_rexmit_fast                          0x08009dcf   Thumb Code    88  tcp_out.o(.text)
    tcp_keepalive                            0x08009e27   Thumb Code    60  tcp_out.o(.text)
    tcp_zero_window_probe                    0x08009e63   Thumb Code   214  tcp_out.o(.text)
    sys_timeout                              0x08009f39   Thumb Code   104  timers.o(.text)
    tcp_timer_needed                         0x08009fc7   Thumb Code    34  timers.o(.text)
    sys_timeouts_init                        0x0800a011   Thumb Code    36  timers.o(.text)
    sys_untimeout                            0x0800a035   Thumb Code    68  timers.o(.text)
    sys_check_timeouts                       0x0800a079   Thumb Code    68  timers.o(.text)
    sys_restart_timeouts                     0x0800a0bd   Thumb Code    12  timers.o(.text)
    udp_init                                 0x0800a175   Thumb Code     2  udp.o(.text)
    udp_input                                0x0800a177   Thumb Code   358  udp.o(.text)
    udp_bind                                 0x0800a2dd   Thumb Code   184  udp.o(.text)
    udp_sendto_if                            0x0800a395   Thumb Code   200  udp.o(.text)
    udp_sendto                               0x0800a45d   Thumb Code    40  udp.o(.text)
    udp_send                                 0x0800a485   Thumb Code     6  udp.o(.text)
    udp_connect                              0x0800a48b   Thumb Code    70  udp.o(.text)
    udp_disconnect                           0x0800a4d1   Thumb Code    16  udp.o(.text)
    udp_recv                                 0x0800a4e1   Thumb Code     6  udp.o(.text)
    udp_remove                               0x0800a4e7   Thumb Code    40  udp.o(.text)
    udp_new                                  0x0800a50f   Thumb Code    26  udp.o(.text)
    mem_init                                 0x0800a683   Thumb Code    44  mem.o(.text)
    mem_free                                 0x0800a6af   Thumb Code   108  mem.o(.text)
    mem_trim                                 0x0800a71b   Thumb Code   240  mem.o(.text)
    mem_malloc                               0x0800a80b   Thumb Code   250  mem.o(.text)
    mem_calloc                               0x0800a905   Thumb Code    26  mem.o(.text)
    sys_now                                  0x0800ab19   Thumb Code     6  sys_arch.o(.text)
    mymemcpy                                 0x0800ab25   Thumb Code    18  malloc.o(.text)
    mymemset                                 0x0800ab37   Thumb Code    12  malloc.o(.text)
    mymem_init                               0x0800ab43   Thumb Code    52  malloc.o(.text)
    mem_perused                              0x0800ab77   Thumb Code    48  malloc.o(.text)
    mymem_malloc                             0x0800aba7   Thumb Code   138  malloc.o(.text)
    mymem_free                               0x0800ac31   Thumb Code    82  malloc.o(.text)
    myfree                                   0x0800ac83   Thumb Code    18  malloc.o(.text)
    mymalloc                                 0x0800ac95   Thumb Code    28  malloc.o(.text)
    myrealloc                                0x0800acb1   Thumb Code    54  malloc.o(.text)
    __aeabi_memcpy                           0x0800acf1   Thumb Code    36  memcpya.o(.text)
    __aeabi_memcpy4                          0x0800acf1   Thumb Code     0  memcpya.o(.text)
    __aeabi_memcpy8                          0x0800acf1   Thumb Code     0  memcpya.o(.text)
    __aeabi_memset                           0x0800ad15   Thumb Code    14  memseta.o(.text)
    __aeabi_memset4                          0x0800ad15   Thumb Code     0  memseta.o(.text)
    __aeabi_memset8                          0x0800ad15   Thumb Code     0  memseta.o(.text)
    __aeabi_memclr                           0x0800ad23   Thumb Code     4  memseta.o(.text)
    __aeabi_memclr4                          0x0800ad23   Thumb Code     0  memseta.o(.text)
    __aeabi_memclr8                          0x0800ad23   Thumb Code     0  memseta.o(.text)
    _memset$wrapper                          0x0800ad27   Thumb Code    18  memseta.o(.text)
    strlen                                   0x0800ad39   Thumb Code    14  strlen.o(.text)
    memcmp                                   0x0800ad47   Thumb Code    26  memcmp.o(.text)
    __aeabi_uidiv                            0x0800ad61   Thumb Code     0  uidiv.o(.text)
    __aeabi_uidivmod                         0x0800ad61   Thumb Code    44  uidiv.o(.text)
    __scatterload                            0x0800ad8d   Thumb Code    28  init.o(.text)
    __scatterload_rt2                        0x0800ad8d   Thumb Code     0  init.o(.text)
    __decompress                             0x0800adb1   Thumb Code     0  __dczerorl2.o(.text)
    __decompress1                            0x0800adb1   Thumb Code    86  __dczerorl2.o(.text)
    __0printf$3                              0x0800ae09   Thumb Code    22  printf3.o(i.__0printf$3)
    __1printf$3                              0x0800ae09   Thumb Code     0  printf3.o(i.__0printf$3)
    __2printf                                0x0800ae09   Thumb Code     0  printf3.o(i.__0printf$3)
    __scatterload_copy                       0x0800ae29   Thumb Code    14  handlers.o(i.__scatterload_copy)
    __scatterload_null                       0x0800ae37   Thumb Code     2  handlers.o(i.__scatterload_null)
    __scatterload_zeroinit                   0x0800ae39   Thumb Code    14  handlers.o(i.__scatterload_zeroinit)
    ethbroadcast                             0x0800b000   Data           6  etharp.o(.constdata)
    ethzero                                  0x0800b006   Data           6  etharp.o(.constdata)
    ip_addr_any                              0x0800b00c   Data           4  ip_addr.o(.constdata)
    tcp_persist_backoff                      0x0800b038   Data           7  tcp.o(.constdata)
    tcp_state_str                            0x0800b040   Data          44  tcp.o(.constdata)
    tcp_backoff                              0x0800b06c   Data          13  tcp.o(.constdata)
    tcp_pcb_lists                            0x0800b07c   Data          16  tcp.o(.constdata)
    memtblsize                               0x0800b08c   Data          12  malloc.o(.constdata)
    memblksize                               0x0800b098   Data          12  malloc.o(.constdata)
    memsize                                  0x0800b0a4   Data          12  malloc.o(.constdata)
    Region$$Table$$Base                      0x0800b1c4   Number         0  anon$$obj.o(Region$$Table)
    Region$$Table$$Limit                     0x0800b1e4   Number         0  anon$$obj.o(Region$$Table)
    mem3base                                 0x10000000   Data       61440  malloc.o(.ARM.__AT_0x10000000)
    mem3mapbase                              0x1000f000   Data        3840  malloc.o(.ARM.__AT_0x1000F000)
    T_DATABUF                                0x20000000   Data           2  main.o(.data)
    A_Remain                                 0x20000004   Data           4  main.o(.data)
    question                                 0x20000008   Data           1  main.o(.data)
    state                                    0x2000000a   Data           2  main.o(.data)
    B_Remain                                 0x2000000c   Data           4  main.o(.data)
    D_Remain                                 0x20000010   Data           4  main.o(.data)
    B2_Remain                                0x20000014   Data           4  main.o(.data)
    D2_Remain                                0x20000018   Data           4  main.o(.data)
    count1                                   0x2000001c   Data           4  main.o(.data)
    tx_size_16                               0x20000020   Data           4  main.o(.data)
    C_Remain                                 0x20000024   Data           4  main.o(.data)
    A2_Remain                                0x20000028   Data           4  main.o(.data)
    C2_Remain                                0x2000002c   Data           4  main.o(.data)
    Tranmit_Flag                             0x20000030   Data           4  main.o(.data)
    nus                                      0x20000034   Data           4  stm32f4xx_it.o(.data)
    SystemCoreClock                          0x20000038   Data           4  system_stm32f4xx.o(.data)
    AHBPrescTable                            0x2000003c   Data          16  system_stm32f4xx.o(.data)
    ARPTimer                                 0x2000004c   Data           4  lwip_comm.o(.data)
    lwip_localtime                           0x20000050   Data           4  lwip_comm.o(.data)
    udp_xiaweiji_flag                        0x20000054   Data           1  udp_demo.o(.data)
    receivefault                             0x20000055   Data           1  udp_demo.o(.data)
    Matlab_PORT                              0x20000056   Data           2  udp_demo.o(.data)
    data_len                                 0x20000058   Data           4  udp_demo.o(.data)
    udp_XiaWeiJi_pcb                         0x2000005c   Data           4  udp_demo.o(.data)
    receive_length                           0x20000060   Data           4  udp_demo.o(.data)
    DMARxDscrTab                             0x20000064   Data           4  lan8720.o(.data)
    DMATxDscrTab                             0x20000068   Data           4  lan8720.o(.data)
    Rx_Buff                                  0x2000006c   Data           4  lan8720.o(.data)
    Tx_Buff                                  0x20000070   Data           4  lan8720.o(.data)
    flag1                                    0x20000074   Data           1  sram.o(.data)
    USART_RX_STA                             0x20000076   Data           2  usart.o(.data)
    __stdout                                 0x20000078   Data           4  usart.o(.data)
    traning1                                 0x2000007c   Data           1  processw5300.o(.data)
    traning2                                 0x2000007d   Data           1  processw5300.o(.data)
    sendyeah                                 0x2000007e   Data           1  processw5300.o(.data)
    MaxSegSize                               0x20000080   Data           2  processw5300.o(.data)
    rx_size                                  0x20000082   Data           2  processw5300.o(.data)
    rx_size_real                             0x20000084   Data           2  processw5300.o(.data)
    SIP                                      0x20000086   Data           4  processw5300.o(.data)
    Gateway                                  0x2000008a   Data           4  processw5300.o(.data)
    Subnet                                   0x2000008e   Data           4  processw5300.o(.data)
    Tranmit_Count                            0x20000094   Data           4  processw5300.o(.data)
    S0_SendOK                                0x20000098   Data           4  processw5300.o(.data)
    R_COUNT                                  0x2000009c   Data           4  processw5300.o(.data)
    MAC                                      0x200000a0   Data           6  processw5300.o(.data)
    UDP_Preamble                             0x200000a6   Data           8  processw5300.o(.data)
    DMATxDescToSet                           0x200000c0   Data           4  stm32f4x7_eth.o(.data)
    DMARxDescToGet                           0x200000c4   Data           4  stm32f4x7_eth.o(.data)
    DMA_RX_FRAME_infos                       0x200000c8   Data           4  stm32f4x7_eth.o(.data)
    current_netif                            0x200000d8   Data           4  ip.o(.data)
    current_header                           0x200000dc   Data           4  ip.o(.data)
    current_iphdr_src                        0x200000e0   Data           4  ip.o(.data)
    current_iphdr_dest                       0x200000e4   Data           4  ip.o(.data)
    memp_memory                              0x200000f0   Data           4  memp.o(.data)
    netif_list                               0x200000f8   Data           4  netif.o(.data)
    netif_default                            0x200000fc   Data           4  netif.o(.data)
    tcp_active_pcbs_changed                  0x20000104   Data           1  tcp.o(.data)
    tcp_ticks                                0x20000110   Data           4  tcp.o(.data)
    tcp_bound_pcbs                           0x20000114   Data           4  tcp.o(.data)
    tcp_listen_pcbs                          0x20000118   Data           4  tcp.o(.data)
    tcp_active_pcbs                          0x2000011c   Data           4  tcp.o(.data)
    tcp_tw_pcbs                              0x20000120   Data           4  tcp.o(.data)
    tcp_tmp_pcb                              0x20000124   Data           4  tcp.o(.data)
    tcp_input_pcb                            0x20000140   Data           4  tcp_in.o(.data)
    Src                                      0x20000152   Data           2  udp.o(.data)
    Dest                                     0x20000154   Data           2  udp.o(.data)
    udp_pcbs                                 0x20000158   Data           4  udp.o(.data)
    ram_heap                                 0x2000015c   Data           4  mem.o(.data)
    mallco_dev                               0x2000016c   Data          36  malloc.o(.data)
    T_XiaWeiJi_A                             0x20000190   Data        5600  main.o(.bss)
    T_XiaWeiJi_B                             0x20001770   Data        5600  main.o(.bss)
    T_XiaWeiJi_C                             0x20002d50   Data        5600  main.o(.bss)
    T_XiaWeiJi_D                             0x20004330   Data        5600  main.o(.bss)
    T_XiaWeiJi_A2                            0x20005910   Data        5600  main.o(.bss)
    T_XiaWeiJi_B2                            0x20006ef0   Data        5600  main.o(.bss)
    T_XiaWeiJi_C2                            0x200084d0   Data        5600  main.o(.bss)
    T_XiaWeiJi_D2                            0x20009ab0   Data        5600  main.o(.bss)
    lwipdev                                  0x2000b090   Data          23  lwip_comm.o(.bss)
    lwip_netif                               0x2000b0a8   Data          48  lwip_comm.o(.bss)
    USART_RX_BUF                             0x2000b0d8   Data         200  usart.o(.bss)
    receive                                  0x2000b1a0   Data          40  processw5300.o(.bss)
    RX_Frame_Descriptor                      0x2000b1c8   Data          12  stm32f4x7_eth.o(.bss)
    mem1base                                 0x2000b2e4   Data       68608  malloc.o(.bss)
    mem1mapbase                              0x2001bee4   Data        4288  malloc.o(.bss)
    __initial_sp                             0x2001d3a8   Data           0  startup_stm32f40_41xxx.o(STACK)
    mem2base                                 0x68000000   Data       204800  malloc.o(.ARM.__AT_0x68000000)
    mem2mapbase                              0x68032000   Data       12800  malloc.o(.ARM.__AT_0x68032000)



==============================================================================

Memory Map of the image

  Image Entry point : 0x08000189

  Load Region LR_IROM1 (Base: 0x08000000, Size: 0x0000b374, Max: 0x00100000, ABSOLUTE, COMPRESSED[0x0000b244])

    Execution Region ER_IROM1 (Exec base: 0x08000000, Load base: 0x08000000, Size: 0x0000b1e4, Max: 0x00100000, ABSOLUTE)

    Exec Addr    Load Addr    Size         Type   Attr      Idx    E Section Name        Object

    0x08000000   0x08000000   0x00000188   Data   RO          610    RESET               startup_stm32f40_41xxx.o
    0x08000188   0x08000188   0x00000000   Code   RO         1446  * .ARM.Collect$$$$00000000  mc_w.l(entry.o)
    0x08000188   0x08000188   0x00000004   Code   RO         1720    .ARM.Collect$$$$00000001  mc_w.l(entry2.o)
    0x0800018c   0x0800018c   0x00000004   Code   RO         1723    .ARM.Collect$$$$00000004  mc_w.l(entry5.o)
    0x08000190   0x08000190   0x00000000   Code   RO         1725    .ARM.Collect$$$$00000008  mc_w.l(entry7b.o)
    0x08000190   0x08000190   0x00000000   Code   RO         1727    .ARM.Collect$$$$0000000A  mc_w.l(entry8b.o)
    0x08000190   0x08000190   0x00000008   Code   RO         1728    .ARM.Collect$$$$0000000B  mc_w.l(entry9a.o)
    0x08000198   0x08000198   0x00000000   Code   RO         1730    .ARM.Collect$$$$0000000D  mc_w.l(entry10a.o)
    0x08000198   0x08000198   0x00000000   Code   RO         1732    .ARM.Collect$$$$0000000F  mc_w.l(entry11a.o)
    0x08000198   0x08000198   0x00000004   Code   RO         1721    .ARM.Collect$$$$00002712  mc_w.l(entry2.o)
    0x0800019c   0x0800019c   0x00000144   Code   RO            3    .text               main.o
    0x080002e0   0x080002e0   0x00000020   Code   RO          244    .text               stm32f4xx_it.o
    0x08000300   0x08000300   0x0000017c   Code   RO          296    .text               system_stm32f4xx.o
    0x0800047c   0x0800047c   0x00000150   Code   RO          322    .text               lwip_comm.o
    0x080005cc   0x080005cc   0x00000248   Code   RO          402    .text               udp_demo.o
    0x08000814   0x08000814   0x00000098   Code   RO          451    .text               led.o
    0x080008ac   0x080008ac   0x0000017c   Code   RO          471    .text               timer.o
    0x08000a28   0x08000a28   0x000002f0   Code   RO          499    .text               lan8720.o
    0x08000d18   0x08000d18   0x00000310   Code   RO          526    .text               sram.o
    0x08001028   0x08001028   0x00000124   Code   RO          551    .text               usart.o
    0x0800114c   0x0800114c   0x000005a4   Code   RO          583    .text               processw5300.o
    0x080016f0   0x080016f0   0x00000024   Code   RO          611    .text               startup_stm32f40_41xxx.o
    0x08001714   0x08001714   0x000000b0   Code   RO          617    .text               misc.o
    0x080017c4   0x080017c4   0x00000238   Code   RO          637    .text               stm32f4xx_gpio.o
    0x080019fc   0x080019fc   0x00000468   Code   RO          657    .text               stm32f4xx_rcc.o
    0x08001e64   0x08001e64   0x0000007c   Code   RO          679    .text               stm32f4xx_syscfg.o
    0x08001ee0   0x08001ee0   0x000009dc   Code   RO          699    .text               stm32f4xx_tim.o
    0x080028bc   0x080028bc   0x00000358   Code   RO          720    .text               stm32f4xx_usart.o
    0x08002c14   0x08002c14   0x00000ab8   Code   RO          740    .text               stm32f4x7_eth.o
    0x080036cc   0x080036cc   0x0000047c   Code   RO          789    .text               stm32f4xx_fsmc.o
    0x08003b48   0x08003b48   0x000000dc   Code   RO          849    .text               delay.o
    0x08003c24   0x08003c24   0x00000a98   Code   RO          887    .text               etharp.o
    0x080046bc   0x080046bc   0x000001dc   Code   RO          920    .text               ethernetif.o
    0x08004898   0x08004898   0x00000330   Code   RO          966    .text               icmp.o
    0x08004bc8   0x08004bc8   0x0000024c   Code   RO         1000    .text               inet_chksum.o
    0x08004e14   0x08004e14   0x00000340   Code   RO         1015    .text               ip.o
    0x08005154   0x08005154   0x00000258   Code   RO         1048    .text               ip_addr.o
    0x080053ac   0x080053ac   0x00000808   Code   RO         1072    .text               ip_frag.o
    0x08005bb4   0x08005bb4   0x00000010   Code   RO         1086    .text               def.o
    0x08005bc4   0x08005bc4   0x0000001e   Code   RO         1111    .text               init.o
    0x08005be2   0x08005be2   0x00000002   PAD
    0x08005be4   0x08005be4   0x0000017c   Code   RO         1141    .text               memp.o
    0x08005d60   0x08005d60   0x00000254   Code   RO         1167    .text               netif.o
    0x08005fb4   0x08005fb4   0x00000d1e   Code   RO         1190    .text               pbuf.o
    0x08006cd2   0x08006cd2   0x00000002   PAD
    0x08006cd4   0x08006cd4   0x000001f8   Code   RO         1203    .text               raw.o
    0x08006ecc   0x08006ecc   0x00000fe8   Code   RO         1223    .text               tcp.o
    0x08007eb4   0x08007eb4   0x0000111c   Code   RO         1248    .text               tcp_in.o
    0x08008fd0   0x08008fd0   0x00000f68   Code   RO         1271    .text               tcp_out.o
    0x08009f38   0x08009f38   0x0000023c   Code   RO         1284    .text               timers.o
    0x0800a174   0x0800a174   0x00000474   Code   RO         1298    .text               udp.o
    0x0800a5e8   0x0800a5e8   0x00000530   Code   RO         1319    .text               mem.o
    0x0800ab18   0x0800ab18   0x0000000c   Code   RO         1336    .text               sys_arch.o
    0x0800ab24   0x0800ab24   0x000001cc   Code   RO         1414    .text               malloc.o
    0x0800acf0   0x0800acf0   0x00000024   Code   RO         1449    .text               mc_w.l(memcpya.o)
    0x0800ad14   0x0800ad14   0x00000024   Code   RO         1451    .text               mc_w.l(memseta.o)
    0x0800ad38   0x0800ad38   0x0000000e   Code   RO         1453    .text               mc_w.l(strlen.o)
    0x0800ad46   0x0800ad46   0x0000001a   Code   RO         1455    .text               mc_w.l(memcmp.o)
    0x0800ad60   0x0800ad60   0x0000002c   Code   RO         1734    .text               mc_w.l(uidiv.o)
    0x0800ad8c   0x0800ad8c   0x00000024   Code   RO         1749    .text               mc_w.l(init.o)
    0x0800adb0   0x0800adb0   0x00000056   Code   RO         1767    .text               mc_w.l(__dczerorl2.o)
    0x0800ae06   0x0800ae06   0x00000002   PAD
    0x0800ae08   0x0800ae08   0x00000020   Code   RO         1548    i.__0printf$3       mc_w.l(printf3.o)
    0x0800ae28   0x0800ae28   0x0000000e   Code   RO         1761    i.__scatterload_copy  mc_w.l(handlers.o)
    0x0800ae36   0x0800ae36   0x00000002   Code   RO         1762    i.__scatterload_null  mc_w.l(handlers.o)
    0x0800ae38   0x0800ae38   0x0000000e   Code   RO         1763    i.__scatterload_zeroinit  mc_w.l(handlers.o)
    0x0800ae46   0x0800ae46   0x00000002   PAD
    0x0800ae48   0x0800ae48   0x000001b8   Code   RO         1555    i._printf_core      mc_w.l(printf3.o)
    0x0800b000   0x0800b000   0x0000000c   Data   RO          889    .constdata          etharp.o
    0x0800b00c   0x0800b00c   0x00000004   Data   RO         1050    .constdata          ip_addr.o
    0x0800b010   0x0800b010   0x00000028   Data   RO         1143    .constdata          memp.o
    0x0800b038   0x0800b038   0x00000054   Data   RO         1224    .constdata          tcp.o
    0x0800b08c   0x0800b08c   0x00000024   Data   RO         1421    .constdata          malloc.o
    0x0800b0b0   0x0800b0b0   0x00000044   Data   RO          890    .conststring        etharp.o
    0x0800b0f4   0x0800b0f4   0x00000075   Data   RO         1225    .conststring        tcp.o
    0x0800b169   0x0800b169   0x00000003   PAD
    0x0800b16c   0x0800b16c   0x00000055   Data   RO         1272    .conststring        tcp_out.o
    0x0800b1c1   0x0800b1c1   0x00000003   PAD
    0x0800b1c4   0x0800b1c4   0x00000020   Data   RO         1759    Region$$Table       anon$$obj.o


    Execution Region RW_IRAM1 (Exec base: 0x20000000, Load base: 0x0800b1e4, Size: 0x0001d3a8, Max: 0x00020000, ABSOLUTE, COMPRESSED[0x00000060])

    Exec Addr    Load Addr    Size         Type   Attr      Idx    E Section Name        Object

    0x20000000   COMPRESSED   0x00000002   Data   RW           12    .data               main.o
    0x20000002   COMPRESSED   0x00000002   PAD
    0x20000004   COMPRESSED   0x00000004   Data   RW           13    .data               main.o
    0x20000008   COMPRESSED   0x0000001c   Data   RW           14    .data               main.o
    0x20000024   COMPRESSED   0x00000004   Data   RW           15    .data               main.o
    0x20000028   COMPRESSED   0x00000004   Data   RW           16    .data               main.o
    0x2000002c   COMPRESSED   0x00000004   Data   RW           17    .data               main.o
    0x20000030   COMPRESSED   0x00000004   Data   RW           18    .data               main.o
    0x20000034   COMPRESSED   0x00000004   Data   RW          245    .data               stm32f4xx_it.o
    0x20000038   COMPRESSED   0x00000014   Data   RW          297    .data               system_stm32f4xx.o
    0x2000004c   COMPRESSED   0x00000008   Data   RW          325    .data               lwip_comm.o
    0x20000054   COMPRESSED   0x00000010   Data   RW          403    .data               udp_demo.o
    0x20000064   COMPRESSED   0x00000010   Data   RW          500    .data               lan8720.o
    0x20000074   COMPRESSED   0x00000001   Data   RW          527    .data               sram.o
    0x20000075   COMPRESSED   0x00000001   PAD
    0x20000076   COMPRESSED   0x00000002   Data   RW          553    .data               usart.o
    0x20000078   COMPRESSED   0x00000004   Data   RW          554    .data               usart.o
    0x2000007c   COMPRESSED   0x00000032   Data   RW          585    .data               processw5300.o
    0x200000ae   COMPRESSED   0x00000010   Data   RW          658    .data               stm32f4xx_rcc.o
    0x200000be   COMPRESSED   0x00000002   PAD
    0x200000c0   COMPRESSED   0x0000000c   Data   RW          742    .data               stm32f4x7_eth.o
    0x200000cc   COMPRESSED   0x00000004   Data   RW          850    .data               delay.o
    0x200000d0   COMPRESSED   0x00000001   Data   RW          891    .data               etharp.o
    0x200000d1   COMPRESSED   0x00000003   PAD
    0x200000d4   COMPRESSED   0x00000014   Data   RW         1016    .data               ip.o
    0x200000e8   COMPRESSED   0x00000008   Data   RW         1073    .data               ip_frag.o
    0x200000f0   COMPRESSED   0x00000004   Data   RW         1144    .data               memp.o
    0x200000f4   COMPRESSED   0x0000000c   Data   RW         1168    .data               netif.o
    0x20000100   COMPRESSED   0x00000004   Data   RW         1204    .data               raw.o
    0x20000104   COMPRESSED   0x00000024   Data   RW         1226    .data               tcp.o
    0x20000128   COMPRESSED   0x0000001c   Data   RW         1250    .data               tcp_in.o
    0x20000144   COMPRESSED   0x0000000c   Data   RW         1285    .data               timers.o
    0x20000150   COMPRESSED   0x0000000c   Data   RW         1299    .data               udp.o
    0x2000015c   COMPRESSED   0x00000010   Data   RW         1320    .data               mem.o
    0x2000016c   COMPRESSED   0x00000024   Data   RW         1422    .data               malloc.o
    0x20000190        -       0x000015e0   Zero   RW            4    .bss                main.o
    0x20001770        -       0x000015e0   Zero   RW            5    .bss                main.o
    0x20002d50        -       0x000015e0   Zero   RW            6    .bss                main.o
    0x20004330        -       0x000015e0   Zero   RW            7    .bss                main.o
    0x20005910        -       0x000015e0   Zero   RW            8    .bss                main.o
    0x20006ef0        -       0x000015e0   Zero   RW            9    .bss                main.o
    0x200084d0        -       0x000015e0   Zero   RW           10    .bss                main.o
    0x20009ab0        -       0x000015e0   Zero   RW           11    .bss                main.o
    0x2000b090        -       0x00000048   Zero   RW          323    .bss                lwip_comm.o
    0x2000b0d8        -       0x000000c8   Zero   RW          552    .bss                usart.o
    0x2000b1a0        -       0x00000028   Zero   RW          584    .bss                processw5300.o
    0x2000b1c8        -       0x0000000c   Zero   RW          741    .bss                stm32f4x7_eth.o
    0x2000b1d4        -       0x000000c8   Zero   RW          888    .bss                etharp.o
    0x2000b29c        -       0x00000010   Zero   RW         1049    .bss                ip_addr.o
    0x2000b2ac        -       0x00000028   Zero   RW         1142    .bss                memp.o
    0x2000b2d4        -       0x00000010   Zero   RW         1249    .bss                tcp_in.o
    0x2000b2e4        -       0x00010c00   Zero   RW         1419    .bss                malloc.o
    0x2001bee4        -       0x000010c0   Zero   RW         1420    .bss                malloc.o
    0x2001cfa4   COMPRESSED   0x00000004   PAD
    0x2001cfa8        -       0x00000400   Zero   RW          608    STACK               startup_stm32f40_41xxx.o



  Load Region LR$$.ARM.__AT_0x10000000 (Base: 0x10000000, Size: 0x00000000, Max: 0x0000f000, ABSOLUTE)

    Execution Region ER$$.ARM.__AT_0x10000000 (Exec base: 0x10000000, Load base: 0x10000000, Size: 0x0000f000, Max: 0x0000f000, ABSOLUTE, UNINIT)

    Exec Addr    Load Addr    Size         Type   Attr      Idx    E Section Name        Object

    0x10000000        -       0x0000f000   Zero   RW         1415    .ARM.__AT_0x10000000  malloc.o



  Load Region LR$$.ARM.__AT_0x1000F000 (Base: 0x1000f000, Size: 0x00000000, Max: 0x00000f00, ABSOLUTE)

    Execution Region ER$$.ARM.__AT_0x1000F000 (Exec base: 0x1000f000, Load base: 0x1000f000, Size: 0x00000f00, Max: 0x00000f00, ABSOLUTE, UNINIT)

    Exec Addr    Load Addr    Size         Type   Attr      Idx    E Section Name        Object

    0x1000f000        -       0x00000f00   Zero   RW         1416    .ARM.__AT_0x1000F000  malloc.o



  Load Region LR$$.ARM.__AT_0x68000000 (Base: 0x68000000, Size: 0x00000000, Max: 0x00032000, ABSOLUTE)

    Execution Region ER$$.ARM.__AT_0x68000000 (Exec base: 0x68000000, Load base: 0x68000000, Size: 0x00032000, Max: 0x00032000, ABSOLUTE, UNINIT)

    Exec Addr    Load Addr    Size         Type   Attr      Idx    E Section Name        Object

    0x68000000        -       0x00032000   Zero   RW         1417    .ARM.__AT_0x68000000  malloc.o



  Load Region LR$$.ARM.__AT_0x68032000 (Base: 0x68032000, Size: 0x00000000, Max: 0x00003200, ABSOLUTE)

    Execution Region ER$$.ARM.__AT_0x68032000 (Exec base: 0x68032000, Load base: 0x68032000, Size: 0x00003200, Max: 0x00003200, ABSOLUTE, UNINIT)

    Exec Addr    Load Addr    Size         Type   Attr      Idx    E Section Name        Object

    0x68032000        -       0x00003200   Zero   RW         1418    .ARM.__AT_0x68032000  malloc.o


==============================================================================

Image component sizes


      Code (inc. data)   RO Data    RW Data    ZI Data      Debug   Object Name

        16          0          0          0          0       1396   def.o
       220          4          0          4          0       1720   delay.o
      2712        590         80          1        200      10733   etharp.o
       476        132          0          0          0       4814   ethernetif.o
       816        374          0          0          0       2462   icmp.o
         0          0          0          0          0       3824   inet.o
       588        104          0          0          0       3217   inet_chksum.o
        30          0          0          0          0        540   init.o
       832        158          0         20          0       6995   ip.o
       600        112          4          0         16       9475   ip_addr.o
      2056        462          0          8          0       6984   ip_frag.o
       752         42          0         16          0       3733   lan8720.o
       152         12          0          0          0        607   led.o
       336         28          0          8         72      18432   lwip_comm.o
       324         24          0         50      44800     338210   main.o
       460         10         36         36     355776       5137   malloc.o
      1328        506          0         16          0       3918   mem.o
       380        192         40          4         40       2980   memp.o
       176         12          0          0          0       2061   misc.o
       596        118          0         12          0       6627   netif.o
      3358       1236          0          0          0       9839   pbuf.o
      1444        120          0         50         40       5271   processw5300.o
       504        132          0          4          0       3557   raw.o
       784         20          0          1          0       1509   sram.o
        36          8        392          0       1024        828   startup_stm32f40_41xxx.o
      2744         84          0         12         12      20852   stm32f4x7_eth.o
      1148          4          0          0          0       6075   stm32f4xx_fsmc.o
       568         46          0          0          0       4641   stm32f4xx_gpio.o
        32          6          0          4          0       1512   stm32f4xx_it.o
      1128         48          0         16          0      13298   stm32f4xx_rcc.o
       124         16          0          0          0       1957   stm32f4xx_syscfg.o
      2524         52          0          0          0      23150   stm32f4xx_tim.o
       856         32          0          0          0       8296   stm32f4xx_usart.o
        12          6          0          0          0        474   sys_arch.o
       380         36          0         20          0       1879   system_stm32f4xx.o
      4072        992        201         36          0      22373   tcp.o
      4380        810          0         28         16      14895   tcp_in.o
      3944        862         85          0          0      10987   tcp_out.o
       380         22          0          0          0       1812   timer.o
       572        172          0         12          0       2771   timers.o
      1140        192          0         12          0       7371   udp.o
       584         78          0         16          0       5703   udp_demo.o
       292         16          0          6        200       3286   usart.o

    ----------------------------------------------------------------------
     43860       7870        876        400     402200     606201   Object Totals
         0          0         32          0          0          0   (incl. Generated)
         4          0          6          8          4          0   (incl. Padding)

    ----------------------------------------------------------------------

      Code (inc. data)   RO Data    RW Data    ZI Data      Debug   Library Member Name

        86          0          0          0          0          0   __dczerorl2.o
         0          0          0          0          0          0   entry.o
         0          0          0          0          0          0   entry10a.o
         0          0          0          0          0          0   entry11a.o
         8          4          0          0          0          0   entry2.o
         4          0          0          0          0          0   entry5.o
         0          0          0          0          0          0   entry7b.o
         0          0          0          0          0          0   entry8b.o
         8          4          0          0          0          0   entry9a.o
        30          0          0          0          0          0   handlers.o
        36          8          0          0          0         68   init.o
        26          0          0          0          0         80   memcmp.o
        36          0          0          0          0         68   memcpya.o
        36          0          0          0          0        108   memseta.o
       472         14          0          0          0        184   printf3.o
        14          0          0          0          0         68   strlen.o
        44          0          0          0          0         80   uidiv.o

    ----------------------------------------------------------------------
       804         30          0          0          0        656   Library Totals
         4          0          0          0          0          0   (incl. Padding)

    ----------------------------------------------------------------------

      Code (inc. data)   RO Data    RW Data    ZI Data      Debug   Library Name

       800         30          0          0          0        656   mc_w.l

    ----------------------------------------------------------------------
       804         30          0          0          0        656   Library Totals

    ----------------------------------------------------------------------

==============================================================================


      Code (inc. data)   RO Data    RW Data    ZI Data      Debug   

     44664       7900        876        400     402200     597333   Grand Totals
     44664       7900        876         96     402200     597333   ELF Image Totals (compressed)
     44664       7900        876         96          0          0   ROM Totals

==============================================================================

    Total RO  Size (Code + RO Data)                45540 (  44.47kB)
    Total RW  Size (RW Data + ZI Data)            402600 ( 393.16kB)
    Total ROM Size (Code + RO Data + RW Data)      45636 (  44.57kB)

==============================================================================

