Component: ARM Compiler 5.06 update 5 (build 528) Tool: armlink [4d35e2]

==============================================================================

Section Cross References

    main.o(.text) refers to spi.o(.text) for SPI_Configuration
    main.o(.text) refers to wizchip_conf.o(.text) for reg_wizchip_cris_cbfunc
    main.o(.text) refers to printf8.o(i.__0printf$8) for __2printf
    main.o(.text) refers to udp_demo.o(.text) for network_init
    main.o(.text) refers to delay.o(.text) for delay_init
    main.o(.text) refers to misc.o(.text) for NVIC_PriorityGroupConfig
    main.o(.text) refers to usart.o(.text) for uart_init
    main.o(.text) refers to led.o(.text) for LED_Init
    main.o(.text) refers to key.o(.text) for KEY_Init
    main.o(.text) refers to sram.o(.text) for FSMC_SRAM_Init
    main.o(.text) refers to malloc.o(.text) for mymem_init
    main.o(.text) refers to lwip_comm.o(.text) for lwip_comm_init
    main.o(.text) refers to w5500.o(.text) for WIZCHIP_READ
    main.o(.text) refers to socket.o(.text) for socket
    main.o(.text) refers to timer.o(.text) for TIM3_Int_Init
    main.o(.text) refers to stm32f4xx_tim.o(.text) for TIM_Cmd
    main.o(.text) refers to main.o(.constdata) for .constdata
    main.o(.text) refers to usmart_config.o(.data) for usmart_dev
    main.o(.text) refers to main.o(.data) for .data
    main.o(.text) refers to udp_demo.o(.data) for Matlab_PORT
    main.o(.text) refers to socket.o(.data) for R_COUNT
    main.o(.text) refers to udp_demo.o(.data) for Matlab_IP
    main.o(.text) refers to main.o(.bss) for .bss
    system_stm32f4xx.o(.text) refers to system_stm32f4xx.o(.data) for .data
    lwip_comm.o(.text) refers to malloc.o(.text) for myfree
    lwip_comm.o(.text) refers to memp.o(.text) for memp_get_memorysize
    lwip_comm.o(.text) refers to lan8720.o(.text) for ETH_Mem_Malloc
    lwip_comm.o(.text) refers to init.o(.text) for lwip_init
    lwip_comm.o(.text) refers to netif.o(.text) for netif_add
    lwip_comm.o(.text) refers to ethernetif.o(.text) for ethernetif_input
    lwip_comm.o(.text) refers to tcp.o(.text) for tcp_tmr
    lwip_comm.o(.text) refers to etharp.o(.text) for etharp_tmr
    lwip_comm.o(.text) refers to memp.o(.data) for memp_memory
    lwip_comm.o(.text) refers to mem.o(.data) for ram_heap
    lwip_comm.o(.text) refers to lwip_comm.o(.bss) for .bss
    lwip_comm.o(.text) refers to lwip_comm.o(.data) for .data
    udp_demo.o(.text) refers to malloc.o(.text) for mymalloc
    udp_demo.o(.text) refers to memcpya.o(.text) for __aeabi_memcpy
    udp_demo.o(.text) refers to pbuf.o(.text) for pbuf_free
    udp_demo.o(.text) refers to udp.o(.text) for udp_disconnect
    udp_demo.o(.text) refers to wizchip_conf.o(.text) for ctlnetwork
    udp_demo.o(.text) refers to lwip_comm.o(.bss) for lwipdev
    udp_demo.o(.text) refers to udp_demo.o(.data) for .data
    udp_demo.o(.text) refers to ip_addr.o(.constdata) for ip_addr_any
    udp_demo.o(.text) refers to timer.o(.data) for T_COUNT
    udp_demo.o(.text) refers to main.o(.data) for Tranmit_Flag
    udp_demo.o(.text) refers to main.o(.bss) for T_XiaWeiJi_B
    udp_demo.o(.text) refers to main.o(.data) for B_Remain
    led.o(.text) refers to stm32f4xx_rcc.o(.text) for RCC_AHB1PeriphClockCmd
    led.o(.text) refers to stm32f4xx_gpio.o(.text) for GPIO_Init
    timer.o(.text) refers to stm32f4xx_rcc.o(.text) for RCC_APB1PeriphClockCmd
    timer.o(.text) refers to stm32f4xx_tim.o(.text) for TIM_TimeBaseInit
    timer.o(.text) refers to misc.o(.text) for NVIC_Init
    timer.o(.text) refers to udp_demo.o(.text) for udp_XiaWeiJi_senddata
    timer.o(.text) refers to socket.o(.text) for sendto
    timer.o(.text) refers to lwip_comm.o(.data) for lwip_localtime
    timer.o(.text) refers to timer.o(.data) for .data
    timer.o(.text) refers to udp_demo.o(.data) for udp_XiaWeiJi_pcb
    timer.o(.text) refers to main.o(.data) for A_Remain
    timer.o(.text) refers to udp_demo.o(.data) for Matlab_PORT
    timer.o(.text) refers to socket.o(.data) for R_COUNT
    timer.o(.text) refers to udp_demo.o(.data) for Matlab_IP
    timer.o(.text) refers to main.o(.bss) for T_XiaWeiJi_A
    lan8720.o(.text) refers to stm32f4xx_rcc.o(.text) for RCC_AHB1PeriphClockCmd
    lan8720.o(.text) refers to stm32f4x7_eth.o(.text) for ETH_DeInit
    lan8720.o(.text) refers to stm32f4xx_syscfg.o(.text) for SYSCFG_ETH_MediaInterfaceConfig
    lan8720.o(.text) refers to stm32f4xx_gpio.o(.text) for GPIO_Init
    lan8720.o(.text) refers to delay.o(.text) for delay_ms
    lan8720.o(.text) refers to misc.o(.text) for NVIC_Init
    lan8720.o(.text) refers to lwip_comm.o(.text) for lwip_pkt_handle
    lan8720.o(.text) refers to malloc.o(.text) for myfree
    lan8720.o(.text) refers to stm32f4x7_eth.o(.data) for DMARxDescToGet
    lan8720.o(.text) refers to lan8720.o(.data) for .data
    sram.o(.text) refers to stm32f4xx_rcc.o(.text) for RCC_AHB1PeriphClockCmd
    sram.o(.text) refers to stm32f4xx_gpio.o(.text) for GPIO_Init
[...]
    wizchip_cris_exit                        0x080021cf   Thumb Code     2  wizchip_conf.o(.text)
    wizchip_cs_select                        0x080021d1   Thumb Code     2  wizchip_conf.o(.text)
    wizchip_cs_deselect                      0x080021d3   Thumb Code     2  wizchip_conf.o(.text)
    wizchip_bus_readbyte                     0x080021d5   Thumb Code     4  wizchip_conf.o(.text)
    wizchip_bus_writebyte                    0x080021d9   Thumb Code     4  wizchip_conf.o(.text)
    wizchip_spi_readbyte                     0x080021dd   Thumb Code     4  wizchip_conf.o(.text)
    wizchip_spi_writebyte                    0x080021e1   Thumb Code     2  wizchip_conf.o(.text)
    reg_wizchip_cris_cbfunc                  0x080021e3   Thumb Code    26  wizchip_conf.o(.text)
    reg_wizchip_cs_cbfunc                    0x080021fd   Thumb Code    26  wizchip_conf.o(.text)
    reg_wizchip_bus_cbfunc                   0x08002217   Thumb Code    34  wizchip_conf.o(.text)
    reg_wizchip_spi_cbfunc                   0x08002239   Thumb Code    34  wizchip_conf.o(.text)
    wizphy_getphylink                        0x0800225b   Thumb Code    18  wizchip_conf.o(.text)
    wizphy_getphypmode                       0x0800226d   Thumb Code    24  wizchip_conf.o(.text)
    wizphy_reset                             0x08002285   Thumb Code    42  wizchip_conf.o(.text)
    wizphy_setphypmode                       0x080022af   Thumb Code    80  wizchip_conf.o(.text)
    wizphy_getphyconf                        0x080022ff   Thumb Code    78  wizchip_conf.o(.text)
    wizphy_setphyconf                        0x0800234d   Thumb Code    72  wizchip_conf.o(.text)
    wizchip_getinterruptmask                 0x08002395   Thumb Code    28  wizchip_conf.o(.text)
    wizchip_setinterruptmask                 0x080023b1   Thumb Code    28  wizchip_conf.o(.text)
    wizchip_getinterrupt                     0x080023cd   Thumb Code    30  wizchip_conf.o(.text)
    wizchip_clrinterrupt                     0x080023eb   Thumb Code    30  wizchip_conf.o(.text)
    wizchip_sw_reset                         0x08002409   Thumb Code   116  wizchip_conf.o(.text)
    wizchip_init                             0x0800247d   Thumb Code   122  wizchip_conf.o(.text)
    ctlwizchip                               0x080024f7   Thumb Code   226  wizchip_conf.o(.text)
    wizchip_gettimeout                       0x080025d9   Thumb Code    40  wizchip_conf.o(.text)
    wizchip_settimeout                       0x08002601   Thumb Code    40  wizchip_conf.o(.text)
    wizchip_getnetmode                       0x08002629   Thumb Code     6  wizchip_conf.o(.text)
    wizchip_setnetmode                       0x0800262f   Thumb Code    36  wizchip_conf.o(.text)
    wizchip_getnetinfo                       0x08002653   Thumb Code    82  wizchip_conf.o(.text)
    wizchip_setnetinfo                       0x080026a5   Thumb Code    82  wizchip_conf.o(.text)
    ctlnetwork                               0x080026f7   Thumb Code    74  wizchip_conf.o(.text)
    wizphy_getphystat                        0x08002741   Thumb Code    26  wizchip_conf.o(.text)
    _sys_exit                                0x08002761   Thumb Code     2  usart.o(.text)
    fputc                                    0x08002763   Thumb Code    14  usart.o(.text)
    uart_init                                0x08002771   Thumb Code   172  usart.o(.text)
    USART1_IRQHandler                        0x0800281d   Thumb Code    92  usart.o(.text)
    KEY_Init                                 0x08002889   Thumb Code    52  key.o(.text)
    KEY_Scan                                 0x080028bd   Thumb Code   138  key.o(.text)
    Reset_Handler                            0x0800295d   Thumb Code     8  startup_stm32f40_41xxx.o(.text)
    ADC_IRQHandler                           0x08002977   Thumb Code     0  startup_stm32f40_41xxx.o(.text)
    CAN1_RX0_IRQHandler                      0x08002977   Thumb Code     0  startup_stm32f40_41xxx.o(.text)
    CAN1_RX1_IRQHandler                      0x08002977   Thumb Code     0  startup_stm32f40_41xxx.o(.text)
    CAN1_SCE_IRQHandler                      0x08002977   Thumb Code     0  startup_stm32f40_41xxx.o(.text)
    CAN1_TX_IRQHandler                       0x08002977   Thumb Code     0  startup_stm32f40_41xxx.o(.text)
    CAN2_RX0_IRQHandler                      0x08002977   Thumb Code     0  startup_stm32f40_41xxx.o(.text)
    CAN2_RX1_IRQHandler                      0x08002977   Thumb Code     0  startup_stm32f40_41xxx.o(.text)
    CAN2_SCE_IRQHandler                      0x08002977   Thumb Code     0  startup_stm32f40_41xxx.o(.text)
    CAN2_TX_IRQHandler                       0x08002977   Thumb Code     0  startup_stm32f40_41xxx.o(.text)
    CRYP_IRQHandler                          0x08002977   Thumb Code     0  startup_stm32f40_41xxx.o(.text)
    DCMI_IRQHandler                          0x08002977   Thumb Code     0  startup_stm32f40_41xxx.o(.text)
    DMA1_Stream0_IRQHandler                  0x08002977   Thumb Code     0  startup_stm32f40_41xxx.o(.text)
    DMA1_Stream1_IRQHandler                  0x08002977   Thumb Code     0  startup_stm32f40_41xxx.o(.text)
    DMA1_Stream2_IRQHandler                  0x08002977   Thumb Code     0  startup_stm32f40_41xxx.o(.text)
    DMA1_Stream3_IRQHandler                  0x08002977   Thumb Code     0  startup_stm32f40_41xxx.o(.text)
    DMA1_Stream4_IRQHandler                  0x08002977   Thumb Code     0  startup_stm32f40_41xxx.o(.text)
    DMA1_Stream5_IRQHandler                  0x08002977   Thumb Code     0  startup_stm32f40_41xxx.o(.text)
    DMA1_Stream6_IRQHandler                  0x08002977   Thumb Code     0  startup_stm32f40_41xxx.o(.text)
    DMA1_Stream7_IRQHandler                  0x08002977   Thumb Code     0  startup_stm32f40_41xxx.o(.text)
    DMA2_Stream0_IRQHandler                  0x08002977   Thumb Code     0  startup_stm32f40_41xxx.o(.text)
    DMA2_Stream1_IRQHandler                  0x08002977   Thumb Code     0  startup_stm32f40_41xxx.o(.text)
    DMA2_Stream2_IRQHandler                  0x08002977   Thumb Code     0  startup_stm32f40_41xxx.o(.text)
    DMA2_Stream3_IRQHandler                  0x08002977   Thumb Code     0  startup_stm32f40_41xxx.o(.text)
    DMA2_Stream4_IRQHandler                  0x08002977   Thumb Code     0  startup_stm32f40_41xxx.o(.text)
    DMA2_Stream5_IRQHandler                  0x08002977   Thumb Code     0  startup_stm32f40_41xxx.o(.text)
    DMA2_Stream6_IRQHandler                  0x08002977   Thumb Code     0  startup_stm32f40_41xxx.o(.text)
    DMA2_Stream7_IRQHandler                  0x08002977   Thumb Code     0  startup_stm32f40_41xxx.o(.text)
    ETH_WKUP_IRQHandler                      0x08002977   Thumb Code     0  startup_stm32f40_41xxx.o(.text)
    EXTI0_IRQHandler                         0x08002977   Thumb Code     0  startup_stm32f40_41xxx.o(.text)
    EXTI15_10_IRQHandler                     0x08002977   Thumb Code     0  startup_stm32f40_41xxx.o(.text)
    EXTI1_IRQHandler                         0x08002977   Thumb Code     0  startup_stm32f40_41xxx.o(.text)
    EXTI2_IRQHandler                         0x08002977   Thumb Code     0  startup_stm32f40_41xxx.o(.text)
    EXTI3_IRQHandler                         0x08002977   Thumb Code     0  startup_stm32f40_41xxx.o(.text)
    EXTI4_IRQHandler                         0x08002977   Thumb Code     0  startup_stm32f40_41xxx.o(.text)
    EXTI9_5_IRQHandler                       0x08002977   Thumb Code     0  startup_stm32f40_41xxx.o(.text)
    FLASH_IRQHandler                         0x08002977   Thumb Code     0  startup_stm32f40_41xxx.o(.text)
    FPU_IRQHandler                           0x08002977   Thumb Code     0  startup_stm32f40_41xxx.o(.text)
    FSMC_IRQHandler                          0x08002977   Thumb Code     0  startup_stm32f40_41xxx.o(.text)
    HASH_RNG_IRQHandler                      0x08002977   Thumb Code     0  startup_stm32f40_41xxx.o(.text)
    I2C1_ER_IRQHandler                       0x08002977   Thumb Code     0  startup_stm32f40_41xxx.o(.text)
    I2C1_EV_IRQHandler                       0x08002977   Thumb Code     0  startup_stm32f40_41xxx.o(.text)
    I2C2_ER_IRQHandler                       0x08002977   Thumb Code     0  startup_stm32f40_41xxx.o(.text)
    I2C2_EV_IRQHandler                       0x08002977   Thumb Code     0  startup_stm32f40_41xxx.o(.text)
    I2C3_ER_IRQHandler                       0x08002977   Thumb Code     0  startup_stm32f40_41xxx.o(.text)
    I2C3_EV_IRQHandler                       0x08002977   Thumb Code     0  startup_stm32f40_41xxx.o(.text)
    OTG_FS_IRQHandler                        0x08002977   Thumb Code     0  startup_stm32f40_41xxx.o(.text)
    OTG_FS_WKUP_IRQHandler                   0x08002977   Thumb Code     0  startup_stm32f40_41xxx.o(.text)
    OTG_HS_EP1_IN_IRQHandler                 0x08002977   Thumb Code     0  startup_stm32f40_41xxx.o(.text)
    OTG_HS_EP1_OUT_IRQHandler                0x08002977   Thumb Code     0  startup_stm32f40_41xxx.o(.text)
    OTG_HS_IRQHandler                        0x08002977   Thumb Code     0  startup_stm32f40_41xxx.o(.text)
    OTG_HS_WKUP_IRQHandler                   0x08002977   Thumb Code     0  startup_stm32f40_41xxx.o(.text)
    PVD_IRQHandler                           0x08002977   Thumb Code     0  startup_stm32f40_41xxx.o(.text)
    RCC_IRQHandler                           0x08002977   Thumb Code     0  startup_stm32f40_41xxx.o(.text)
    RTC_Alarm_IRQHandler                     0x08002977   Thumb Code     0  startup_stm32f40_41xxx.o(.text)
    RTC_WKUP_IRQHandler                      0x08002977   Thumb Code     0  startup_stm32f40_41xxx.o(.text)
    SDIO_IRQHandler                          0x08002977   Thumb Code     0  startup_stm32f40_41xxx.o(.text)
    SPI1_IRQHandler                          0x08002977   Thumb Code     0  startup_stm32f40_41xxx.o(.text)
    SPI2_IRQHandler                          0x08002977   Thumb Code     0  startup_stm32f40_41xxx.o(.text)
    SPI3_IRQHandler                          0x08002977   Thumb Code     0  startup_stm32f40_41xxx.o(.text)
    TAMP_STAMP_IRQHandler                    0x08002977   Thumb Code     0  startup_stm32f40_41xxx.o(.text)
    TIM1_BRK_TIM9_IRQHandler                 0x08002977   Thumb Code     0  startup_stm32f40_41xxx.o(.text)
    TIM1_CC_IRQHandler                       0x08002977   Thumb Code     0  startup_stm32f40_41xxx.o(.text)
    TIM1_TRG_COM_TIM11_IRQHandler            0x08002977   Thumb Code     0  startup_stm32f40_41xxx.o(.text)
    TIM1_UP_TIM10_IRQHandler                 0x08002977   Thumb Code     0  startup_stm32f40_41xxx.o(.text)
    TIM2_IRQHandler                          0x08002977   Thumb Code     0  startup_stm32f40_41xxx.o(.text)
    TIM6_DAC_IRQHandler                      0x08002977   Thumb Code     0  startup_stm32f40_41xxx.o(.text)
    TIM8_BRK_TIM12_IRQHandler                0x08002977   Thumb Code     0  startup_stm32f40_41xxx.o(.text)
    TIM8_CC_IRQHandler                       0x08002977   Thumb Code     0  startup_stm32f40_41xxx.o(.text)
    TIM8_TRG_COM_TIM14_IRQHandler            0x08002977   Thumb Code     0  startup_stm32f40_41xxx.o(.text)
    TIM8_UP_TIM13_IRQHandler                 0x08002977   Thumb Code     0  startup_stm32f40_41xxx.o(.text)
    UART4_IRQHandler                         0x08002977   Thumb Code     0  startup_stm32f40_41xxx.o(.text)
    UART5_IRQHandler                         0x08002977   Thumb Code     0  startup_stm32f40_41xxx.o(.text)
    USART2_IRQHandler                        0x08002977   Thumb Code     0  startup_stm32f40_41xxx.o(.text)
    USART3_IRQHandler                        0x08002977   Thumb Code     0  startup_stm32f40_41xxx.o(.text)
    USART6_IRQHandler                        0x08002977   Thumb Code     0  startup_stm32f40_41xxx.o(.text)
    WWDG_IRQHandler                          0x08002977   Thumb Code     0  startup_stm32f40_41xxx.o(.text)
    NVIC_PriorityGroupConfig                 0x08002981   Thumb Code    10  misc.o(.text)
    NVIC_Init                                0x0800298b   Thumb Code    96  misc.o(.text)
    NVIC_SetVectorTable                      0x080029eb   Thumb Code    14  misc.o(.text)
    NVIC_SystemLPConfig                      0x080029f9   Thumb Code    20  misc.o(.text)
    SysTick_CLKSourceConfig                  0x08002a0d   Thumb Code    24  misc.o(.text)
    GPIO_DeInit                              0x08002a31   Thumb Code   216  stm32f4xx_gpio.o(.text)
    GPIO_Init                                0x08002b09   Thumb Code   162  stm32f4xx_gpio.o(.text)
    GPIO_StructInit                          0x08002bab   Thumb Code    18  stm32f4xx_gpio.o(.text)
    GPIO_PinLockConfig                       0x08002bbd   Thumb Code    24  stm32f4xx_gpio.o(.text)
    GPIO_ReadInputDataBit                    0x08002bd5   Thumb Code    14  stm32f4xx_gpio.o(.text)
    GPIO_ReadInputData                       0x08002be3   Thumb Code     6  stm32f4xx_gpio.o(.text)
    GPIO_ReadOutputDataBit                   0x08002be9   Thumb Code    14  stm32f4xx_gpio.o(.text)
    GPIO_ReadOutputData                      0x08002bf7   Thumb Code     6  stm32f4xx_gpio.o(.text)
    GPIO_SetBits                             0x08002bfd   Thumb Code     4  stm32f4xx_gpio.o(.text)
    GPIO_ResetBits                           0x08002c01   Thumb Code     4  stm32f4xx_gpio.o(.text)
    GPIO_WriteBit                            0x08002c05   Thumb Code    10  stm32f4xx_gpio.o(.text)
    GPIO_Write                               0x08002c0f   Thumb Code     4  stm32f4xx_gpio.o(.text)
    GPIO_ToggleBits                          0x08002c13   Thumb Code     8  stm32f4xx_gpio.o(.text)
    GPIO_PinAFConfig                         0x08002c1b   Thumb Code    32  stm32f4xx_gpio.o(.text)
    RCC_DeInit                               0x08002c69   Thumb Code    68  stm32f4xx_rcc.o(.text)
    RCC_HSEConfig                            0x08002cad   Thumb Code    12  stm32f4xx_rcc.o(.text)
    RCC_GetFlagStatus                        0x08002cb9   Thumb Code    46  stm32f4xx_rcc.o(.text)
    RCC_WaitForHSEStartUp                    0x08002ce7   Thumb Code    44  stm32f4xx_rcc.o(.text)
    RCC_AdjustHSICalibrationValue            0x08002d13   Thumb Code    16  stm32f4xx_rcc.o(.text)
    RCC_HSICmd                               0x08002d23   Thumb Code     6  stm32f4xx_rcc.o(.text)
    RCC_LSEConfig                            0x08002d29   Thumb Code    24  stm32f4xx_rcc.o(.text)
    RCC_LSICmd                               0x08002d41   Thumb Code     6  stm32f4xx_rcc.o(.text)
    RCC_PLLConfig                            0x08002d47   Thumb Code    32  stm32f4xx_rcc.o(.text)
    RCC_PLLCmd                               0x08002d67   Thumb Code     6  stm32f4xx_rcc.o(.text)
    RCC_PLLI2SConfig                         0x08002d6d   Thumb Code    14  stm32f4xx_rcc.o(.text)
    RCC_PLLI2SCmd                            0x08002d7b   Thumb Code     6  stm32f4xx_rcc.o(.text)
    RCC_PLLSAIConfig                         0x08002d81   Thumb Code    18  stm32f4xx_rcc.o(.text)
    RCC_PLLSAICmd                            0x08002d93   Thumb Code     6  stm32f4xx_rcc.o(.text)
    RCC_ClockSecuritySystemCmd               0x08002d99   Thumb Code     6  stm32f4xx_rcc.o(.text)
    RCC_MCO1Config                           0x08002d9f   Thumb Code    18  stm32f4xx_rcc.o(.text)
    RCC_MCO2Config                           0x08002db1   Thumb Code    18  stm32f4xx_rcc.o(.text)
    RCC_SYSCLKConfig                         0x08002dc3   Thumb Code    16  stm32f4xx_rcc.o(.text)
    RCC_GetSYSCLKSource                      0x08002dd3   Thumb Code    12  stm32f4xx_rcc.o(.text)
    RCC_HCLKConfig                           0x08002ddf   Thumb Code    16  stm32f4xx_rcc.o(.text)
    RCC_PCLK1Config                          0x08002def   Thumb Code    16  stm32f4xx_rcc.o(.text)
    RCC_PCLK2Config                          0x08002dff   Thumb Code    18  stm32f4xx_rcc.o(.text)
    RCC_GetClocksFreq                        0x08002e11   Thumb Code   134  stm32f4xx_rcc.o(.text)
    RCC_RTCCLKConfig                         0x08002e97   Thumb Code    42  stm32f4xx_rcc.o(.text)
    RCC_RTCCLKCmd                            0x08002ec1   Thumb Code     8  stm32f4xx_rcc.o(.text)
    RCC_BackupResetCmd                       0x08002ec9   Thumb Code     8  stm32f4xx_rcc.o(.text)
    RCC_I2SCLKConfig                         0x08002ed1   Thumb Code     8  stm32f4xx_rcc.o(.text)
    RCC_SAIPLLI2SClkDivConfig                0x08002ed9   Thumb Code    18  stm32f4xx_rcc.o(.text)
    RCC_SAIPLLSAIClkDivConfig                0x08002eeb   Thumb Code    24  stm32f4xx_rcc.o(.text)
    RCC_SAIBlockACLKConfig                   0x08002f03   Thumb Code    16  stm32f4xx_rcc.o(.text)
    RCC_SAIBlockBCLKConfig                   0x08002f13   Thumb Code    16  stm32f4xx_rcc.o(.text)
    RCC_LTDCCLKDivConfig                     0x08002f23   Thumb Code    16  stm32f4xx_rcc.o(.text)
    RCC_TIMCLKPresConfig                     0x08002f33   Thumb Code     8  stm32f4xx_rcc.o(.text)
    RCC_AHB1PeriphClockCmd                   0x08002f3b   Thumb Code    20  stm32f4xx_rcc.o(.text)
    RCC_AHB2PeriphClockCmd                   0x08002f4f   Thumb Code    20  stm32f4xx_rcc.o(.text)
    RCC_AHB3PeriphClockCmd                   0x08002f63   Thumb Code    20  stm32f4xx_rcc.o(.text)
    RCC_APB1PeriphClockCmd                   0x08002f77   Thumb Code    20  stm32f4xx_rcc.o(.text)
    RCC_APB2PeriphClockCmd                   0x08002f8b   Thumb Code    20  stm32f4xx_rcc.o(.text)
    RCC_AHB1PeriphResetCmd                   0x08002f9f   Thumb Code    20  stm32f4xx_rcc.o(.text)
    RCC_AHB2PeriphResetCmd                   0x08002fb3   Thumb Code    20  stm32f4xx_rcc.o(.text)
    RCC_AHB3PeriphResetCmd                   0x08002fc7   Thumb Code    20  stm32f4xx_rcc.o(.text)
    RCC_APB1PeriphResetCmd                   0x08002fdb   Thumb Code    20  stm32f4xx_rcc.o(.text)
    RCC_APB2PeriphResetCmd                   0x08002fef   Thumb Code    20  stm32f4xx_rcc.o(.text)
    RCC_AHB1PeriphClockLPModeCmd             0x08003003   Thumb Code    20  stm32f4xx_rcc.o(.text)
    RCC_AHB2PeriphClockLPModeCmd             0x08003017   Thumb Code    20  stm32f4xx_rcc.o(.text)
    RCC_AHB3PeriphClockLPModeCmd             0x0800302b   Thumb Code    20  stm32f4xx_rcc.o(.text)
    RCC_APB1PeriphClockLPModeCmd             0x0800303f   Thumb Code    64  stm32f4xx_rcc.o(.text)
    RCC_APB2PeriphClockLPModeCmd             0x0800307f   Thumb Code    18  stm32f4xx_rcc.o(.text)
    RCC_ITConfig                             0x08003091   Thumb Code    20  stm32f4xx_rcc.o(.text)
    RCC_ClearFlag                            0x080030a5   Thumb Code    14  stm32f4xx_rcc.o(.text)
    RCC_GetITStatus                          0x080030b3   Thumb Code    18  stm32f4xx_rcc.o(.text)
    RCC_ClearITPendingBit                    0x080030c5   Thumb Code     8  stm32f4xx_rcc.o(.text)
    SYSCFG_DeInit                            0x080030d1   Thumb Code    24  stm32f4xx_syscfg.o(.text)
    SYSCFG_MemoryRemapConfig                 0x080030e9   Thumb Code     6  stm32f4xx_syscfg.o(.text)
    SYSCFG_MemorySwappingBank                0x080030ef   Thumb Code     6  stm32f4xx_syscfg.o(.text)
    SYSCFG_EXTILineConfig                    0x080030f5   Thumb Code    42  stm32f4xx_syscfg.o(.text)
    SYSCFG_ETH_MediaInterfaceConfig          0x0800311f   Thumb Code     8  stm32f4xx_syscfg.o(.text)
    SYSCFG_CompensationCellCmd               0x08003127   Thumb Code     6  stm32f4xx_syscfg.o(.text)
    SYSCFG_GetCompensationCellStatus         0x0800312d   Thumb Code    16  stm32f4xx_syscfg.o(.text)
    TIM_DeInit                               0x0800314d   Thumb Code   284  stm32f4xx_tim.o(.text)
    TIM_TimeBaseInit                         0x08003269   Thumb Code    96  stm32f4xx_tim.o(.text)
    TIM_TimeBaseStructInit                   0x080032c9   Thumb Code    18  stm32f4xx_tim.o(.text)
    TIM_PrescalerConfig                      0x080032db   Thumb Code     6  stm32f4xx_tim.o(.text)
    TIM_CounterModeConfig                    0x080032e1   Thumb Code    12  stm32f4xx_tim.o(.text)
    TIM_SetCounter                           0x080032ed   Thumb Code     4  stm32f4xx_tim.o(.text)
    TIM_SetAutoreload                        0x080032f1   Thumb Code     4  stm32f4xx_tim.o(.text)
    TIM_GetCounter                           0x080032f5   Thumb Code     4  stm32f4xx_tim.o(.text)
    TIM_GetPrescaler                         0x080032f9   Thumb Code     4  stm32f4xx_tim.o(.text)
    TIM_UpdateDisableConfig                  0x080032fd   Thumb Code    20  stm32f4xx_tim.o(.text)
    TIM_UpdateRequestConfig                  0x08003311   Thumb Code    20  stm32f4xx_tim.o(.text)
    TIM_ARRPreloadConfig                     0x08003325   Thumb Code    20  stm32f4xx_tim.o(.text)
    TIM_SelectOnePulseMode                   0x08003339   Thumb Code    16  stm32f4xx_tim.o(.text)
    TIM_SetClockDivision                     0x08003349   Thumb Code    16  stm32f4xx_tim.o(.text)
    TIM_Cmd                                  0x08003359   Thumb Code    20  stm32f4xx_tim.o(.text)
    TIM_OC1Init                              0x0800336d   Thumb Code    88  stm32f4xx_tim.o(.text)
    TIM_OC2Init                              0x080033c5   Thumb Code   120  stm32f4xx_tim.o(.text)
    TIM_OC3Init                              0x0800343d   Thumb Code   116  stm32f4xx_tim.o(.text)
    TIM_OC4Init                              0x080034b1   Thumb Code    88  stm32f4xx_tim.o(.text)
    TIM_OCStructInit                         0x08003509   Thumb Code    20  stm32f4xx_tim.o(.text)
    TIM_SelectOCxM                           0x0800351d   Thumb Code   130  stm32f4xx_tim.o(.text)
    TIM_SetCompare1                          0x0800359f   Thumb Code     4  stm32f4xx_tim.o(.text)
    TIM_SetCompare2                          0x080035a3   Thumb Code     4  stm32f4xx_tim.o(.text)
    TIM_SetCompare3                          0x080035a7   Thumb Code     4  stm32f4xx_tim.o(.text)
    TIM_SetCompare4                          0x080035ab   Thumb Code     4  stm32f4xx_tim.o(.text)
    TIM_ForcedOC1Config                      0x080035af   Thumb Code    12  stm32f4xx_tim.o(.text)
    TIM_ForcedOC2Config                      0x080035bb   Thumb Code    20  stm32f4xx_tim.o(.text)
    TIM_ForcedOC3Config                      0x080035cf   Thumb Code    12  stm32f4xx_tim.o(.text)
    TIM_ForcedOC4Config                      0x080035db   Thumb Code    20  stm32f4xx_tim.o(.text)
    TIM_OC1PreloadConfig                     0x080035ef   Thumb Code    12  stm32f4xx_tim.o(.text)
    TIM_OC2PreloadConfig                     0x080035fb   Thumb Code    20  stm32f4xx_tim.o(.text)
    TIM_OC3PreloadConfig                     0x0800360f   Thumb Code    12  stm32f4xx_tim.o(.text)
    TIM_OC4PreloadConfig                     0x0800361b   Thumb Code    20  stm32f4xx_tim.o(.text)
    TIM_OC1FastConfig                        0x0800362f   Thumb Code    12  stm32f4xx_tim.o(.text)
    TIM_OC2FastConfig                        0x0800363b   Thumb Code    20  stm32f4xx_tim.o(.text)
    TIM_OC3FastConfig                        0x0800364f   Thumb Code    12  stm32f4xx_tim.o(.text)
    TIM_OC4FastConfig                        0x0800365b   Thumb Code    20  stm32f4xx_tim.o(.text)
    TIM_ClearOC1Ref                          0x0800366f   Thumb Code    12  stm32f4xx_tim.o(.text)
    TIM_ClearOC2Ref                          0x0800367b   Thumb Code    20  stm32f4xx_tim.o(.text)
    TIM_ClearOC3Ref                          0x0800368f   Thumb Code    12  stm32f4xx_tim.o(.text)
    TIM_ClearOC4Ref                          0x0800369b   Thumb Code    20  stm32f4xx_tim.o(.text)
    TIM_OC1PolarityConfig                    0x080036af   Thumb Code    12  stm32f4xx_tim.o(.text)
    TIM_OC1NPolarityConfig                   0x080036bb   Thumb Code    12  stm32f4xx_tim.o(.text)
    TIM_OC2PolarityConfig                    0x080036c7   Thumb Code    20  stm32f4xx_tim.o(.text)
    TIM_OC2NPolarityConfig                   0x080036db   Thumb Code    20  stm32f4xx_tim.o(.text)
    TIM_OC3PolarityConfig                    0x080036ef   Thumb Code    20  stm32f4xx_tim.o(.text)
    TIM_OC3NPolarityConfig                   0x08003703   Thumb Code    20  stm32f4xx_tim.o(.text)
    TIM_OC4PolarityConfig                    0x08003717   Thumb Code    20  stm32f4xx_tim.o(.text)
    TIM_CCxCmd                               0x0800372b   Thumb Code    22  stm32f4xx_tim.o(.text)
    TIM_CCxNCmd                              0x08003741   Thumb Code    22  stm32f4xx_tim.o(.text)
    TIM_SetIC4Prescaler                      0x08003757   Thumb Code    24  stm32f4xx_tim.o(.text)
    TIM_SetIC3Prescaler                      0x0800376f   Thumb Code    16  stm32f4xx_tim.o(.text)
    TIM_SetIC2Prescaler                      0x0800377f   Thumb Code    24  stm32f4xx_tim.o(.text)
    TIM_SetIC1Prescaler                      0x080037cd   Thumb Code    16  stm32f4xx_tim.o(.text)
    TIM_ICInit                               0x080037dd   Thumb Code   164  stm32f4xx_tim.o(.text)
    TIM_ICStructInit                         0x08003881   Thumb Code    16  stm32f4xx_tim.o(.text)
    TIM_PWMIConfig                           0x08003891   Thumb Code   104  stm32f4xx_tim.o(.text)
    TIM_GetCapture1                          0x080038f9   Thumb Code     4  stm32f4xx_tim.o(.text)
    TIM_GetCapture2                          0x080038fd   Thumb Code     4  stm32f4xx_tim.o(.text)
    TIM_GetCapture3                          0x08003901   Thumb Code     4  stm32f4xx_tim.o(.text)
    TIM_GetCapture4                          0x08003905   Thumb Code     4  stm32f4xx_tim.o(.text)
    TIM_BDTRConfig                           0x08003909   Thumb Code    34  stm32f4xx_tim.o(.text)
    TIM_BDTRStructInit                       0x0800392b   Thumb Code    18  stm32f4xx_tim.o(.text)
    TIM_CtrlPWMOutputs                       0x0800393d   Thumb Code    22  stm32f4xx_tim.o(.text)
    TIM_SelectCOM                            0x08003953   Thumb Code    20  stm32f4xx_tim.o(.text)
    TIM_CCPreloadControl                     0x08003967   Thumb Code    20  stm32f4xx_tim.o(.text)
    TIM_ITConfig                             0x0800397b   Thumb Code    16  stm32f4xx_tim.o(.text)
    TIM_GenerateEvent                        0x0800398b   Thumb Code     4  stm32f4xx_tim.o(.text)
    TIM_GetFlagStatus                        0x0800398f   Thumb Code    14  stm32f4xx_tim.o(.text)
    TIM_ClearFlag                            0x0800399d   Thumb Code     6  stm32f4xx_tim.o(.text)
    TIM_GetITStatus                          0x080039a3   Thumb Code    24  stm32f4xx_tim.o(.text)
    TIM_ClearITPendingBit                    0x080039bb   Thumb Code     6  stm32f4xx_tim.o(.text)
    TIM_DMAConfig                            0x080039c1   Thumb Code     8  stm32f4xx_tim.o(.text)
    TIM_DMACmd                               0x080039c9   Thumb Code    16  stm32f4xx_tim.o(.text)
    TIM_SelectCCDMA                          0x080039d9   Thumb Code    20  stm32f4xx_tim.o(.text)
    TIM_InternalClockConfig                  0x080039ed   Thumb Code    10  stm32f4xx_tim.o(.text)
    TIM_SelectInputTrigger                   0x080039f7   Thumb Code    12  stm32f4xx_tim.o(.text)
    TIM_ITRxExternalClockConfig              0x08003a03   Thumb Code    18  stm32f4xx_tim.o(.text)
    TIM_TIxExternalClockConfig               0x08003a15   Thumb Code    46  stm32f4xx_tim.o(.text)
    TIM_ETRConfig                            0x08003a43   Thumb Code    24  stm32f4xx_tim.o(.text)
    TIM_ETRClockMode1Config                  0x08003a5b   Thumb Code    18  stm32f4xx_tim.o(.text)
    TIM_ETRClockMode2Config                  0x08003a6d   Thumb Code    18  stm32f4xx_tim.o(.text)
    TIM_SelectOutputTrigger                  0x08003a7f   Thumb Code    16  stm32f4xx_tim.o(.text)
    TIM_SelectSlaveMode                      0x08003a8f   Thumb Code    16  stm32f4xx_tim.o(.text)
    TIM_SelectMasterSlaveMode                0x08003a9f   Thumb Code    16  stm32f4xx_tim.o(.text)
    TIM_EncoderInterfaceConfig               0x08003aaf   Thumb Code    50  stm32f4xx_tim.o(.text)
    TIM_SelectHallSensor                     0x08003ae1   Thumb Code    20  stm32f4xx_tim.o(.text)
    TIM_RemapConfig                          0x08003af5   Thumb Code     6  stm32f4xx_tim.o(.text)
    USART_DeInit                             0x08003b29   Thumb Code   206  stm32f4xx_usart.o(.text)
    USART_Init                               0x08003bf7   Thumb Code   204  stm32f4xx_usart.o(.text)
    USART_StructInit                         0x08003cc3   Thumb Code    24  stm32f4xx_usart.o(.text)
    USART_ClockInit                          0x08003cdb   Thumb Code    32  stm32f4xx_usart.o(.text)
    USART_ClockStructInit                    0x08003cfb   Thumb Code    12  stm32f4xx_usart.o(.text)
    USART_Cmd                                0x08003d07   Thumb Code    24  stm32f4xx_usart.o(.text)
    USART_SetPrescaler                       0x08003d1f   Thumb Code    16  stm32f4xx_usart.o(.text)
    USART_OverSampling8Cmd                   0x08003d2f   Thumb Code    22  stm32f4xx_usart.o(.text)
    USART_OneBitMethodCmd                    0x08003d45   Thumb Code    24  stm32f4xx_usart.o(.text)
    USART_SendData                           0x08003d5d   Thumb Code     8  stm32f4xx_usart.o(.text)
    USART_ReceiveData                        0x08003d65   Thumb Code    10  stm32f4xx_usart.o(.text)
    USART_SetAddress                         0x08003d6f   Thumb Code    18  stm32f4xx_usart.o(.text)
    USART_ReceiverWakeUpCmd                  0x08003d81   Thumb Code    24  stm32f4xx_usart.o(.text)
    USART_WakeUpConfig                       0x08003d99   Thumb Code    18  stm32f4xx_usart.o(.text)
    USART_LINBreakDetectLengthConfig         0x08003dab   Thumb Code    18  stm32f4xx_usart.o(.text)
    USART_LINCmd                             0x08003dbd   Thumb Code    24  stm32f4xx_usart.o(.text)
    USART_SendBreak                          0x08003dd5   Thumb Code    10  stm32f4xx_usart.o(.text)
    USART_HalfDuplexCmd                      0x08003ddf   Thumb Code    24  stm32f4xx_usart.o(.text)
    USART_SetGuardTime                       0x08003df7   Thumb Code    16  stm32f4xx_usart.o(.text)
    USART_SmartCardCmd                       0x08003e07   Thumb Code    24  stm32f4xx_usart.o(.text)
    USART_SmartCardNACKCmd                   0x08003e1f   Thumb Code    24  stm32f4xx_usart.o(.text)
    USART_IrDAConfig                         0x08003e37   Thumb Code    18  stm32f4xx_usart.o(.text)
    USART_IrDACmd                            0x08003e49   Thumb Code    24  stm32f4xx_usart.o(.text)
    USART_DMACmd                             0x08003e61   Thumb Code    18  stm32f4xx_usart.o(.text)
    USART_ITConfig                           0x08003e73   Thumb Code    74  stm32f4xx_usart.o(.text)
    USART_GetFlagStatus                      0x08003ebd   Thumb Code    26  stm32f4xx_usart.o(.text)
    USART_ClearFlag                          0x08003ed7   Thumb Code    18  stm32f4xx_usart.o(.text)
    USART_GetITStatus                        0x08003ee9   Thumb Code   118  stm32f4xx_usart.o(.text)
    USART_ClearITPendingBit                  0x08003f5f   Thumb Code    30  stm32f4xx_usart.o(.text)
    ETH_DeInit                               0x08003f7d   Thumb Code    24  stm32f4x7_eth.o(.text)
    ETH_StructInit                           0x08003f95   Thumb Code   136  stm32f4x7_eth.o(.text)
    ETH_WritePHYRegister                     0x0800401d   Thumb Code    76  stm32f4x7_eth.o(.text)
    ETH_ReadPHYRegister                      0x08004069   Thumb Code    80  stm32f4x7_eth.o(.text)
    ETH_Init                                 0x080040b9   Thumb Code   520  stm32f4x7_eth.o(.text)
    ETH_DMAReceptionCmd                      0x080042c1   Thumb Code    22  stm32f4x7_eth.o(.text)
    ETH_DMATransmissionCmd                   0x080042d7   Thumb Code    22  stm32f4x7_eth.o(.text)
    ETH_MACReceptionCmd                      0x080042ed   Thumb Code    22  stm32f4x7_eth.o(.text)
    ETH_FlushTransmitFIFO                    0x08004303   Thumb Code    12  stm32f4x7_eth.o(.text)
    ETH_MACTransmissionCmd                   0x0800430f   Thumb Code    22  stm32f4x7_eth.o(.text)
    ETH_Start                                0x08004325   Thumb Code    32  stm32f4x7_eth.o(.text)
    ETH_GetFlowControlBusyStatus             0x08004345   Thumb Code    14  stm32f4x7_eth.o(.text)
    ETH_InitiatePauseControlFrame            0x08004353   Thumb Code    12  stm32f4x7_eth.o(.text)
    ETH_BackPressureActivationCmd            0x0800435f   Thumb Code    22  stm32f4x7_eth.o(.text)
    ETH_GetMACFlagStatus                     0x08004375   Thumb Code    16  stm32f4x7_eth.o(.text)
    ETH_GetMACITStatus                       0x08004385   Thumb Code    16  stm32f4x7_eth.o(.text)
    ETH_MACITConfig                          0x08004395   Thumb Code    18  stm32f4x7_eth.o(.text)
    ETH_MACAddressConfig                     0x080043a7   Thumb Code    22  stm32f4x7_eth.o(.text)
    ETH_GetMACAddress                        0x080043bd   Thumb Code    30  stm32f4x7_eth.o(.text)
    ETH_MACAddressPerfectFilterCmd           0x080043db   Thumb Code    24  stm32f4x7_eth.o(.text)
    ETH_MACAddressFilterConfig               0x080043f3   Thumb Code    82  stm32f4x7_eth.o(.text)
    ETH_MACAddressMaskBytesFilterConfig      0x08004445   Thumb Code    20  stm32f4x7_eth.o(.text)
    ETH_Get_Received_Frame                   0x08004459   Thumb Code    42  stm32f4x7_eth.o(.text)
    ETH_Get_Received_Frame_interrupt         0x08004483   Thumb Code   134  stm32f4x7_eth.o(.text)
    ETH_Prepare_Transmit_Descriptors         0x08004509   Thumb Code   168  stm32f4x7_eth.o(.text)
    ETH_DMARxDescChainInit                   0x080045b1   Thumb Code    74  stm32f4x7_eth.o(.text)
    ETH_CheckFrameReceived                   0x080045fb   Thumb Code    96  stm32f4x7_eth.o(.text)
    ETH_DMATxDescChainInit                   0x0800465b   Thumb Code    64  stm32f4x7_eth.o(.text)
    ETH_GetDMATxDescFlagStatus               0x0800469b   Thumb Code    14  stm32f4x7_eth.o(.text)
    ETH_GetDMATxDescCollisionCount           0x080046a9   Thumb Code     8  stm32f4x7_eth.o(.text)
    ETH_SetDMATxDescOwnBit                   0x080046b1   Thumb Code    10  stm32f4x7_eth.o(.text)
    ETH_DMATxDescTransmitITConfig            0x080046bb   Thumb Code    20  stm32f4x7_eth.o(.text)
    ETH_DMATxDescFrameSegmentConfig          0x080046cf   Thumb Code     8  stm32f4x7_eth.o(.text)
    ETH_DMATxDescChecksumInsertionConfig     0x080046d7   Thumb Code     8  stm32f4x7_eth.o(.text)
    ETH_DMATxDescCRCCmd                      0x080046df   Thumb Code    20  stm32f4x7_eth.o(.text)
    ETH_DMATxDescSecondAddressChainedCmd     0x080046f3   Thumb Code    20  stm32f4x7_eth.o(.text)
    ETH_DMATxDescShortFramePaddingCmd        0x08004707   Thumb Code    20  stm32f4x7_eth.o(.text)
    ETH_DMATxDescBufferSizeConfig            0x0800471b   Thumb Code    12  stm32f4x7_eth.o(.text)
    ETH_GetDMARxDescFlagStatus               0x08004727   Thumb Code    14  stm32f4x7_eth.o(.text)
    ETH_GetDMAPTPRxDescExtendedFlagStatus    0x08004735   Thumb Code    14  stm32f4x7_eth.o(.text)
    ETH_SetDMARxDescOwnBit                   0x08004743   Thumb Code    10  stm32f4x7_eth.o(.text)
    ETH_GetDMARxDescFrameLength              0x0800474d   Thumb Code     8  stm32f4x7_eth.o(.text)
    ETH_DMARxDescReceiveITConfig             0x08004755   Thumb Code    18  stm32f4x7_eth.o(.text)
    ETH_GetDMARxDescBufferSize               0x08004767   Thumb Code    16  stm32f4x7_eth.o(.text)
    ETH_GetRxPktSize                         0x08004777   Thumb Code    30  stm32f4x7_eth.o(.text)
    ETH_EnhancedDescriptorCmd                0x08004795   Thumb Code    22  stm32f4x7_eth.o(.text)
    ETH_SoftwareReset                        0x080047ab   Thumb Code    12  stm32f4x7_eth.o(.text)
    ETH_GetSoftwareResetStatus               0x080047b7   Thumb Code    14  stm32f4x7_eth.o(.text)
    ETH_GetDMAFlagStatus                     0x080047c5   Thumb Code    16  stm32f4x7_eth.o(.text)
    ETH_DMAClearFlag                         0x080047d5   Thumb Code     6  stm32f4x7_eth.o(.text)
    ETH_DMAITConfig                          0x080047db   Thumb Code    18  stm32f4x7_eth.o(.text)
    ETH_GetDMAITStatus                       0x080047ed   Thumb Code    16  stm32f4x7_eth.o(.text)
    ETH_DMAClearITPendingBit                 0x080047fd   Thumb Code     6  stm32f4x7_eth.o(.text)
    ETH_GetTransmitProcessState              0x08004803   Thumb Code    10  stm32f4x7_eth.o(.text)
    ETH_GetReceiveProcessState               0x0800480d   Thumb Code    10  stm32f4x7_eth.o(.text)
    ETH_GetFlushTransmitFIFOStatus           0x08004817   Thumb Code    30  stm32f4x7_eth.o(.text)
    ETH_GetDMAOverflowStatus                 0x08004835   Thumb Code    16  stm32f4x7_eth.o(.text)
    ETH_GetRxOverflowMissedFrameCounter      0x08004845   Thumb Code    10  stm32f4x7_eth.o(.text)
    ETH_GetBufferUnavailableMissedFrameCounter 0x0800484f   Thumb Code     8  stm32f4x7_eth.o(.text)
    ETH_GetCurrentTxDescStartAddress         0x08004857   Thumb Code     6  stm32f4x7_eth.o(.text)
    ETH_GetCurrentRxDescStartAddress         0x0800485d   Thumb Code     6  stm32f4x7_eth.o(.text)
    ETH_GetCurrentTxBufferAddress            0x08004863   Thumb Code     6  stm32f4x7_eth.o(.text)
    ETH_GetCurrentRxBufferAddress            0x08004869   Thumb Code     6  stm32f4x7_eth.o(.text)
    ETH_ResumeDMATransmission                0x0800486f   Thumb Code     8  stm32f4x7_eth.o(.text)
    ETH_ResumeDMAReception                   0x08004877   Thumb Code     8  stm32f4x7_eth.o(.text)
    ETH_SetReceiveWatchdogTimer              0x0800487f   Thumb Code     6  stm32f4x7_eth.o(.text)
    ETH_PHYLoopBackCmd                       0x08004885   Thumb Code    40  stm32f4x7_eth.o(.text)
    ETH_ResetWakeUpFrameFilterRegisterPointer 0x080048ad   Thumb Code    12  stm32f4x7_eth.o(.text)
    ETH_SetWakeUpFrameFilterRegister         0x080048b9   Thumb Code    18  stm32f4x7_eth.o(.text)
    ETH_GlobalUnicastWakeUpCmd               0x080048cb   Thumb Code    22  stm32f4x7_eth.o(.text)
    ETH_GetPMTFlagStatus                     0x080048e1   Thumb Code    16  stm32f4x7_eth.o(.text)
    ETH_WakeUpFrameDetectionCmd              0x080048f1   Thumb Code    22  stm32f4x7_eth.o(.text)
    ETH_MagicPacketDetectionCmd              0x08004907   Thumb Code    22  stm32f4x7_eth.o(.text)
    ETH_PowerDownCmd                         0x0800491d   Thumb Code    22  stm32f4x7_eth.o(.text)
    ETH_MMCCounterFullPreset                 0x08004933   Thumb Code    16  stm32f4x7_eth.o(.text)
    ETH_MMCCounterHalfPreset                 0x08004943   Thumb Code    28  stm32f4x7_eth.o(.text)
    ETH_MMCCounterFreezeCmd                  0x0800495f   Thumb Code    26  stm32f4x7_eth.o(.text)
    ETH_MMCResetOnReadCmd                    0x08004979   Thumb Code    26  stm32f4x7_eth.o(.text)
    ETH_MMCCounterRolloverCmd                0x08004993   Thumb Code    26  stm32f4x7_eth.o(.text)
    ETH_MMCCountersReset                     0x080049ad   Thumb Code    16  stm32f4x7_eth.o(.text)
    ETH_MMCITConfig                          0x080049bd   Thumb Code    50  stm32f4x7_eth.o(.text)
    ETH_GetMMCITStatus                       0x080049ef   Thumb Code    36  stm32f4x7_eth.o(.text)
    ETH_GetMMCRegister                       0x08004a13   Thumb Code     6  stm32f4x7_eth.o(.text)
    FSMC_NORSRAMDeInit                       0x08004a35   Thumb Code    40  stm32f4xx_fsmc.o(.text)
    FSMC_NORSRAMInit                         0x08004a5d   Thumb Code   200  stm32f4xx_fsmc.o(.text)
    FSMC_NORSRAMStructInit                   0x08004b25   Thumb Code    98  stm32f4xx_fsmc.o(.text)
    FSMC_NORSRAMCmd                          0x08004b87   Thumb Code    26  stm32f4xx_fsmc.o(.text)
    FSMC_NANDDeInit                          0x08004ba1   Thumb Code    40  stm32f4xx_fsmc.o(.text)
    FSMC_NANDInit                            0x08004bc9   Thumb Code   104  stm32f4xx_fsmc.o(.text)
    FSMC_NANDStructInit                      0x08004c31   Thumb Code    54  stm32f4xx_fsmc.o(.text)
    FSMC_NANDCmd                             0x08004c67   Thumb Code    54  stm32f4xx_fsmc.o(.text)
    FSMC_NANDECCCmd                          0x08004c9d   Thumb Code    54  stm32f4xx_fsmc.o(.text)
    FSMC_GetECC                              0x08004cd3   Thumb Code    18  stm32f4xx_fsmc.o(.text)
    FSMC_PCCARDDeInit                        0x08004ce5   Thumb Code    26  stm32f4xx_fsmc.o(.text)
    FSMC_PCCARDInit                          0x08004cff   Thumb Code   102  stm32f4xx_fsmc.o(.text)
    FSMC_PCCARDStructInit                    0x08004d65   Thumb Code    60  stm32f4xx_fsmc.o(.text)
    FSMC_PCCARDCmd                           0x08004da1   Thumb Code    28  stm32f4xx_fsmc.o(.text)
    FSMC_ITConfig                            0x08004dbd   Thumb Code    72  stm32f4xx_fsmc.o(.text)
    FSMC_GetFlagStatus                       0x08004e05   Thumb Code    40  stm32f4xx_fsmc.o(.text)
    FSMC_ClearFlag                           0x08004e2d   Thumb Code    38  stm32f4xx_fsmc.o(.text)
    FSMC_GetITStatus                         0x08004e53   Thumb Code    48  stm32f4xx_fsmc.o(.text)
    FSMC_ClearITPendingBit                   0x08004e83   Thumb Code    42  stm32f4xx_fsmc.o(.text)
    SPI_I2S_DeInit                           0x08004eb1   Thumb Code   108  stm32f4xx_spi.o(.text)
    SPI_Init                                 0x08004f1d   Thumb Code    56  stm32f4xx_spi.o(.text)
    I2S_Init                                 0x08004f55   Thumb Code   190  stm32f4xx_spi.o(.text)
    SPI_StructInit                           0x08005013   Thumb Code    24  stm32f4xx_spi.o(.text)
    I2S_StructInit                           0x0800502b   Thumb Code    18  stm32f4xx_spi.o(.text)
    SPI_Cmd                                  0x0800503d   Thumb Code    20  stm32f4xx_spi.o(.text)
    I2S_Cmd                                  0x08005051   Thumb Code    20  stm32f4xx_spi.o(.text)
    SPI_DataSizeConfig                       0x08005065   Thumb Code    16  stm32f4xx_spi.o(.text)
    SPI_BiDirectionalLineConfig              0x08005075   Thumb Code    22  stm32f4xx_spi.o(.text)
    SPI_NSSInternalSoftwareConfig            0x0800508b   Thumb Code    24  stm32f4xx_spi.o(.text)
    SPI_SSOutputCmd                          0x080050a3   Thumb Code    20  stm32f4xx_spi.o(.text)
    SPI_TIModeCmd                            0x080050b7   Thumb Code    20  stm32f4xx_spi.o(.text)
    I2S_FullDuplexConfig                     0x080050cb   Thumb Code    58  stm32f4xx_spi.o(.text)
    SPI_I2S_ReceiveData                      0x08005105   Thumb Code     4  stm32f4xx_spi.o(.text)
    SPI_I2S_SendData                         0x08005109   Thumb Code     4  stm32f4xx_spi.o(.text)
    SPI_CalculateCRC                         0x0800510d   Thumb Code    20  stm32f4xx_spi.o(.text)
    SPI_TransmitCRC                          0x08005121   Thumb Code    10  stm32f4xx_spi.o(.text)
    SPI_GetCRC                               0x0800512b   Thumb Code    12  stm32f4xx_spi.o(.text)
    SPI_GetCRCPolynomial                     0x08005137   Thumb Code     4  stm32f4xx_spi.o(.text)
    SPI_I2S_DMACmd                           0x0800513b   Thumb Code    16  stm32f4xx_spi.o(.text)
    SPI_I2S_ITConfig                         0x0800514b   Thumb Code    24  stm32f4xx_spi.o(.text)
    SPI_I2S_GetFlagStatus                    0x08005163   Thumb Code    14  stm32f4xx_spi.o(.text)
    SPI_I2S_ClearFlag                        0x08005171   Thumb Code     6  stm32f4xx_spi.o(.text)
    SPI_I2S_GetITStatus                      0x08005177   Thumb Code    42  stm32f4xx_spi.o(.text)
    SPI_I2S_ClearITPendingBit                0x080051a1   Thumb Code    14  stm32f4xx_spi.o(.text)
    delay_init                               0x080051d1   Thumb Code    38  delay.o(.text)
    delay_us                                 0x080051f7   Thumb Code    46  delay.o(.text)
    delay_xms                                0x08005225   Thumb Code    46  delay.o(.text)
    delay_ms                                 0x08005253   Thumb Code    46  delay.o(.text)
    usmart_sys_cmd_exe                       0x08005285   Thumb Code  1442  usmart.o(.text)
    usmart_reset_runtime                     0x08005827   Thumb Code    36  usmart.o(.text)
    usmart_get_runtime                       0x0800584b   Thumb Code    38  usmart.o(.text)
    TIM4_IRQHandler                          0x08005871   Thumb Code    44  usmart.o(.text)
    Timer4_Init                              0x0800589d   Thumb Code    76  usmart.o(.text)
    usmart_init                              0x080058e9   Thumb Code    36  usmart.o(.text)
    usmart_cmd_rec                           0x0800590d   Thumb Code   144  usmart.o(.text)
    usmart_exe                               0x0800599d   Thumb Code   810  usmart.o(.text)
    usmart_scan                              0x08005cc7   Thumb Code    92  usmart.o(.text)
    read_addr                                0x08005d23   Thumb Code     4  usmart.o(.text)
    write_addr                               0x08005d27   Thumb Code     4  usmart.o(.text)
    usmart_strcmp                            0x08005d85   Thumb Code    24  usmart_str.o(.text)
    usmart_strcopy                           0x08005d9d   Thumb Code    18  usmart_str.o(.text)
    usmart_strlen                            0x08005daf   Thumb Code    18  usmart_str.o(.text)
    usmart_pow                               0x08005dc1   Thumb Code    16  usmart_str.o(.text)
    usmart_str2num                           0x08005dd1   Thumb Code   160  usmart_str.o(.text)
    usmart_get_cmdname                       0x08005e71   Thumb Code    46  usmart_str.o(.text)
    usmart_search_nextc                      0x08005e9f   Thumb Code    18  usmart_str.o(.text)
    usmart_get_fname                         0x08005eb1   Thumb Code   358  usmart_str.o(.text)
    usmart_get_aparm                         0x08006017   Thumb Code   158  usmart_str.o(.text)
    usmart_get_parmpos                       0x080060b5   Thumb Code    30  usmart_str.o(.text)
    usmart_get_fparam                        0x080060d3   Thumb Code   206  usmart_str.o(.text)
    etharp_tmr                               0x080061cd   Thumb Code    68  etharp.o(.text)
    etharp_cleanup_netif                     0x0800643f   Thumb Code    44  etharp.o(.text)
    etharp_find_addr                         0x0800646b   Thumb Code    74  etharp.o(.text)
    etharp_request                           0x080067d7   Thumb Code    32  etharp.o(.text)
    etharp_query                             0x0800684b   Thumb Code   292  etharp.o(.text)
    etharp_output                            0x0800696f   Thumb Code   308  etharp.o(.text)
    ethernet_input                           0x08006aa3   Thumb Code   380  etharp.o(.text)
    ethernetif_input                         0x08006c79   Thumb Code   116  ethernetif.o(.text)
    ethernetif_init                          0x08006ced   Thumb Code    48  ethernetif.o(.text)
    icmp_input                               0x08006e21   Thumb Code   310  icmp.o(.text)
    icmp_dest_unreach                        0x08006fcf   Thumb Code     6  icmp.o(.text)
    icmp_time_exceeded                       0x08006fd5   Thumb Code     6  icmp.o(.text)
    inet_chksum_pseudo                       0x080071a9   Thumb Code   136  inet_chksum.o(.text)
    inet_chksum_pseudo_partial               0x08007231   Thumb Code   176  inet_chksum.o(.text)
    inet_chksum                              0x080072e1   Thumb Code    12  inet_chksum.o(.text)
    inet_chksum_pbuf                         0x080072ed   Thumb Code    72  inet_chksum.o(.text)
    ip_route                                 0x0800739d   Thumb Code    54  ip.o(.text)
    ip_input                                 0x080073d3   Thumb Code   336  ip.o(.text)
    ip_output_if                             0x08007523   Thumb Code   212  ip.o(.text)
    ip_output                                0x080075f7   Thumb Code    72  ip.o(.text)
    ip4_addr_isbroadcast                     0x080076dd   Thumb Code    46  ip_addr.o(.text)
    ip4_addr_netmask_valid                   0x0800770b   Thumb Code    38  ip_addr.o(.text)
    ipaddr_aton                              0x08007731   Thumb Code   264  ip_addr.o(.text)
    ipaddr_addr                              0x08007839   Thumb Code    20  ip_addr.o(.text)
    ipaddr_ntoa_r                            0x0800784d   Thumb Code   120  ip_addr.o(.text)
    ipaddr_ntoa                              0x080078c5   Thumb Code     6  ip_addr.o(.text)
    ip_reass_tmr                             0x08007a31   Thumb Code    40  ip_frag.o(.text)
    ip_reass                                 0x08007c21   Thumb Code   792  ip_frag.o(.text)
    ip_frag                                  0x08007f85   Thumb Code   378  ip_frag.o(.text)
    lwip_htons                               0x0800813d   Thumb Code     4  def.o(.text)
    lwip_ntohs                               0x08008141   Thumb Code     4  def.o(.text)
    lwip_htonl                               0x08008145   Thumb Code     4  def.o(.text)
    lwip_ntohl                               0x08008149   Thumb Code     4  def.o(.text)
    lwip_init                                0x0800814d   Thumb Code    30  init.o(.text)
    memp_get_memorysize                      0x0800816d   Thumb Code     6  memp.o(.text)
    memp_init                                0x08008173   Thumb Code    80  memp.o(.text)
    memp_malloc                              0x080081c3   Thumb Code    62  memp.o(.text)
    memp_free                                0x08008201   Thumb Code    40  memp.o(.text)
    netif_init                               0x080082e9   Thumb Code     2  netif.o(.text)
    netif_set_gw                             0x080082eb   Thumb Code     8  netif.o(.text)
    netif_set_netmask                        0x080082f3   Thumb Code     8  netif.o(.text)
    netif_set_ipaddr                         0x080082fb   Thumb Code    96  netif.o(.text)
    netif_set_addr                           0x0800835b   Thumb Code    30  netif.o(.text)
    netif_add                                0x08008379   Thumb Code    94  netif.o(.text)
    netif_set_default                        0x080083d7   Thumb Code     6  netif.o(.text)
    netif_set_down                           0x080083dd   Thumb Code    26  netif.o(.text)
    netif_remove                             0x080083f7   Thumb Code    68  netif.o(.text)
    netif_find                               0x0800843b   Thumb Code    58  netif.o(.text)
    netif_set_up                             0x08008475   Thumb Code    32  netif.o(.text)
    netif_set_link_up                        0x08008495   Thumb Code    32  netif.o(.text)
    netif_set_link_down                      0x080084b5   Thumb Code    18  netif.o(.text)
    pbuf_free                                0x0800853d   Thumb Code   170  pbuf.o(.text)
    pbuf_alloc                               0x080085e7   Thumb Code   456  pbuf.o(.text)
    pbuf_alloced_custom                      0x080087af   Thumb Code   100  pbuf.o(.text)
    pbuf_realloc                             0x08008813   Thumb Code   186  pbuf.o(.text)
    pbuf_header                              0x080088cd   Thumb Code   808  pbuf.o(.text)
    pbuf_clen                                0x08008bf5   Thumb Code    18  pbuf.o(.text)
    pbuf_ref                                 0x08008c07   Thumb Code    12  pbuf.o(.text)
    pbuf_cat                                 0x08008c13   Thumb Code   108  pbuf.o(.text)
    pbuf_chain                               0x08008c7f   Thumb Code    16  pbuf.o(.text)
    pbuf_dechain                             0x08008c8f   Thumb Code   102  pbuf.o(.text)
    pbuf_copy                                0x08008cf5   Thumb Code   258  pbuf.o(.text)
    pbuf_copy_partial                        0x08008df7   Thumb Code   130  pbuf.o(.text)
    pbuf_take                                0x08008e79   Thumb Code   146  pbuf.o(.text)
    pbuf_coalesce                            0x08008f0b   Thumb Code    66  pbuf.o(.text)
    pbuf_get_at                              0x08008f4d   Thumb Code    24  pbuf.o(.text)
    pbuf_memcmp                              0x08008f65   Thumb Code   648  pbuf.o(.text)
    pbuf_memfind                             0x080091ed   Thumb Code    56  pbuf.o(.text)
    pbuf_strstr                              0x08009225   Thumb Code    54  pbuf.o(.text)
    raw_input                                0x0800925d   Thumb Code   104  raw.o(.text)
    raw_bind                                 0x080092c5   Thumb Code    10  raw.o(.text)
    raw_connect                              0x080092cf   Thumb Code    10  raw.o(.text)
    raw_recv                                 0x080092d9   Thumb Code     6  raw.o(.text)
    raw_sendto                               0x080092df   Thumb Code   160  raw.o(.text)
    raw_send                                 0x0800937f   Thumb Code     4  raw.o(.text)
    raw_remove                               0x08009383   Thumb Code    40  raw.o(.text)
    raw_new                                  0x080093ab   Thumb Code    38  raw.o(.text)
    tcp_init                                 0x08009455   Thumb Code     2  tcp.o(.text)
    tcp_seg_free                             0x08009457   Thumb Code    28  tcp.o(.text)
    tcp_segs_free                            0x08009473   Thumb Code    18  tcp.o(.text)
    tcp_pcb_purge                            0x08009485   Thumb Code    58  tcp.o(.text)
    tcp_slowtmr                              0x080094bf   Thumb Code   750  tcp.o(.text)
    tcp_pcb_remove                           0x080097ad   Thumb Code   124  tcp.o(.text)
    tcp_close                                0x08009b55   Thumb Code    18  tcp.o(.text)
    tcp_update_rcv_ann_wnd                   0x08009b67   Thumb Code    80  tcp.o(.text)
    tcp_recved                               0x08009bb7   Thumb Code   112  tcp.o(.text)
    tcp_recv_null                            0x08009c27   Thumb Code    34  tcp.o(.text)
    tcp_process_refused_data                 0x08009c49   Thumb Code   102  tcp.o(.text)
    tcp_fasttmr                              0x08009caf   Thumb Code    90  tcp.o(.text)
    tcp_tmr                                  0x08009d09   Thumb Code    30  tcp.o(.text)
    tcp_shutdown                             0x08009d27   Thumb Code    76  tcp.o(.text)
    tcp_abandon                              0x08009d73   Thumb Code   162  tcp.o(.text)
    tcp_abort                                0x08009e15   Thumb Code     4  tcp.o(.text)
    tcp_bind                                 0x08009f2f   Thumb Code   140  tcp.o(.text)
    tcp_listen_with_backlog                  0x08009fc1   Thumb Code   146  tcp.o(.text)
    tcp_eff_send_mss                         0x0800a053   Thumb Code    32  tcp.o(.text)
    tcp_next_iss                             0x0800a073   Thumb Code    12  tcp.o(.text)
    tcp_connect                              0x0800a07f   Thumb Code   258  tcp.o(.text)
    tcp_setprio                              0x0800a181   Thumb Code     4  tcp.o(.text)
    tcp_alloc                                0x0800a185   Thumb Code   236  tcp.o(.text)
    tcp_new                                  0x0800a271   Thumb Code     4  tcp.o(.text)
    tcp_arg                                  0x0800a275   Thumb Code     4  tcp.o(.text)
    tcp_recv                                 0x0800a279   Thumb Code    34  tcp.o(.text)
    tcp_sent                                 0x0800a29b   Thumb Code    34  tcp.o(.text)
    tcp_err                                  0x0800a2bd   Thumb Code    36  tcp.o(.text)
    tcp_accept                               0x0800a2e1   Thumb Code     4  tcp.o(.text)
    tcp_poll                                 0x0800a2e5   Thumb Code    42  tcp.o(.text)
    tcp_debug_state_str                      0x0800a30f   Thumb Code   302  tcp.o(.text)
    tcp_input                                0x0800aff9   Thumb Code  1182  tcp_in.o(.text)
    tcp_enqueue_flags                        0x0800b673   Thumb Code   286  tcp_out.o(.text)
    tcp_send_fin                             0x0800b791   Thumb Code    66  tcp_out.o(.text)
    tcp_write                                0x0800b8a7   Thumb Code  1430  tcp_out.o(.text)
    tcp_send_empty_ack                       0x0800be3d   Thumb Code    72  tcp_out.o(.text)
    tcp_output                               0x0800c095   Thumb Code   436  tcp_out.o(.text)
    tcp_rst                                  0x0800c249   Thumb Code   144  tcp_out.o(.text)
    tcp_rexmit_rto                           0x0800c2d9   Thumb Code    44  tcp_out.o(.text)
    tcp_rexmit                               0x0800c305   Thumb Code    82  tcp_out.o(.text)
    tcp_rexmit_fast                          0x0800c357   Thumb Code    88  tcp_out.o(.text)
    tcp_keepalive                            0x0800c3af   Thumb Code    60  tcp_out.o(.text)
    tcp_zero_window_probe                    0x0800c3eb   Thumb Code   214  tcp_out.o(.text)
    sys_timeout                              0x0800c4c1   Thumb Code   104  timers.o(.text)
    tcp_timer_needed                         0x0800c54f   Thumb Code    34  timers.o(.text)
    sys_timeouts_init                        0x0800c599   Thumb Code    36  timers.o(.text)
    sys_untimeout                            0x0800c5bd   Thumb Code    68  timers.o(.text)
    sys_check_timeouts                       0x0800c601   Thumb Code    68  timers.o(.text)
    sys_restart_timeouts                     0x0800c645   Thumb Code    12  timers.o(.text)
    udp_init                                 0x0800c6fd   Thumb Code     2  udp.o(.text)
    udp_input                                0x0800c6ff   Thumb Code   356  udp.o(.text)
    udp_bind                                 0x0800c863   Thumb Code   186  udp.o(.text)
    udp_sendto_if                            0x0800c91d   Thumb Code   202  udp.o(.text)
    udp_sendto                               0x0800c9e7   Thumb Code    40  udp.o(.text)
    udp_send                                 0x0800ca0f   Thumb Code     6  udp.o(.text)
    udp_connect                              0x0800ca15   Thumb Code    70  udp.o(.text)
    udp_disconnect                           0x0800ca5b   Thumb Code    16  udp.o(.text)
    udp_recv                                 0x0800ca6b   Thumb Code     6  udp.o(.text)
    udp_remove                               0x0800ca71   Thumb Code    40  udp.o(.text)
    udp_new                                  0x0800ca99   Thumb Code    26  udp.o(.text)
    mem_init                                 0x0800cc0f   Thumb Code    44  mem.o(.text)
    mem_free                                 0x0800cc3b   Thumb Code   108  mem.o(.text)
    mem_trim                                 0x0800cca7   Thumb Code   240  mem.o(.text)
    mem_malloc                               0x0800cd97   Thumb Code   250  mem.o(.text)
    mem_calloc                               0x0800ce91   Thumb Code    26  mem.o(.text)
    sys_now                                  0x0800d0a5   Thumb Code     6  sys_arch.o(.text)
    mymemcpy                                 0x0800d0b1   Thumb Code    18  malloc.o(.text)
    mymemset                                 0x0800d0c3   Thumb Code    12  malloc.o(.text)
    mymem_init                               0x0800d0cf   Thumb Code    52  malloc.o(.text)
    mem_perused                              0x0800d103   Thumb Code    48  malloc.o(.text)
    mymem_malloc                             0x0800d133   Thumb Code   138  malloc.o(.text)
    mymem_free                               0x0800d1bd   Thumb Code    82  malloc.o(.text)
    myfree                                   0x0800d20f   Thumb Code    18  malloc.o(.text)
    mymalloc                                 0x0800d221   Thumb Code    28  malloc.o(.text)
    myrealloc                                0x0800d23d   Thumb Code    54  malloc.o(.text)
    __aeabi_memcpy                           0x0800d27d   Thumb Code    36  memcpya.o(.text)
    __aeabi_memcpy4                          0x0800d27d   Thumb Code     0  memcpya.o(.text)
    __aeabi_memcpy8                          0x0800d27d   Thumb Code     0  memcpya.o(.text)
    __aeabi_memset                           0x0800d2a1   Thumb Code    14  memseta.o(.text)
    __aeabi_memset4                          0x0800d2a1   Thumb Code     0  memseta.o(.text)
    __aeabi_memset8                          0x0800d2a1   Thumb Code     0  memseta.o(.text)
    __aeabi_memclr                           0x0800d2af   Thumb Code     4  memseta.o(.text)
    __aeabi_memclr4                          0x0800d2af   Thumb Code     0  memseta.o(.text)
    __aeabi_memclr8                          0x0800d2af   Thumb Code     0  memseta.o(.text)
    _memset$wrapper                          0x0800d2b3   Thumb Code    18  memseta.o(.text)
    strlen                                   0x0800d2c5   Thumb Code    14  strlen.o(.text)
    memcmp                                   0x0800d2d3   Thumb Code    26  memcmp.o(.text)
    __aeabi_uldivmod                         0x0800d2ed   Thumb Code    98  uldiv.o(.text)
    __scatterload                            0x0800d351   Thumb Code    28  init.o(.text)
    __scatterload_rt2                        0x0800d351   Thumb Code     0  init.o(.text)
    __aeabi_llsl                             0x0800d375   Thumb Code    30  llshl.o(.text)
    _ll_shift_l                              0x0800d375   Thumb Code     0  llshl.o(.text)
    __aeabi_llsr                             0x0800d393   Thumb Code    32  llushr.o(.text)
    _ll_ushift_r                             0x0800d393   Thumb Code     0  llushr.o(.text)
    __decompress                             0x0800d3b3   Thumb Code     0  __dczerorl2.o(.text)
    __decompress1                            0x0800d3b3   Thumb Code    86  __dczerorl2.o(.text)
    __0printf$8                              0x0800d409   Thumb Code    22  printf8.o(i.__0printf$8)
    __1printf$8                              0x0800d409   Thumb Code     0  printf8.o(i.__0printf$8)
    __2printf                                0x0800d409   Thumb Code     0  printf8.o(i.__0printf$8)
    __scatterload_copy                       0x0800d429   Thumb Code    14  handlers.o(i.__scatterload_copy)
    __scatterload_null                       0x0800d437   Thumb Code     2  handlers.o(i.__scatterload_null)
    __scatterload_zeroinit                   0x0800d439   Thumb Code    14  handlers.o(i.__scatterload_zeroinit)
    ethbroadcast                             0x0800d8bc   Data           6  etharp.o(.constdata)
    ethzero                                  0x0800d8c2   Data           6  etharp.o(.constdata)
    ip_addr_any                              0x0800d8c8   Data           4  ip_addr.o(.constdata)
    tcp_persist_backoff                      0x0800d8f4   Data           7  tcp.o(.constdata)
    tcp_state_str                            0x0800d8fc   Data          44  tcp.o(.constdata)
    tcp_backoff                              0x0800d928   Data          13  tcp.o(.constdata)
    tcp_pcb_lists                            0x0800d938   Data          16  tcp.o(.constdata)
    memtblsize                               0x0800d948   Data          12  malloc.o(.constdata)
    memblksize                               0x0800d954   Data          12  malloc.o(.constdata)
    memsize                                  0x0800d960   Data          12  malloc.o(.constdata)
    Region$$Table$$Base                      0x0800dbb0   Number         0  anon$$obj.o(Region$$Table)
    Region$$Table$$Limit                     0x0800dbd0   Number         0  anon$$obj.o(Region$$Table)
    mem3base                                 0x10000000   Data       61440  malloc.o(.ARM.__AT_0x10000000)
    mem3mapbase                              0x1000f000   Data        3840  malloc.o(.ARM.__AT_0x1000F000)
    T_DATABUF                                0x20000000   Data           2  main.o(.data)
    ret                                      0x20000004   Data           4  main.o(.data)
    A_Remain                                 0x20000008   Data           4  main.o(.data)
    B_Remain                                 0x2000000c   Data           4  main.o(.data)
    Flag                                     0x20000010   Data           4  main.o(.data)
    Test                                     0x20000014   Data           4  main.o(.data)
    Tranmit_Flag                             0x20000018   Data           4  main.o(.data)
    SystemCoreClock                          0x2000001c   Data           4  system_stm32f4xx.o(.data)
    AHBPrescTable                            0x20000020   Data          16  system_stm32f4xx.o(.data)
    TCPTimer                                 0x20000030   Data           4  lwip_comm.o(.data)
    ARPTimer                                 0x20000034   Data           4  lwip_comm.o(.data)
    lwip_localtime                           0x20000038   Data           4  lwip_comm.o(.data)
    Matlab_PORT                              0x2000003c   Data           2  udp_demo.o(.data)
    Matlab_IP                                0x2000003e   Data           4  udp_demo.o(.data)
    udp_matlab_recvbuf                       0x20000044   Data           1  udp_demo.o(.data)
    udp_xiaweiji_flag                        0x20000045   Data           1  udp_demo.o(.data)
    Tranmit_Count                            0x20000048   Data           4  udp_demo.o(.data)
    XiaWeiJi_Flag                            0x2000004c   Data           4  udp_demo.o(.data)
    udp_XiaWeiJi_pcb                         0x20000050   Data           4  udp_demo.o(.data)
    gWIZNETINFO                              0x20000054   Data          23  udp_demo.o(.data)
    T_COUNT                                  0x2000006c   Data           4  timer.o(.data)
    QQQ                                      0x20000070   Data           4  timer.o(.data)
    NNN                                      0x20000074   Data           4  timer.o(.data)
    i                                        0x20000078   Data           4  timer.o(.data)
    j                                        0x2000007c   Data           4  timer.o(.data)
    MMM                                      0x20000080   Data           4  timer.o(.data)
    DMARxDscrTab                             0x20000084   Data           4  lan8720.o(.data)
    DMATxDscrTab                             0x20000088   Data           4  lan8720.o(.data)
    Rx_Buff                                  0x2000008c   Data           4  lan8720.o(.data)
    Tx_Buff                                  0x20000090   Data           4  lan8720.o(.data)
    PPP                                      0x2000009c   Data           4  socket.o(.data)
    R_FLAG                                   0x200000a0   Data           4  socket.o(.data)
    Q                                        0x200000a4   Data           4  socket.o(.data)
    R_COUNT                                  0x200000a8   Data           4  socket.o(.data)
    WIZCHIP                                  0x200000bc   Data          32  wizchip_conf.o(.data)
    USART_RX_STA                             0x200000dc   Data           2  usart.o(.data)
    __stdout                                 0x200000e0   Data           4  usart.o(.data)
    DMATxDescToSet                           0x200000f8   Data           4  stm32f4x7_eth.o(.data)
    DMARxDescToGet                           0x200000fc   Data           4  stm32f4x7_eth.o(.data)
    DMA_RX_FRAME_infos                       0x20000100   Data           4  stm32f4x7_eth.o(.data)
    sys_cmd_tab                              0x20000108   Data          28  usmart.o(.data)
    usmart_nametab                           0x20000124   Data          48  usmart_config.o(.data)
    usmart_dev                               0x20000154   Data         244  usmart_config.o(.data)
    current_netif                            0x20000250   Data           4  ip.o(.data)
    current_header                           0x20000254   Data           4  ip.o(.data)
    current_iphdr_src                        0x20000258   Data           4  ip.o(.data)
    current_iphdr_dest                       0x2000025c   Data           4  ip.o(.data)
    memp_memory                              0x20000268   Data           4  memp.o(.data)
    netif_list                               0x20000270   Data           4  netif.o(.data)
    netif_default                            0x20000274   Data           4  netif.o(.data)
    tcp_active_pcbs_changed                  0x2000027c   Data           1  tcp.o(.data)
    tcp_ticks                                0x20000288   Data           4  tcp.o(.data)
    tcp_bound_pcbs                           0x2000028c   Data           4  tcp.o(.data)
    tcp_listen_pcbs                          0x20000290   Data           4  tcp.o(.data)
    tcp_active_pcbs                          0x20000294   Data           4  tcp.o(.data)
    tcp_tw_pcbs                              0x20000298   Data           4  tcp.o(.data)
    tcp_tmp_pcb                              0x2000029c   Data           4  tcp.o(.data)
    tcp_input_pcb                            0x200002b8   Data           4  tcp_in.o(.data)
    udp_pcbs                                 0x200002cc   Data           4  udp.o(.data)
    ram_heap                                 0x200002d0   Data           4  mem.o(.data)
    mallco_dev                               0x200002e0   Data          36  malloc.o(.data)
    T_XiaWeiJi_A                             0x20000304   Data        1950  main.o(.bss)
    T_XiaWeiJi_B                             0x20000aa2   Data        1950  main.o(.bss)
    lwipdev                                  0x20001240   Data          23  lwip_comm.o(.bss)
    lwip_netif                               0x20001258   Data          48  lwip_comm.o(.bss)
    USART_RX_BUF                             0x20001298   Data         200  usart.o(.bss)
    RX_Frame_Descriptor                      0x20001360   Data          12  stm32f4x7_eth.o(.bss)
    mem1base                                 0x2000147c   Data       102400  malloc.o(.bss)
    mem1mapbase                              0x2001a47c   Data        6400  malloc.o(.bss)
    __initial_sp                             0x2001c180   Data           0  startup_stm32f40_41xxx.o(STACK)
    mem2base                                 0x68000000   Data       204800  malloc.o(.ARM.__AT_0x68000000)
    mem2mapbase                              0x68032000   Data       12800  malloc.o(.ARM.__AT_0x68032000)



==============================================================================

Memory Map of the image

  Image Entry point : 0x08000189

  Load Region LR_IROM1 (Base: 0x08000000, Size: 0x0000ded4, Max: 0x00100000, ABSOLUTE, COMPRESSED[0x0000dca8])

    Execution Region ER_IROM1 (Exec base: 0x08000000, Load base: 0x08000000, Size: 0x0000dbd0, Max: 0x00100000, ABSOLUTE)

    Exec Addr    Load Addr    Size         Type   Attr      Idx    E Section Name        Object

    0x08000000   0x08000000   0x00000188   Data   RO         1060    RESET               startup_stm32f40_41xxx.o
    0x08000188   0x08000188   0x00000000   Code   RO         2114  * .ARM.Collect$$$$00000000  mc_w.l(entry.o)
    0x08000188   0x08000188   0x00000004   Code   RO         2394    .ARM.Collect$$$$00000001  mc_w.l(entry2.o)
    0x0800018c   0x0800018c   0x00000004   Code   RO         2397    .ARM.Collect$$$$00000004  mc_w.l(entry5.o)
    0x08000190   0x08000190   0x00000000   Code   RO         2399    .ARM.Collect$$$$00000008  mc_w.l(entry7b.o)
    0x08000190   0x08000190   0x00000000   Code   RO         2401    .ARM.Collect$$$$0000000A  mc_w.l(entry8b.o)
    0x08000190   0x08000190   0x00000008   Code   RO         2402    .ARM.Collect$$$$0000000B  mc_w.l(entry9a.o)
    0x08000198   0x08000198   0x00000000   Code   RO         2404    .ARM.Collect$$$$0000000D  mc_w.l(entry10a.o)
    0x08000198   0x08000198   0x00000000   Code   RO         2406    .ARM.Collect$$$$0000000F  mc_w.l(entry11a.o)
    0x08000198   0x08000198   0x00000004   Code   RO         2395    .ARM.Collect$$$$00002712  mc_w.l(entry2.o)
    0x0800019c   0x0800019c   0x00000244   Code   RO            3    .text               main.o
    0x080003e0   0x080003e0   0x00000012   Code   RO          257    .text               stm32f4xx_it.o
    0x080003f2   0x080003f2   0x00000002   PAD
    0x080003f4   0x080003f4   0x0000017c   Code   RO          381    .text               system_stm32f4xx.o
    0x08000570   0x08000570   0x00000168   Code   RO          407    .text               lwip_comm.o
    0x080006d8   0x080006d8   0x000001ec   Code   RO          566    .text               udp_demo.o
    0x080008c4   0x080008c4   0x00000060   Code   RO          616    .text               led.o
    0x08000924   0x08000924   0x00000284   Code   RO          743    .text               timer.o
    0x08000ba8   0x08000ba8   0x000002f0   Code   RO          769    .text               lan8720.o
    0x08000e98   0x08000e98   0x000002a4   Code   RO          796    .text               sram.o
    0x0800113c   0x0800113c   0x00000398   Code   RO          818    .text               w5500.o
    0x080014d4   0x080014d4   0x00000b6c   Code   RO          837    .text               socket.o
    0x08002040   0x08002040   0x0000018c   Code   RO          855    .text               spi.o
    0x080021cc   0x080021cc   0x00000594   Code   RO          974    .text               wizchip_conf.o
    0x08002760   0x08002760   0x00000128   Code   RO         1001    .text               usart.o
    0x08002888   0x08002888   0x000000d4   Code   RO         1033    .text               key.o
    0x0800295c   0x0800295c   0x00000024   Code   RO         1061    .text               startup_stm32f40_41xxx.o
    0x08002980   0x08002980   0x000000b0   Code   RO         1067    .text               misc.o
    0x08002a30   0x08002a30   0x00000238   Code   RO         1087    .text               stm32f4xx_gpio.o
    0x08002c68   0x08002c68   0x00000468   Code   RO         1107    .text               stm32f4xx_rcc.o
    0x080030d0   0x080030d0   0x0000007c   Code   RO         1230    .text               stm32f4xx_syscfg.o
    0x0800314c   0x0800314c   0x000009dc   Code   RO         1250    .text               stm32f4xx_tim.o
    0x08003b28   0x08003b28   0x00000454   Code   RO         1271    .text               stm32f4xx_usart.o
    0x08003f7c   0x08003f7c   0x00000ab8   Code   RO         1294    .text               stm32f4x7_eth.o
    0x08004a34   0x08004a34   0x0000047c   Code   RO         1343    .text               stm32f4xx_fsmc.o
    0x08004eb0   0x08004eb0   0x00000320   Code   RO         1363    .text               stm32f4xx_spi.o
    0x080051d0   0x080051d0   0x000000b4   Code   RO         1383    .text               delay.o
    0x08005284   0x08005284   0x00000b00   Code   RO         1423    .text               usmart.o
    0x08005d84   0x08005d84   0x00000428   Code   RO         1490    .text               usmart_str.o
    0x080061ac   0x080061ac   0x00000a98   Code   RO         1509    .text               etharp.o
    0x08006c44   0x08006c44   0x000001dc   Code   RO         1542    .text               ethernetif.o
    0x08006e20   0x08006e20   0x00000330   Code   RO         1588    .text               icmp.o
    0x08007150   0x08007150   0x0000024c   Code   RO         1622    .text               inet_chksum.o
    0x0800739c   0x0800739c   0x00000340   Code   RO         1637    .text               ip.o
    0x080076dc   0x080076dc   0x00000258   Code   RO         1674    .text               ip_addr.o
    0x08007934   0x08007934   0x00000808   Code   RO         1698    .text               ip_frag.o
    0x0800813c   0x0800813c   0x00000010   Code   RO         1712    .text               def.o
    0x0800814c   0x0800814c   0x0000001e   Code   RO         1737    .text               init.o
    0x0800816a   0x0800816a   0x00000002   PAD
    0x0800816c   0x0800816c   0x0000017c   Code   RO         1767    .text               memp.o
    0x080082e8   0x080082e8   0x00000254   Code   RO         1793    .text               netif.o
    0x0800853c   0x0800853c   0x00000d1e   Code   RO         1816    .text               pbuf.o
    0x0800925a   0x0800925a   0x00000002   PAD
    0x0800925c   0x0800925c   0x000001f8   Code   RO         1829    .text               raw.o
    0x08009454   0x08009454   0x00000fe8   Code   RO         1849    .text               tcp.o
    0x0800a43c   0x0800a43c   0x0000111c   Code   RO         1874    .text               tcp_in.o
    0x0800b558   0x0800b558   0x00000f68   Code   RO         1897    .text               tcp_out.o
    0x0800c4c0   0x0800c4c0   0x0000023c   Code   RO         1910    .text               timers.o
    0x0800c6fc   0x0800c6fc   0x00000478   Code   RO         1924    .text               udp.o
    0x0800cb74   0x0800cb74   0x00000530   Code   RO         1943    .text               mem.o
    0x0800d0a4   0x0800d0a4   0x0000000c   Code   RO         1960    .text               sys_arch.o
    0x0800d0b0   0x0800d0b0   0x000001cc   Code   RO         2041    .text               malloc.o
    0x0800d27c   0x0800d27c   0x00000024   Code   RO         2117    .text               mc_w.l(memcpya.o)
    0x0800d2a0   0x0800d2a0   0x00000024   Code   RO         2119    .text               mc_w.l(memseta.o)
    0x0800d2c4   0x0800d2c4   0x0000000e   Code   RO         2125    .text               mc_w.l(strlen.o)
    0x0800d2d2   0x0800d2d2   0x0000001a   Code   RO         2127    .text               mc_w.l(memcmp.o)
    0x0800d2ec   0x0800d2ec   0x00000062   Code   RO         2410    .text               mc_w.l(uldiv.o)
    0x0800d34e   0x0800d34e   0x00000002   PAD
    0x0800d350   0x0800d350   0x00000024   Code   RO         2423    .text               mc_w.l(init.o)
    0x0800d374   0x0800d374   0x0000001e   Code   RO         2425    .text               mc_w.l(llshl.o)
    0x0800d392   0x0800d392   0x00000020   Code   RO         2427    .text               mc_w.l(llushr.o)
    0x0800d3b2   0x0800d3b2   0x00000056   Code   RO         2441    .text               mc_w.l(__dczerorl2.o)
    0x0800d408   0x0800d408   0x00000020   Code   RO         2340    i.__0printf$8       mc_w.l(printf8.o)
    0x0800d428   0x0800d428   0x0000000e   Code   RO         2435    i.__scatterload_copy  mc_w.l(handlers.o)
    0x0800d436   0x0800d436   0x00000002   Code   RO         2436    i.__scatterload_null  mc_w.l(handlers.o)
    0x0800d438   0x0800d438   0x0000000e   Code   RO         2437    i.__scatterload_zeroinit  mc_w.l(handlers.o)
    0x0800d446   0x0800d446   0x00000002   PAD
    0x0800d448   0x0800d448   0x00000410   Code   RO         2347    i._printf_core      mc_w.l(printf8.o)
    0x0800d858   0x0800d858   0x00000024   Code   RO         2348    i._printf_post_padding  mc_w.l(printf8.o)
    0x0800d87c   0x0800d87c   0x0000002e   Code   RO         2349    i._printf_pre_padding  mc_w.l(printf8.o)
    0x0800d8aa   0x0800d8aa   0x00000002   PAD
    0x0800d8ac   0x0800d8ac   0x00000010   Data   RO            5    .constdata          main.o
    0x0800d8bc   0x0800d8bc   0x0000000c   Data   RO         1511    .constdata          etharp.o
    0x0800d8c8   0x0800d8c8   0x00000004   Data   RO         1676    .constdata          ip_addr.o
    0x0800d8cc   0x0800d8cc   0x00000028   Data   RO         1769    .constdata          memp.o
    0x0800d8f4   0x0800d8f4   0x00000054   Data   RO         1850    .constdata          tcp.o
    0x0800d948   0x0800d948   0x00000024   Data   RO         2048    .constdata          malloc.o
    0x0800d96c   0x0800d96c   0x00000028   Data   RO         1424    .conststring        usmart.o
    0x0800d994   0x0800d994   0x00000107   Data   RO         1455    .conststring        usmart_config.o
    0x0800da9b   0x0800da9b   0x00000001   PAD
    0x0800da9c   0x0800da9c   0x00000044   Data   RO         1512    .conststring        etharp.o
    0x0800dae0   0x0800dae0   0x00000075   Data   RO         1851    .conststring        tcp.o
    0x0800db55   0x0800db55   0x00000003   PAD
    0x0800db58   0x0800db58   0x00000055   Data   RO         1898    .conststring        tcp_out.o
    0x0800dbad   0x0800dbad   0x00000003   PAD
    0x0800dbb0   0x0800dbb0   0x00000020   Data   RO         2433    Region$$Table       anon$$obj.o


    Execution Region RW_IRAM1 (Exec base: 0x20000000, Load base: 0x0800dbd0, Size: 0x0001c180, Max: 0x00020000, ABSOLUTE, COMPRESSED[0x000000d8])

    Exec Addr    Load Addr    Size         Type   Attr      Idx    E Section Name        Object

    0x20000000   COMPRESSED   0x00000018   Data   RW            6    .data               main.o
    0x20000018   COMPRESSED   0x00000004   Data   RW            7    .data               main.o
    0x2000001c   COMPRESSED   0x00000014   Data   RW          382    .data               system_stm32f4xx.o
    0x20000030   COMPRESSED   0x0000000c   Data   RW          409    .data               lwip_comm.o
    0x2000003c   COMPRESSED   0x00000002   Data   RW          567    .data               udp_demo.o
    0x2000003e   COMPRESSED   0x00000004   Data   RW          568    .data               udp_demo.o
    0x20000042   COMPRESSED   0x00000002   PAD
    0x20000044   COMPRESSED   0x00000027   Data   RW          569    .data               udp_demo.o
    0x2000006b   COMPRESSED   0x00000001   PAD
    0x2000006c   COMPRESSED   0x00000018   Data   RW          744    .data               timer.o
    0x20000084   COMPRESSED   0x00000010   Data   RW          770    .data               lan8720.o
    0x20000094   COMPRESSED   0x00000020   Data   RW          839    .data               socket.o
    0x200000b4   COMPRESSED   0x00000028   Data   RW          975    .data               wizchip_conf.o
    0x200000dc   COMPRESSED   0x00000002   Data   RW         1003    .data               usart.o
    0x200000de   COMPRESSED   0x00000002   PAD
    0x200000e0   COMPRESSED   0x00000004   Data   RW         1004    .data               usart.o
    0x200000e4   COMPRESSED   0x00000001   Data   RW         1034    .data               key.o
    0x200000e5   COMPRESSED   0x00000010   Data   RW         1108    .data               stm32f4xx_rcc.o
    0x200000f5   COMPRESSED   0x00000003   PAD
    0x200000f8   COMPRESSED   0x0000000c   Data   RW         1296    .data               stm32f4x7_eth.o
    0x20000104   COMPRESSED   0x00000004   Data   RW         1384    .data               delay.o
    0x20000108   COMPRESSED   0x0000001c   Data   RW         1425    .data               usmart.o
    0x20000124   COMPRESSED   0x00000030   Data   RW         1456    .data               usmart_config.o
    0x20000154   COMPRESSED   0x000000f4   Data   RW         1457    .data               usmart_config.o
    0x20000248   COMPRESSED   0x00000001   Data   RW         1513    .data               etharp.o
    0x20000249   COMPRESSED   0x00000003   PAD
    0x2000024c   COMPRESSED   0x00000014   Data   RW         1638    .data               ip.o
    0x20000260   COMPRESSED   0x00000008   Data   RW         1699    .data               ip_frag.o
    0x20000268   COMPRESSED   0x00000004   Data   RW         1770    .data               memp.o
    0x2000026c   COMPRESSED   0x0000000c   Data   RW         1794    .data               netif.o
    0x20000278   COMPRESSED   0x00000004   Data   RW         1830    .data               raw.o
    0x2000027c   COMPRESSED   0x00000024   Data   RW         1852    .data               tcp.o
    0x200002a0   COMPRESSED   0x0000001c   Data   RW         1876    .data               tcp_in.o
    0x200002bc   COMPRESSED   0x0000000c   Data   RW         1911    .data               timers.o
    0x200002c8   COMPRESSED   0x00000008   Data   RW         1925    .data               udp.o
    0x200002d0   COMPRESSED   0x00000010   Data   RW         1944    .data               mem.o
    0x200002e0   COMPRESSED   0x00000024   Data   RW         2049    .data               malloc.o
    0x20000304        -       0x00000f3c   Zero   RW            4    .bss                main.o
    0x20001240        -       0x00000048   Zero   RW          408    .bss                lwip_comm.o
    0x20001288        -       0x00000010   Zero   RW          838    .bss                socket.o
    0x20001298        -       0x000000c8   Zero   RW         1002    .bss                usart.o
    0x20001360        -       0x0000000c   Zero   RW         1295    .bss                stm32f4x7_eth.o
    0x2000136c        -       0x000000c8   Zero   RW         1510    .bss                etharp.o
    0x20001434        -       0x00000010   Zero   RW         1675    .bss                ip_addr.o
    0x20001444        -       0x00000028   Zero   RW         1768    .bss                memp.o
    0x2000146c        -       0x00000010   Zero   RW         1875    .bss                tcp_in.o
    0x2000147c        -       0x00019000   Zero   RW         2046    .bss                malloc.o
    0x2001a47c        -       0x00001900   Zero   RW         2047    .bss                malloc.o
    0x2001bd7c   COMPRESSED   0x00000004   PAD
    0x2001bd80        -       0x00000400   Zero   RW         1058    STACK               startup_stm32f40_41xxx.o



  Load Region LR$$.ARM.__AT_0x10000000 (Base: 0x10000000, Size: 0x00000000, Max: 0x0000f000, ABSOLUTE)

    Execution Region ER$$.ARM.__AT_0x10000000 (Exec base: 0x10000000, Load base: 0x10000000, Size: 0x0000f000, Max: 0x0000f000, ABSOLUTE, UNINIT)

    Exec Addr    Load Addr    Size         Type   Attr      Idx    E Section Name        Object

    0x10000000        -       0x0000f000   Zero   RW         2042    .ARM.__AT_0x10000000  malloc.o



  Load Region LR$$.ARM.__AT_0x1000F000 (Base: 0x1000f000, Size: 0x00000000, Max: 0x00000f00, ABSOLUTE)

    Execution Region ER$$.ARM.__AT_0x1000F000 (Exec base: 0x1000f000, Load base: 0x1000f000, Size: 0x00000f00, Max: 0x00000f00, ABSOLUTE, UNINIT)

    Exec Addr    Load Addr    Size         Type   Attr      Idx    E Section Name        Object

    0x1000f000        -       0x00000f00   Zero   RW         2043    .ARM.__AT_0x1000F000  malloc.o



  Load Region LR$$.ARM.__AT_0x68000000 (Base: 0x68000000, Size: 0x00000000, Max: 0x00032000, ABSOLUTE)

    Execution Region ER$$.ARM.__AT_0x68000000 (Exec base: 0x68000000, Load base: 0x68000000, Size: 0x00032000, Max: 0x00032000, ABSOLUTE, UNINIT)

    Exec Addr    Load Addr    Size         Type   Attr      Idx    E Section Name        Object

    0x68000000        -       0x00032000   Zero   RW         2044    .ARM.__AT_0x68000000  malloc.o



  Load Region LR$$.ARM.__AT_0x68032000 (Base: 0x68032000, Size: 0x00000000, Max: 0x00003200, ABSOLUTE)

    Execution Region ER$$.ARM.__AT_0x68032000 (Exec base: 0x68032000, Load base: 0x68032000, Size: 0x00003200, Max: 0x00003200, ABSOLUTE, UNINIT)

    Exec Addr    Load Addr    Size         Type   Attr      Idx    E Section Name        Object

    0x68032000        -       0x00003200   Zero   RW         2045    .ARM.__AT_0x68032000  malloc.o


==============================================================================

Image component sizes


      Code (inc. data)   RO Data    RW Data    ZI Data      Debug   Object Name

        16          0          0          0          0       1512   def.o
       180          4          0          4          0       1513   delay.o
      2712        590         80          1        200      10969   etharp.o
       476        132          0          0          0       5050   ethernetif.o
       816        374          0          0          0       2582   icmp.o
         0          0          0          0          0       3884   inet.o
       588        104          0          0          0       3329   inet_chksum.o
        30          0          0          0          0        596   init.o
       832        158          0         20          0       7287   ip.o
       600        112          4          0         16       9771   ip_addr.o
      2056        462          0          8          0       7164   ip_frag.o
       212         22          0          1          0        960   key.o
       752         42          0         16          0       3909   lan8720.o
        96          4          0          0          0     242759   led.o
       360         30          0         12         72     292784   lwip_comm.o
       580         88         16         28       3900     267274   main.o
       460         10         36         36     391680       5369   malloc.o
      1328        506          0         16          0       4094   mem.o
       380        192         40          4         40       3156   memp.o
       176         12          0          0          0       2181   misc.o
       596        118          0         12          0       6859   netif.o
      3358       1236          0          0          0       9951   pbuf.o
       504        132          0          4          0       3733   raw.o
      2924         56          0         32         16       8746   socket.o
       396         14          0          0          0     267308   spi.o
       676         18          0          0          0       2423   sram.o
        36          8        392          0       1024        876   startup_stm32f40_41xxx.o
      2744         84          0         12         12      21032   stm32f4x7_eth.o
      1148          4          0          0          0       6195   stm32f4xx_fsmc.o
       568         46          0          0          0       4757   stm32f4xx_gpio.o
        18          0          0          0          0      59382   stm32f4xx_it.o
      1128         48          0         16          0     256138   stm32f4xx_rcc.o
       800         34          0          0          0       7525   stm32f4xx_spi.o
       124         16          0          0          0       2017   stm32f4xx_syscfg.o
      2524         52          0          0          0      23270   stm32f4xx_tim.o
      1108         34          0          0          0       8092   stm32f4xx_usart.o
        12          6          0          0          0        534   sys_arch.o
       380         36          0         20          0       2059   system_stm32f4xx.o
      4072        992        201         36          0      22669   tcp.o
      4380        810          0         28         16      15195   tcp_in.o
      3944        862         85          0          0      11107   tcp_out.o
       644         60          0         24          0       2462   timer.o
       572        172          0         12          0       2891   timers.o
      1144        194          0          8          0       7504   udp.o
       492         38          0         45          0       5945   udp_demo.o
       296         16          0          6        200       3434   usart.o
      2816       1296         40         28          0       4792   usmart.o
         0          0        263        292          0       1688   usmart_config.o
      1064         12          0          0          0       6127   usmart_str.o
       920          6          0          0          0       3606   w5500.o
      1428         34          0         40          0      12352   wizchip_conf.o

    ----------------------------------------------------------------------
     53472       9276       1196        772     397180    1666812   Object Totals
         0          0         32          0          0          0   (incl. Generated)
         6          0          7         11          4          0   (incl. Padding)

    ----------------------------------------------------------------------

      Code (inc. data)   RO Data    RW Data    ZI Data      Debug   Library Member Name

        86          0          0          0          0          0   __dczerorl2.o
         0          0          0          0          0          0   entry.o
         0          0          0          0          0          0   entry10a.o
         0          0          0          0          0          0   entry11a.o
         8          4          0          0          0          0   entry2.o
         4          0          0          0          0          0   entry5.o
         0          0          0          0          0          0   entry7b.o
         0          0          0          0          0          0   entry8b.o
         8          4          0          0          0          0   entry9a.o
        30          0          0          0          0          0   handlers.o
        36          8          0          0          0         68   init.o
        30          0          0          0          0         68   llshl.o
        32          0          0          0          0         68   llushr.o
        26          0          0          0          0         80   memcmp.o
        36          0          0          0          0         68   memcpya.o
        36          0          0          0          0        108   memseta.o
      1154         54          0          0          0        352   printf8.o
        14          0          0          0          0         68   strlen.o
        98          0          0          0          0         92   uldiv.o

    ----------------------------------------------------------------------
      1604         70          0          0          0        972   Library Totals
         6          0          0          0          0          0   (incl. Padding)

    ----------------------------------------------------------------------

      Code (inc. data)   RO Data    RW Data    ZI Data      Debug   Library Name

      1598         70          0          0          0        972   mc_w.l

    ----------------------------------------------------------------------
      1604         70          0          0          0        972   Library Totals

    ----------------------------------------------------------------------

==============================================================================


      Code (inc. data)   RO Data    RW Data    ZI Data      Debug   

     55076       9346       1196        772     397180    1656452   Grand Totals
     55076       9346       1196        216     397180    1656452   ELF Image Totals (compressed)
     55076       9346       1196        216          0          0   ROM Totals

==============================================================================

    Total RO  Size (Code + RO Data)                56272 (  54.95kB)
    Total RW  Size (RW Data + ZI Data)            397952 ( 388.63kB)
    Total ROM Size (Code + RO Data + RW Data)      56488 (  55.16kB)

==============================================================================

